Archive member included because of file (symbol)

c:/program files (x86)/atollic/truestudio for stmicroelectronics stm32 lite 2.3.0/armtools/bin/../lib/gcc/arm-atollic-eabi/4.5.1/../../../../arm-atollic-eabi/lib/thumb/cortex-m4/fpv4-sp-d16\libm.a(lib_a-s_cos.o)
                              Libraries\IMU_Sensors\src\IMU_Vectors.o (cos)
c:/program files (x86)/atollic/truestudio for stmicroelectronics stm32 lite 2.3.0/armtools/bin/../lib/gcc/arm-atollic-eabi/4.5.1/../../../../arm-atollic-eabi/lib/thumb/cortex-m4/fpv4-sp-d16\libm.a(lib_a-s_sin.o)
                              Libraries\IMU_Sensors\src\IMU_Vectors.o (sin)
c:/program files (x86)/atollic/truestudio for stmicroelectronics stm32 lite 2.3.0/armtools/bin/../lib/gcc/arm-atollic-eabi/4.5.1/../../../../arm-atollic-eabi/lib/thumb/cortex-m4/fpv4-sp-d16\libm.a(lib_a-w_asin.o)
                              Libraries\IMU_Sensors\src\IMU_DCM.o (asin)
c:/program files (x86)/atollic/truestudio for stmicroelectronics stm32 lite 2.3.0/armtools/bin/../lib/gcc/arm-atollic-eabi/4.5.1/../../../../arm-atollic-eabi/lib/thumb/cortex-m4/fpv4-sp-d16\libm.a(lib_a-w_atan2.o)
                              Libraries\IMU_Sensors\src\IMU_DCM.o (atan2)
c:/program files (x86)/atollic/truestudio for stmicroelectronics stm32 lite 2.3.0/armtools/bin/../lib/gcc/arm-atollic-eabi/4.5.1/../../../../arm-atollic-eabi/lib/thumb/cortex-m4/fpv4-sp-d16\libm.a(lib_a-w_pow.o)
                              src\main.o (pow)
c:/program files (x86)/atollic/truestudio for stmicroelectronics stm32 lite 2.3.0/armtools/bin/../lib/gcc/arm-atollic-eabi/4.5.1/../../../../arm-atollic-eabi/lib/thumb/cortex-m4/fpv4-sp-d16\libm.a(lib_a-w_sqrt.o)
                              Libraries\IMU_Sensors\src\IMU_DCM.o (sqrt)
c:/program files (x86)/atollic/truestudio for stmicroelectronics stm32 lite 2.3.0/armtools/bin/../lib/gcc/arm-atollic-eabi/4.5.1/../../../../arm-atollic-eabi/lib/thumb/cortex-m4/fpv4-sp-d16\libm.a(lib_a-e_asin.o)
                              c:/program files (x86)/atollic/truestudio for stmicroelectronics stm32 lite 2.3.0/armtools/bin/../lib/gcc/arm-atollic-eabi/4.5.1/../../../../arm-atollic-eabi/lib/thumb/cortex-m4/fpv4-sp-d16\libm.a(lib_a-w_asin.o) (__ieee754_asin)
c:/program files (x86)/atollic/truestudio for stmicroelectronics stm32 lite 2.3.0/armtools/bin/../lib/gcc/arm-atollic-eabi/4.5.1/../../../../arm-atollic-eabi/lib/thumb/cortex-m4/fpv4-sp-d16\libm.a(lib_a-e_atan2.o)
                              c:/program files (x86)/atollic/truestudio for stmicroelectronics stm32 lite 2.3.0/armtools/bin/../lib/gcc/arm-atollic-eabi/4.5.1/../../../../arm-atollic-eabi/lib/thumb/cortex-m4/fpv4-sp-d16\libm.a(lib_a-w_atan2.o) (__ieee754_atan2)
c:/program files (x86)/atollic/truestudio for stmicroelectronics stm32 lite 2.3.0/armtools/bin/../lib/gcc/arm-atollic-eabi/4.5.1/../../../../arm-atollic-eabi/lib/thumb/cortex-m4/fpv4-sp-d16\libm.a(lib_a-e_pow.o)
                              c:/program files (x86)/atollic/truestudio for stmicroelectronics stm32 lite 2.3.0/armtools/bin/../lib/gcc/arm-atollic-eabi/4.5.1/../../../../arm-atollic-eabi/lib/thumb/cortex-m4/fpv4-sp-d16\libm.a(lib_a-w_pow.o) (__ieee754_pow)
c:/program files (x86)/atollic/truestudio for stmicroelectronics stm32 lite 2.3.0/armtools/bin/../lib/gcc/arm-atollic-eabi/4.5.1/../../../../arm-atollic-eabi/lib/thumb/cortex-m4/fpv4-sp-d16\libm.a(lib_a-e_rem_pio2.o)
                              c:/program files (x86)/atollic/truestudio for stmicroelectronics stm32 lite 2.3.0/armtools/bin/../lib/gcc/arm-atollic-eabi/4.5.1/../../../../arm-atollic-eabi/lib/thumb/cortex-m4/fpv4-sp-d16\libm.a(lib_a-s_cos.o) (__ieee754_rem_pio2)
c:/program files (x86)/atollic/truestudio for stmicroelectronics stm32 lite 2.3.0/armtools/bin/../lib/gcc/arm-atollic-eabi/4.5.1/../../../../arm-atollic-eabi/lib/thumb/cortex-m4/fpv4-sp-d16\libm.a(lib_a-e_sqrt.o)
                              c:/program files (x86)/atollic/truestudio for stmicroelectronics stm32 lite 2.3.0/armtools/bin/../lib/gcc/arm-atollic-eabi/4.5.1/../../../../arm-atollic-eabi/lib/thumb/cortex-m4/fpv4-sp-d16\libm.a(lib_a-w_sqrt.o) (__ieee754_sqrt)
c:/program files (x86)/atollic/truestudio for stmicroelectronics stm32 lite 2.3.0/armtools/bin/../lib/gcc/arm-atollic-eabi/4.5.1/../../../../arm-atollic-eabi/lib/thumb/cortex-m4/fpv4-sp-d16\libm.a(lib_a-k_cos.o)
                              c:/program files (x86)/atollic/truestudio for stmicroelectronics stm32 lite 2.3.0/armtools/bin/../lib/gcc/arm-atollic-eabi/4.5.1/../../../../arm-atollic-eabi/lib/thumb/cortex-m4/fpv4-sp-d16\libm.a(lib_a-s_cos.o) (__kernel_cos)
c:/program files (x86)/atollic/truestudio for stmicroelectronics stm32 lite 2.3.0/armtools/bin/../lib/gcc/arm-atollic-eabi/4.5.1/../../../../arm-atollic-eabi/lib/thumb/cortex-m4/fpv4-sp-d16\libm.a(lib_a-k_rem_pio2.o)
[...]
Memory Configuration

Name             Origin             Length             Attributes
FLASH            0x08000000         0x00100000         xr
RAM              0x20000000         0x00020000         xrw
MEMORY_B1        0x60000000         0x00000000         xr
*default*        0x00000000         0xffffffff

Linker script and memory map

LOAD c:/program files (x86)/atollic/truestudio for stmicroelectronics stm32 lite 2.3.0/armtools/bin/../lib/gcc/arm-atollic-eabi/4.5.1/thumb/cortex-m4/fpv4-sp-d16/crti.o
LOAD c:/program files (x86)/atollic/truestudio for stmicroelectronics stm32 lite 2.3.0/armtools/bin/../lib/gcc/arm-atollic-eabi/4.5.1/thumb/cortex-m4/fpv4-sp-d16/crtbegin.o
LOAD src\system_stm32f4xx.o
LOAD src\stm32f4xx_it.o
LOAD src\startup_stm32f4xx.o
LOAD src\main.o
LOAD Libraries\nRF24\src\nRF24_SPI.o
LOAD Libraries\nRF24\src\nRF24_Package.o
LOAD Libraries\nRF24\src\nRF24.o
LOAD Libraries\Ultrasonic_Sensor\src\Ultrasonic_Sensor.o
LOAD Libraries\Serial\src\Serial.o
LOAD Libraries\STM32F4xx_StdPeriph_Driver\src\stm32f4xx_wwdg.o
LOAD Libraries\STM32F4xx_StdPeriph_Driver\src\stm32f4xx_usart.o
LOAD Libraries\STM32F4xx_StdPeriph_Driver\src\stm32f4xx_tim.o
LOAD Libraries\STM32F4xx_StdPeriph_Driver\src\stm32f4xx_syscfg.o
LOAD Libraries\STM32F4xx_StdPeriph_Driver\src\stm32f4xx_spi.o
LOAD Libraries\STM32F4xx_StdPeriph_Driver\src\stm32f4xx_sdio.o
LOAD Libraries\STM32F4xx_StdPeriph_Driver\src\stm32f4xx_rtc.o
LOAD Libraries\STM32F4xx_StdPeriph_Driver\src\stm32f4xx_rng.o
LOAD Libraries\STM32F4xx_StdPeriph_Driver\src\stm32f4xx_rcc.o
LOAD Libraries\STM32F4xx_StdPeriph_Driver\src\stm32f4xx_pwr.o
LOAD Libraries\STM32F4xx_StdPeriph_Driver\src\stm32f4xx_iwdg.o
LOAD Libraries\STM32F4xx_StdPeriph_Driver\src\stm32f4xx_i2c.o
LOAD Libraries\STM32F4xx_StdPeriph_Driver\src\stm32f4xx_hash_sha1.o
LOAD Libraries\STM32F4xx_StdPeriph_Driver\src\stm32f4xx_hash_md5.o
LOAD Libraries\STM32F4xx_StdPeriph_Driver\src\stm32f4xx_hash.o
LOAD Libraries\STM32F4xx_StdPeriph_Driver\src\stm32f4xx_gpio.o
LOAD Libraries\STM32F4xx_StdPeriph_Driver\src\stm32f4xx_fsmc.o
LOAD Libraries\STM32F4xx_StdPeriph_Driver\src\stm32f4xx_flash.o
LOAD Libraries\STM32F4xx_StdPeriph_Driver\src\stm32f4xx_exti.o
LOAD Libraries\STM32F4xx_StdPeriph_Driver\src\stm32f4xx_dma.o
LOAD Libraries\STM32F4xx_StdPeriph_Driver\src\stm32f4xx_dcmi.o
LOAD Libraries\STM32F4xx_StdPeriph_Driver\src\stm32f4xx_dbgmcu.o
LOAD Libraries\STM32F4xx_StdPeriph_Driver\src\stm32f4xx_dac.o
LOAD Libraries\STM32F4xx_StdPeriph_Driver\src\stm32f4xx_cryp_tdes.o
LOAD Libraries\STM32F4xx_StdPeriph_Driver\src\stm32f4xx_cryp_des.o
LOAD Libraries\STM32F4xx_StdPeriph_Driver\src\stm32f4xx_cryp_aes.o
LOAD Libraries\STM32F4xx_StdPeriph_Driver\src\stm32f4xx_cryp.o
LOAD Libraries\STM32F4xx_StdPeriph_Driver\src\stm32f4xx_crc.o
LOAD Libraries\STM32F4xx_StdPeriph_Driver\src\stm32f4xx_can.o
LOAD Libraries\STM32F4xx_StdPeriph_Driver\src\stm32f4xx_adc.o
LOAD Libraries\STM32F4xx_StdPeriph_Driver\src\misc.o
LOAD Libraries\RC_Receiver\src\RC_Receiver.o
LOAD Libraries\PID\src\PID.o
LOAD Libraries\IO_Devices\src\IO_Devices.o
LOAD Libraries\IMU_Sensors\src\IMU_Vectors.o
LOAD Libraries\IMU_Sensors\src\IMU_Sensors.o
LOAD Libraries\IMU_Sensors\src\IMU_I2C.o
LOAD Libraries\IMU_Sensors\src\IMU_DCM.o
LOAD Libraries\IMU_Sensors\src\IMU_Calibration.o
LOAD Libraries\IMU_Sensors\src\IMU.o
LOAD Libraries\ESC\src\ESC.o
LOAD Libraries\Delay\Delay.o
LOAD Libraries\BMP085\src\BMP085.o
LOAD c:/program files (x86)/atollic/truestudio for stmicroelectronics stm32 lite 2.3.0/armtools/bin/../lib/gcc/arm-atollic-eabi/4.5.1/../../../../arm-atollic-eabi/lib/thumb/cortex-m4/fpv4-sp-d16\libm.a
                0x00001000                malloc_getpagesize_P = 0x1000
START GROUP
LOAD c:/program files (x86)/atollic/truestudio for stmicroelectronics stm32 lite 2.3.0/armtools/bin/../lib/gcc/arm-atollic-eabi/4.5.1/thumb/cortex-m4/fpv4-sp-d16\libgcc.a
LOAD c:/program files (x86)/atollic/truestudio for stmicroelectronics stm32 lite 2.3.0/armtools/bin/../lib/gcc/arm-atollic-eabi/4.5.1/../../../../arm-atollic-eabi/lib/thumb/cortex-m4/fpv4-sp-d16\libc.a
END GROUP
LOAD c:/program files (x86)/atollic/truestudio for stmicroelectronics stm32 lite 2.3.0/armtools/bin/../lib/gcc/arm-atollic-eabi/4.5.1/thumb/cortex-m4/fpv4-sp-d16/crtend.o
LOAD c:/program files (x86)/atollic/truestudio for stmicroelectronics stm32 lite 2.3.0/armtools/bin/../lib/gcc/arm-atollic-eabi/4.5.1/thumb/cortex-m4/fpv4-sp-d16/crtn.o
                0x20020000                _estack = 0x20020000
                0x00000000                _Min_Heap_Size = 0x0
                0x00000400                _Min_Stack_Size = 0x400

.isr_vector     0x08000000      0x188
                0x08000000                . = ALIGN (0x4)
 *(.isr_vector)
 .isr_vector    0x08000000      0x188 src\startup_stm32f4xx.o
                0x08000000                g_pfnVectors
                0x08000188                . = ALIGN (0x4)

.text           0x08000188     0xbb40
                0x08000188                . = ALIGN (0x4)
 *(.text)
 .text          0x08000188       0x30 c:/program files (x86)/atollic/truestudio for stmicroelectronics stm32 lite 2.3.0/armtools/bin/../lib/gcc/arm-atollic-eabi/4.5.1/thumb/cortex-m4/fpv4-sp-d16/crtbegin.o
 .text          0x080001b8      0x370 c:/program files (x86)/atollic/truestudio for stmicroelectronics stm32 lite 2.3.0/armtools/bin/../lib/gcc/arm-atollic-eabi/4.5.1/thumb/cortex-m4/fpv4-sp-d16\libgcc.a(_arm_addsubdf3.o)
                0x080001b8                __aeabi_drsub
                0x080001c0                __aeabi_dsub
                0x080001c0                __subdf3
                0x080001c4                __aeabi_dadd
                0x080001c4                __adddf3
                0x0800043c                __floatunsidf
                0x0800043c                __aeabi_ui2d
                0x0800045c                __floatsidf
                0x0800045c                __aeabi_i2d
                0x08000480                __aeabi_f2d
                0x08000480                __extendsfdf2
                0x080004bc                __floatundidf
                0x080004bc                __aeabi_ul2d
                0x080004cc                __floatdidf
                0x080004cc                __aeabi_l2d
 .text          0x08000528      0x424 c:/program files (x86)/atollic/truestudio for stmicroelectronics stm32 lite 2.3.0/armtools/bin/../lib/gcc/arm-atollic-eabi/4.5.1/thumb/cortex-m4/fpv4-sp-d16\libgcc.a(_arm_muldivdf3.o)
                0x08000528                __aeabi_dmul
                0x08000528                __muldf3
                0x0800077c                __divdf3
                0x0800077c                __aeabi_ddiv
 .text          0x0800094c      0x110 c:/program files (x86)/atollic/truestudio for stmicroelectronics stm32 lite 2.3.0/armtools/bin/../lib/gcc/arm-atollic-eabi/4.5.1/thumb/cortex-m4/fpv4-sp-d16\libgcc.a(_arm_cmpdf2.o)
                0x0800094c                __gtdf2
                0x0800094c                __gedf2
                0x08000954                __ltdf2
                0x08000954                __ledf2
                0x0800095c                __nedf2
                0x0800095c                __eqdf2
                0x0800095c                __cmpdf2
                0x080009d8                __aeabi_cdrcmple
                0x080009e8                __aeabi_cdcmpeq
                0x080009e8                __aeabi_cdcmple
                0x080009f8                __aeabi_dcmpeq
                0x08000a0c                __aeabi_dcmplt
                0x08000a20                __aeabi_dcmple
                0x08000a34                __aeabi_dcmpge
                0x08000a48                __aeabi_dcmpgt
 .text          0x08000a5c       0x50 c:/program files (x86)/atollic/truestudio for stmicroelectronics stm32 lite 2.3.0/armtools/bin/../lib/gcc/arm-atollic-eabi/4.5.1/thumb/cortex-m4/fpv4-sp-d16\libgcc.a(_arm_fixdfsi.o)
                0x08000a5c                __aeabi_d2iz
                0x08000a5c                __fixdfsi
 .text          0x08000aac       0x40 c:/program files (x86)/atollic/truestudio for stmicroelectronics stm32 lite 2.3.0/armtools/bin/../lib/gcc/arm-atollic-eabi/4.5.1/thumb/cortex-m4/fpv4-sp-d16\libgcc.a(_arm_fixunsdfsi.o)
                0x08000aac                __aeabi_d2uiz
                0x08000aac                __fixunsdfsi
 .text          0x08000aec       0xa0 c:/program files (x86)/atollic/truestudio for stmicroelectronics stm32 lite 2.3.0/armtools/bin/../lib/gcc/arm-atollic-eabi/4.5.1/thumb/cortex-m4/fpv4-sp-d16\libgcc.a(_arm_truncdfsf2.o)
                0x08000aec                __truncdfsf2
                0x08000aec                __aeabi_d2f
 .text          0x08000b8c       0x2c c:/program files (x86)/atollic/truestudio for stmicroelectronics stm32 lite 2.3.0/armtools/bin/../lib/gcc/arm-atollic-eabi/4.5.1/thumb/cortex-m4/fpv4-sp-d16\libgcc.a(_aeabi_uldivmod.o)
                0x08000b8c                __aeabi_uldivmod
 .text          0x08000bb8       0x58 c:/program files (x86)/atollic/truestudio for stmicroelectronics stm32 lite 2.3.0/armtools/bin/../lib/gcc/arm-atollic-eabi/4.5.1/thumb/cortex-m4/fpv4-sp-d16\libgcc.a(bpabi.o)
                0x08000bb8                __gnu_ldivmod_helper
                0x08000be4                __gnu_uldivmod_helper
 .text          0x08000c10        0x4 c:/program files (x86)/atollic/truestudio for stmicroelectronics stm32 lite 2.3.0/armtools/bin/../lib/gcc/arm-atollic-eabi/4.5.1/thumb/cortex-m4/fpv4-sp-d16\libgcc.a(_dvmd_tls.o)
                0x08000c10                __aeabi_idiv0
                0x08000c10                __aeabi_ldiv0
 .text          0x08000c14      0x2b8 c:/program files (x86)/atollic/truestudio for stmicroelectronics stm32 lite 2.3.0/armtools/bin/../lib/gcc/arm-atollic-eabi/4.5.1/thumb/cortex-m4/fpv4-sp-d16\libgcc.a(_divdi3.o)
                0x08000c14                __divdi3
 .text          0x08000ecc      0x26c c:/program files (x86)/atollic/truestudio for stmicroelectronics stm32 lite 2.3.0/armtools/bin/../lib/gcc/arm-atollic-eabi/4.5.1/thumb/cortex-m4/fpv4-sp-d16\libgcc.a(_udivdi3.o)
                0x08000ecc                __udivdi3
 *(.text*)
 .text.SystemInit
                0x08001138      0x130 src\system_stm32f4xx.o
                0x08001138                SystemInit
 .text.NMI_Handler
                0x08001268        0x4 src\stm32f4xx_it.o
                0x08001268                NMI_Handler
 .text.HardFault_Handler
                0x0800126c        0x4 src\stm32f4xx_it.o
                0x0800126c                HardFault_Handler
 .text.MemManage_Handler
                0x08001270        0x4 src\stm32f4xx_it.o
                0x08001270                MemManage_Handler
 .text.BusFault_Handler
                0x08001274        0x4 src\stm32f4xx_it.o
                0x08001274                BusFault_Handler
 .text.UsageFault_Handler
                0x08001278        0x4 src\stm32f4xx_it.o
                0x08001278                UsageFault_Handler
 .text.SVC_Handler
                0x0800127c        0x4 src\stm32f4xx_it.o
                0x0800127c                SVC_Handler
 .text.DebugMon_Handler
                0x08001280        0x4 src\stm32f4xx_it.o
                0x08001280                DebugMon_Handler
 .text.PendSV_Handler
                0x08001284        0x4 src\stm32f4xx_it.o
                0x08001284                PendSV_Handler
 .text.SysTick_Handler
                0x08001288       0x10 src\stm32f4xx_it.o
                0x08001288                SysTick_Handler
 .text.Reset_Handler
                0x08001298       0x48 src\startup_stm32f4xx.o
                0x08001298                Reset_Handler
 .text.Default_Handler
                0x080012e0        0x2 src\startup_stm32f4xx.o
                0x080012e0                RTC_Alarm_IRQHandler
                0x080012e0                HASH_RNG_IRQHandler
                0x080012e0                EXTI2_IRQHandler
                0x080012e0                TIM8_CC_IRQHandler
                0x080012e0                DMA2_Stream5_IRQHandler
                0x080012e0                DMA1_Stream5_IRQHandler
                0x080012e0                PVD_IRQHandler
                0x080012e0                SDIO_IRQHandler
                0x080012e0                TAMP_STAMP_IRQHandler
                0x080012e0                CAN2_RX1_IRQHandler
                0x080012e0                EXTI3_IRQHandler
                0x080012e0                TIM8_TRG_COM_TIM14_IRQHandler
                0x080012e0                TIM8_UP_TIM13_IRQHandler
                0x080012e0                I2C3_ER_IRQHandler
                0x080012e0                EXTI0_IRQHandler
                0x080012e0                I2C2_EV_IRQHandler
                0x080012e0                DMA1_Stream2_IRQHandler
                0x080012e0                CAN1_RX0_IRQHandler
                0x080012e0                FPU_IRQHandler
                0x080012e0                OTG_HS_WKUP_IRQHandler
                0x080012e0                CAN2_SCE_IRQHandler
                0x080012e0                DMA2_Stream2_IRQHandler
                0x080012e0                SPI1_IRQHandler
                0x080012e0                TIM6_DAC_IRQHandler
                0x080012e0                TIM1_BRK_TIM9_IRQHandler
                0x080012e0                DCMI_IRQHandler
                0x080012e0                CAN2_RX0_IRQHandler
                0x080012e0                DMA2_Stream3_IRQHandler
                0x080012e0                USART6_IRQHandler
                0x080012e0                CRYP_IRQHandler
                0x080012e0                CAN1_RX1_IRQHandler
                0x080012e0                UART5_IRQHandler
                0x080012e0                DMA2_Stream0_IRQHandler
                0x080012e0                I2C1_EV_IRQHandler
                0x080012e0                DMA1_Stream6_IRQHandler
                0x080012e0                DMA1_Stream1_IRQHandler
                0x080012e0                UART4_IRQHandler
                0x080012e0                TIM3_IRQHandler
                0x080012e0                RCC_IRQHandler
                0x080012e0                TIM8_BRK_TIM12_IRQHandler
                0x080012e0                Default_Handler
                0x080012e0                EXTI15_10_IRQHandler
                0x080012e0                ADC_IRQHandler
                0x080012e0                DMA1_Stream7_IRQHandler
                0x080012e0                TIM7_IRQHandler
                0x080012e0                CAN2_TX_IRQHandler
                0x080012e0                TIM5_IRQHandler
                0x080012e0                DMA2_Stream7_IRQHandler
                0x080012e0                I2C3_EV_IRQHandler
                0x080012e0                EXTI9_5_IRQHandler
                0x080012e0                RTC_WKUP_IRQHandler
                0x080012e0                ETH_WKUP_IRQHandler
                0x080012e0                SPI2_IRQHandler
                0x080012e0                OTG_HS_EP1_IN_IRQHandler
                0x080012e0                DMA1_Stream0_IRQHandler
                0x080012e0                CAN1_TX_IRQHandler
                0x080012e0                EXTI4_IRQHandler
                0x080012e0                FSMC_IRQHandler
                0x080012e0                ETH_IRQHandler
                0x080012e0                OTG_HS_EP1_OUT_IRQHandler
                0x080012e0                WWDG_IRQHandler
                0x080012e0                OTG_FS_WKUP_IRQHandler
                0x080012e0                TIM1_TRG_COM_TIM11_IRQHandler
                0x080012e0                OTG_HS_IRQHandler
                0x080012e0                EXTI1_IRQHandler
                0x080012e0                USART2_IRQHandler
                0x080012e0                I2C2_ER_IRQHandler
                0x080012e0                DMA2_Stream1_IRQHandler
                0x080012e0                CAN1_SCE_IRQHandler
                0x080012e0                FLASH_IRQHandler
                0x080012e0                DMA2_Stream4_IRQHandler
                0x080012e0                USART1_IRQHandler
                0x080012e0                OTG_FS_IRQHandler
                0x080012e0                SPI3_IRQHandler
                0x080012e0                DMA1_Stream4_IRQHandler
                0x080012e0                I2C1_ER_IRQHandler
                0x080012e0                DMA2_Stream6_IRQHandler
                0x080012e0                DMA1_Stream3_IRQHandler
 *fill*         0x080012e2        0x6 00
 .text.main     0x080012e8      0xa80 src\main.o
                0x080012e8                main
 .text.TIM1_CC_IRQHandler
                0x08001d68       0xb8 Libraries\Ultrasonic_Sensor\src\Ultrasonic_Sensor.o
                0x08001d68                TIM1_CC_IRQHandler
 .text.TIM1_UP_TIM10_IRQHandler
                0x08001e20       0x54 Libraries\Ultrasonic_Sensor\src\Ultrasonic_Sensor.o
                0x08001e20                TIM1_UP_TIM10_IRQHandler
 .text.Serial_Init
                0x08001e74      0x160 Libraries\Serial\src\Serial.o
                0x08001e74                Serial_Init
 .text.USART3_IRQHandler
                0x08001fd4       0x50 Libraries\Serial\src\Serial.o
                0x08001fd4                USART3_IRQHandler
 .text.Serial_WriteByte
                0x08002024       0x24 Libraries\Serial\src\Serial.o
                0x08002024                Serial_WriteByte
 .text.Serial_WriteBytes
                0x08002048       0x34 Libraries\Serial\src\Serial.o
                0x08002048                Serial_WriteBytes
 .text.Serial_Print
                0x0800207c       0x34 Libraries\Serial\src\Serial.o
                0x0800207c                Serial_Print
 .text.Serial_Println
                0x080020b0       0x74 Libraries\Serial\src\Serial.o
                0x080020b0                Serial_Println
 .text.USART_Init
                0x08002124      0x10c Libraries\STM32F4xx_StdPeriph_Driver\src\stm32f4xx_usart.o
                0x08002124                USART_Init
 .text.USART_Cmd
                0x08002230       0x20 Libraries\STM32F4xx_StdPeriph_Driver\src\stm32f4xx_usart.o
                0x08002230                USART_Cmd
 .text.USART_SendData
                0x08002250        0x8 Libraries\STM32F4xx_StdPeriph_Driver\src\stm32f4xx_usart.o
                0x08002250                USART_SendData
 .text.USART_ReceiveData
                0x08002258        0x8 Libraries\STM32F4xx_StdPeriph_Driver\src\stm32f4xx_usart.o
                0x08002258                USART_ReceiveData
 .text.USART_ITConfig
                0x08002260       0x3c Libraries\STM32F4xx_StdPeriph_Driver\src\stm32f4xx_usart.o
                0x08002260                USART_ITConfig
 .text.USART_GetFlagStatus
                0x0800229c        0xc Libraries\STM32F4xx_StdPeriph_Driver\src\stm32f4xx_usart.o
                0x0800229c                USART_GetFlagStatus
 .text.USART_GetITStatus
                0x080022a8       0x54 Libraries\STM32F4xx_StdPeriph_Driver\src\stm32f4xx_usart.o
                0x080022a8                USART_GetITStatus
 .text.TIM_TimeBaseInit
                0x080022fc       0xd4 Libraries\STM32F4xx_StdPeriph_Driver\src\stm32f4xx_tim.o
                0x080022fc                TIM_TimeBaseInit
 .text.TIM_SetCounter
                0x080023d0        0x4 Libraries\STM32F4xx_StdPeriph_Driver\src\stm32f4xx_tim.o
                0x080023d0                TIM_SetCounter
 .text.TIM_ARRPreloadConfig
                0x080023d4       0x20 Libraries\STM32F4xx_StdPeriph_Driver\src\stm32f4xx_tim.o
                0x080023d4                TIM_ARRPreloadConfig
 .text.TIM_Cmd  0x080023f4       0x20 Libraries\STM32F4xx_StdPeriph_Driver\src\stm32f4xx_tim.o
                0x080023f4                TIM_Cmd
 .text.TIM_OC1Init
                0x08002414       0xac Libraries\STM32F4xx_StdPeriph_Driver\src\stm32f4xx_tim.o
                0x08002414                TIM_OC1Init
 .text.TIM_OC2Init
                0x080024c0       0xb4 Libraries\STM32F4xx_StdPeriph_Driver\src\stm32f4xx_tim.o
                0x080024c0                TIM_OC2Init
 .text.TIM_OC3Init
                0x08002574       0xb0 Libraries\STM32F4xx_StdPeriph_Driver\src\stm32f4xx_tim.o
                0x08002574                TIM_OC3Init
 .text.TIM_OC4Init
                0x08002624       0x88 Libraries\STM32F4xx_StdPeriph_Driver\src\stm32f4xx_tim.o
                0x08002624                TIM_OC4Init
 .text.TIM_SetCompare1
                0x080026ac        0x4 Libraries\STM32F4xx_StdPeriph_Driver\src\stm32f4xx_tim.o
                0x080026ac                TIM_SetCompare1
 .text.TIM_SetCompare2
                0x080026b0        0x4 Libraries\STM32F4xx_StdPeriph_Driver\src\stm32f4xx_tim.o
                0x080026b0                TIM_SetCompare2
 .text.TIM_SetCompare3
                0x080026b4        0x4 Libraries\STM32F4xx_StdPeriph_Driver\src\stm32f4xx_tim.o
                0x080026b4                TIM_SetCompare3
 .text.TIM_SetCompare4
                0x080026b8        0x4 Libraries\STM32F4xx_StdPeriph_Driver\src\stm32f4xx_tim.o
                0x080026b8                TIM_SetCompare4
 .text.TIM_OC1PreloadConfig
                0x080026bc       0x14 Libraries\STM32F4xx_StdPeriph_Driver\src\stm32f4xx_tim.o
                0x080026bc                TIM_OC1PreloadConfig
 .text.TIM_OC2PreloadConfig
                0x080026d0       0x18 Libraries\STM32F4xx_StdPeriph_Driver\src\stm32f4xx_tim.o
                0x080026d0                TIM_OC2PreloadConfig
 .text.TIM_OC3PreloadConfig
                0x080026e8       0x14 Libraries\STM32F4xx_StdPeriph_Driver\src\stm32f4xx_tim.o
                0x080026e8                TIM_OC3PreloadConfig
 .text.TIM_OC4PreloadConfig
                0x080026fc       0x18 Libraries\STM32F4xx_StdPeriph_Driver\src\stm32f4xx_tim.o
                0x080026fc                TIM_OC4PreloadConfig
 .text.TIM_GetCapture1
                0x08002714        0x4 Libraries\STM32F4xx_StdPeriph_Driver\src\stm32f4xx_tim.o
                0x08002714                TIM_GetCapture1
 .text.TIM_GetCapture2
                0x08002718        0x4 Libraries\STM32F4xx_StdPeriph_Driver\src\stm32f4xx_tim.o
                0x08002718                TIM_GetCapture2
 .text.TIM_GetITStatus
                0x0800271c       0x18 Libraries\STM32F4xx_StdPeriph_Driver\src\stm32f4xx_tim.o
                0x0800271c                TIM_GetITStatus
 .text.TIM_ClearITPendingBit
                0x08002734        0x8 Libraries\STM32F4xx_StdPeriph_Driver\src\stm32f4xx_tim.o
                0x08002734                TIM_ClearITPendingBit
 .text.RCC_GetClocksFreq
                0x0800273c       0xbc Libraries\STM32F4xx_StdPeriph_Driver\src\stm32f4xx_rcc.o
                0x0800273c                RCC_GetClocksFreq
 .text.RCC_AHB1PeriphClockCmd
                0x080027f8       0x28 Libraries\STM32F4xx_StdPeriph_Driver\src\stm32f4xx_rcc.o
                0x080027f8                RCC_AHB1PeriphClockCmd
 .text.RCC_APB1PeriphClockCmd
                0x08002820       0x28 Libraries\STM32F4xx_StdPeriph_Driver\src\stm32f4xx_rcc.o
                0x08002820                RCC_APB1PeriphClockCmd
 .text.RCC_APB2PeriphClockCmd
                0x08002848       0x28 Libraries\STM32F4xx_StdPeriph_Driver\src\stm32f4xx_rcc.o
                0x08002848                RCC_APB2PeriphClockCmd
 .text.RCC_APB1PeriphResetCmd
                0x08002870       0x28 Libraries\STM32F4xx_StdPeriph_Driver\src\stm32f4xx_rcc.o
                0x08002870                RCC_APB1PeriphResetCmd
 .text.I2C_Init
                0x08002898       0xf4 Libraries\STM32F4xx_StdPeriph_Driver\src\stm32f4xx_i2c.o
                0x08002898                I2C_Init
 .text.I2C_GenerateSTART
                0x0800298c       0x20 Libraries\STM32F4xx_StdPeriph_Driver\src\stm32f4xx_i2c.o
                0x0800298c                I2C_GenerateSTART
 .text.I2C_GenerateSTOP
                0x080029ac       0x20 Libraries\STM32F4xx_StdPeriph_Driver\src\stm32f4xx_i2c.o
                0x080029ac                I2C_GenerateSTOP
 .text.I2C_Send7bitAddress
                0x080029cc       0x14 Libraries\STM32F4xx_StdPeriph_Driver\src\stm32f4xx_i2c.o
                0x080029cc                I2C_Send7bitAddress
 .text.I2C_SendData
                0x080029e0        0x4 Libraries\STM32F4xx_StdPeriph_Driver\src\stm32f4xx_i2c.o
                0x080029e0                I2C_SendData
 .text.I2C_DMACmd
                0x080029e4       0x20 Libraries\STM32F4xx_StdPeriph_Driver\src\stm32f4xx_i2c.o
                0x080029e4                I2C_DMACmd
 .text.I2C_DMALastTransferCmd
                0x08002a04       0x20 Libraries\STM32F4xx_StdPeriph_Driver\src\stm32f4xx_i2c.o
                0x08002a04                I2C_DMALastTransferCmd
 .text.I2C_CheckEvent
                0x08002a24       0x20 Libraries\STM32F4xx_StdPeriph_Driver\src\stm32f4xx_i2c.o
                0x08002a24                I2C_CheckEvent
 .text.I2C_GetFlagStatus
                0x08002a44       0x38 Libraries\STM32F4xx_StdPeriph_Driver\src\stm32f4xx_i2c.o
                0x08002a44                I2C_GetFlagStatus
 .text.GPIO_Init
                0x08002a7c      0x2f4 Libraries\STM32F4xx_StdPeriph_Driver\src\stm32f4xx_gpio.o
                0x08002a7c                GPIO_Init
 .text.GPIO_ReadInputDataBit
                0x08002d70        0xc Libraries\STM32F4xx_StdPeriph_Driver\src\stm32f4xx_gpio.o
                0x08002d70                GPIO_ReadInputDataBit
 .text.GPIO_PinAFConfig
                0x08002d7c       0x30 Libraries\STM32F4xx_StdPeriph_Driver\src\stm32f4xx_gpio.o
                0x08002d7c                GPIO_PinAFConfig
 .text.DMA_DeInit
                0x08002dac      0x1f4 Libraries\STM32F4xx_StdPeriph_Driver\src\stm32f4xx_dma.o
                0x08002dac                DMA_DeInit
 .text.DMA_Init
                0x08002fa0       0x98 Libraries\STM32F4xx_StdPeriph_Driver\src\stm32f4xx_dma.o
                0x08002fa0                DMA_Init
 .text.DMA_Cmd  0x08003038       0x18 Libraries\STM32F4xx_StdPeriph_Driver\src\stm32f4xx_dma.o
                0x08003038                DMA_Cmd
 .text.DMA_GetFlagStatus
                0x08003050       0x48 Libraries\STM32F4xx_StdPeriph_Driver\src\stm32f4xx_dma.o
                0x08003050                DMA_GetFlagStatus
 .text.DMA_ClearFlag
                0x08003098       0x44 Libraries\STM32F4xx_StdPeriph_Driver\src\stm32f4xx_dma.o
                0x08003098                DMA_ClearFlag
 .text.NVIC_Init
                0x080030dc       0x88 Libraries\STM32F4xx_StdPeriph_Driver\src\misc.o
                0x080030dc                NVIC_Init
 .text.TIM4_IRQHandler
                0x08003164      0x11c Libraries\RC_Receiver\src\RC_Receiver.o
                0x08003164                TIM4_IRQHandler
 .text.PID_Init
                0x08003280       0x6c Libraries\PID\src\PID.o
                0x08003280                PID_Init
 .text.PID_ResetRegulator
                0x080032ec       0x18 Libraries\PID\src\PID.o
                0x080032ec                PID_ResetRegulator
 *fill*         0x08003304        0x4 00
 .text.PID_Task
                0x08003308      0x170 Libraries\PID\src\PID.o
                0x08003308                PID_Task
 .text.IO_InitLEDs
                0x08003478       0x40 Libraries\IO_Devices\src\IO_Devices.o
                0x08003478                IO_InitLEDs
 .text.IO_SetLED
                0x080034b8       0x1c Libraries\IO_Devices\src\IO_Devices.o
                0x080034b8                IO_SetLED
 .text.Vector_Dot_Product
                0x080034d4       0x34 Libraries\IMU_Sensors\src\IMU_Vectors.o
                0x080034d4                Vector_Dot_Product
 .text.Vector_Cross_Product
                0x08003508       0x58 Libraries\IMU_Sensors\src\IMU_Vectors.o
                0x08003508                Vector_Cross_Product
 .text.Vector_Scale
                0x08003560       0x2c Libraries\IMU_Sensors\src\IMU_Vectors.o
                0x08003560                Vector_Scale
 .text.Vector_Add
                0x0800358c       0x34 Libraries\IMU_Sensors\src\IMU_Vectors.o
                0x0800358c                Vector_Add
 .text.Matrix_Multiply
                0x080035c0      0x150 Libraries\IMU_Sensors\src\IMU_Vectors.o
                0x080035c0                Matrix_Multiply
 .text.init_rotation_matrix
                0x08003710       0xe8 Libraries\IMU_Sensors\src\IMU_Vectors.o
                0x08003710                init_rotation_matrix
 .text.constrain
                0x080037f8       0x4c Libraries\IMU_Sensors\src\IMU_Vectors.o
                0x080037f8                constrain
 .text.filterSmooth
                0x08003844       0x78 Libraries\IMU_Sensors\src\IMU_Vectors.o
                0x08003844                filterSmooth
 .text.IMU_Config
                0x080038bc       0x88 Libraries\IMU_Sensors\src\IMU_Sensors.o
                0x080038bc                IMU_Config
 .text.IMU_InitAll
                0x08003944       0x68 Libraries\IMU_Sensors\src\IMU_Sensors.o
                0x08003944                IMU_InitAll
 .text.IMU_GetAccelerometer
                0x080039ac       0x50 Libraries\IMU_Sensors\src\IMU_Sensors.o
                0x080039ac                IMU_GetAccelerometer
 .text.IMU_EvaluateAccelerometer
                0x080039fc       0xa0 Libraries\IMU_Sensors\src\IMU_Sensors.o
                0x080039fc                IMU_EvaluateAccelerometer
 .text.IMU_GetMagnetometer
                0x08003a9c       0x54 Libraries\IMU_Sensors\src\IMU_Sensors.o
                0x08003a9c                IMU_GetMagnetometer
 .text.IMU_EvaluateMagnetometer
                0x08003af0       0xa4 Libraries\IMU_Sensors\src\IMU_Sensors.o
                0x08003af0                IMU_EvaluateMagnetometer
 .text.IMU_GetGyro
                0x08003b94       0x54 Libraries\IMU_Sensors\src\IMU_Sensors.o
                0x08003b94                IMU_GetGyro
 .text.IMU_EvaluateGyro
                0x08003be8       0xe8 Libraries\IMU_Sensors\src\IMU_Sensors.o
                0x08003be8                IMU_EvaluateGyro
 .text.IMU_SampleAll
                0x08003cd0       0xfc Libraries\IMU_Sensors\src\IMU_Sensors.o
                0x08003cd0                IMU_SampleAll
 .text.IMU_ReadSensors
                0x08003dcc       0xdc Libraries\IMU_Sensors\src\IMU_Sensors.o
                0x08003dcc                IMU_ReadSensors
 .text.IMU_I2C_Config
                0x08003ea8       0x44 Libraries\IMU_Sensors\src\IMU_I2C.o
                0x08003ea8                IMU_I2C_Config
 .text.I2C_WriteDeviceRegister
                0x08003eec      0x1cc Libraries\IMU_Sensors\src\IMU_I2C.o
                0x08003eec                I2C_WriteDeviceRegister
 .text.I2C_Read3Integer_LSBFirst
                0x080040b8      0x270 Libraries\IMU_Sensors\src\IMU_I2C.o
                0x080040b8                I2C_Read3Integer_LSBFirst
 .text.I2C_Read3Integer_MSBFirst
                0x08004328      0x270 Libraries\IMU_Sensors\src\IMU_I2C.o
                0x08004328                I2C_Read3Integer_MSBFirst
 .text.IMU_Normalize
                0x08004598       0xd8 Libraries\IMU_Sensors\src\IMU_DCM.o
                0x08004598                IMU_Normalize
 .text.IMU_Drift_correction
                0x08004670      0x1c4 Libraries\IMU_Sensors\src\IMU_DCM.o
                0x08004670                IMU_Drift_correction
 *fill*         0x08004834        0x4 00
 .text.IMU_Matrix_update
                0x08004838      0x1c0 Libraries\IMU_Sensors\src\IMU_DCM.o
                0x08004838                IMU_Matrix_update
 .text.IMU_Euler_angles
                0x080049f8      0x118 Libraries\IMU_Sensors\src\IMU_DCM.o
                0x080049f8                IMU_Euler_angles
 .text.IMU_Compass_Heading
                0x08004b10      0x114 Libraries\IMU_Sensors\src\IMU_DCM.o
                0x08004b10                IMU_Compass_Heading
 .text.IMU_reset_sensor_fusion
                0x08004c24       0xd0 Libraries\IMU_Sensors\src\IMU_DCM.o
                0x08004c24                IMU_reset_sensor_fusion
 .text.IMU_SetPredefinedCalibration
                0x08004cf4      0x108 Libraries\IMU_Sensors\src\IMU_Calibration.o
                0x08004cf4                IMU_SetPredefinedCalibration
 .text.IMU_SerialMaxValuesCalibration
                0x08004dfc      0x624 Libraries\IMU_Sensors\src\IMU_Calibration.o
                0x08004dfc                IMU_SerialMaxValuesCalibration
 .text.IMU_Task
                0x08005420       0x8c Libraries\IMU_Sensors\src\IMU.o
                0x08005420                IMU_Task
 .text.TIM2_IRQHandler
                0x080054ac       0x1c Libraries\IMU_Sensors\src\IMU.o
                0x080054ac                TIM2_IRQHandler
 .text.ESC_Timer_Init
                0x080054c8       0xd8 Libraries\ESC\src\ESC.o
                0x080054c8                ESC_Timer_Init
 .text.ESC_SetSpeed
                0x080055a0       0x6c Libraries\ESC\src\ESC.o
                0x080055a0                ESC_SetSpeed
 .text.ESC_UpdateAll
                0x0800560c       0xe8 Libraries\ESC\src\ESC.o
                0x0800560c                ESC_UpdateAll
 .text.ESC_ThrottleProgramming
                0x080056f4      0x1f4 Libraries\ESC\src\ESC.o
                0x080056f4                ESC_ThrottleProgramming
 .text.ESC_InitAll
                0x080058e8       0xfc Libraries\ESC\src\ESC.o
                0x080058e8                ESC_InitAll
 .text.TimingDelay10us_Decrement
                0x080059e4       0x50 Libraries\Delay\Delay.o
                0x080059e4                TimingDelay10us_Decrement
 .text.Delay_Ms
                0x08005a34       0x24 Libraries\Delay\Delay.o
                0x08005a34                Delay_Ms
 .text.Increase10Micros
                0x08005a58       0x10 Libraries\Delay\Delay.o
                0x08005a58                Increase10Micros
 .text.Micros   0x08005a68        0xc Libraries\Delay\Delay.o
                0x08005a68                Micros
 .text.cos      0x08005a74       0x84 c:/program files (x86)/atollic/truestudio for stmicroelectronics stm32 lite 2.3.0/armtools/bin/../lib/gcc/arm-atollic-eabi/4.5.1/../../../../arm-atollic-eabi/lib/thumb/cortex-m4/fpv4-sp-d16\libm.a(lib_a-s_cos.o)
                0x08005a74                cos
 .text.sin      0x08005af8       0x8c c:/program files (x86)/atollic/truestudio for stmicroelectronics stm32 lite 2.3.0/armtools/bin/../lib/gcc/arm-atollic-eabi/4.5.1/../../../../arm-atollic-eabi/lib/thumb/cortex-m4/fpv4-sp-d16\libm.a(lib_a-s_sin.o)
                0x08005af8                sin
 .text.asin     0x08005b84       0x9c c:/program files (x86)/atollic/truestudio for stmicroelectronics stm32 lite 2.3.0/armtools/bin/../lib/gcc/arm-atollic-eabi/4.5.1/../../../../arm-atollic-eabi/lib/thumb/cortex-m4/fpv4-sp-d16\libm.a(lib_a-w_asin.o)
                0x08005b84                asin
 .text.atan2    0x08005c20        0x4 c:/program files (x86)/atollic/truestudio for stmicroelectronics stm32 lite 2.3.0/armtools/bin/../lib/gcc/arm-atollic-eabi/4.5.1/../../../../arm-atollic-eabi/lib/thumb/cortex-m4/fpv4-sp-d16\libm.a(lib_a-w_atan2.o)
                0x08005c20                atan2
 .text.pow      0x08005c24      0x2c0 c:/program files (x86)/atollic/truestudio for stmicroelectronics stm32 lite 2.3.0/armtools/bin/../lib/gcc/arm-atollic-eabi/4.5.1/../../../../arm-atollic-eabi/lib/thumb/cortex-m4/fpv4-sp-d16\libm.a(lib_a-w_pow.o)
                0x08005c24                pow
 .text.sqrt     0x08005ee4       0xa8 c:/program files (x86)/atollic/truestudio for stmicroelectronics stm32 lite 2.3.0/armtools/bin/../lib/gcc/arm-atollic-eabi/4.5.1/../../../../arm-atollic-eabi/lib/thumb/cortex-m4/fpv4-sp-d16\libm.a(lib_a-w_sqrt.o)
                0x08005ee4                sqrt
 *fill*         0x08005f8c        0x4 00
 .text.__ieee754_asin
                0x08005f90      0x4a0 c:/program files (x86)/atollic/truestudio for stmicroelectronics stm32 lite 2.3.0/armtools/bin/../lib/gcc/arm-atollic-eabi/4.5.1/../../../../arm-atollic-eabi/lib/thumb/cortex-m4/fpv4-sp-d16\libm.a(lib_a-e_asin.o)
                0x08005f90                __ieee754_asin
 .text.__ieee754_atan2
                0x08006430      0x1e0 c:/program files (x86)/atollic/truestudio for stmicroelectronics stm32 lite 2.3.0/armtools/bin/../lib/gcc/arm-atollic-eabi/4.5.1/../../../../arm-atollic-eabi/lib/thumb/cortex-m4/fpv4-sp-d16\libm.a(lib_a-e_atan2.o)
                0x08006430                __ieee754_atan2
 .text.__ieee754_pow
                0x08006610      0xa78 c:/program files (x86)/atollic/truestudio for stmicroelectronics stm32 lite 2.3.0/armtools/bin/../lib/gcc/arm-atollic-eabi/4.5.1/../../../../arm-atollic-eabi/lib/thumb/cortex-m4/fpv4-sp-d16\libm.a(lib_a-e_pow.o)
                0x08006610                __ieee754_pow
 .text.__ieee754_rem_pio2
                0x08007088      0x408 c:/program files (x86)/atollic/truestudio for stmicroelectronics stm32 lite 2.3.0/armtools/bin/../lib/gcc/arm-atollic-eabi/4.5.1/../../../../arm-atollic-eabi/lib/thumb/cortex-m4/fpv4-sp-d16\libm.a(lib_a-e_rem_pio2.o)
                0x08007088                __ieee754_rem_pio2
 .text.__ieee754_sqrt
                0x08007490      0x168 c:/program files (x86)/atollic/truestudio for stmicroelectronics stm32 lite 2.3.0/armtools/bin/../lib/gcc/arm-atollic-eabi/4.5.1/../../../../arm-atollic-eabi/lib/thumb/cortex-m4/fpv4-sp-d16\libm.a(lib_a-e_sqrt.o)
                0x08007490                __ieee754_sqrt
 .text.__kernel_cos
                0x080075f8      0x1d8 c:/program files (x86)/atollic/truestudio for stmicroelectronics stm32 lite 2.3.0/armtools/bin/../lib/gcc/arm-atollic-eabi/4.5.1/../../../../arm-atollic-eabi/lib/thumb/cortex-m4/fpv4-sp-d16\libm.a(lib_a-k_cos.o)
                0x080075f8                __kernel_cos
 .text.__kernel_rem_pio2
                0x080077d0      0x6c8 c:/program files (x86)/atollic/truestudio for stmicroelectronics stm32 lite 2.3.0/armtools/bin/../lib/gcc/arm-atollic-eabi/4.5.1/../../../../arm-atollic-eabi/lib/thumb/cortex-m4/fpv4-sp-d16\libm.a(lib_a-k_rem_pio2.o)
                0x080077d0                __kernel_rem_pio2
 .text.__kernel_sin
                0x08007e98      0x180 c:/program files (x86)/atollic/truestudio for stmicroelectronics stm32 lite 2.3.0/armtools/bin/../lib/gcc/arm-atollic-eabi/4.5.1/../../../../arm-atollic-eabi/lib/thumb/cortex-m4/fpv4-sp-d16\libm.a(lib_a-k_sin.o)
                0x08007e98                __kernel_sin
 .text.atan     0x08008018      0x348 c:/program files (x86)/atollic/truestudio for stmicroelectronics stm32 lite 2.3.0/armtools/bin/../lib/gcc/arm-atollic-eabi/4.5.1/../../../../arm-atollic-eabi/lib/thumb/cortex-m4/fpv4-sp-d16\libm.a(lib_a-s_atan.o)
                0x08008018                atan
 .text.fabs     0x08008360        0x6 c:/program files (x86)/atollic/truestudio for stmicroelectronics stm32 lite 2.3.0/armtools/bin/../lib/gcc/arm-atollic-eabi/4.5.1/../../../../arm-atollic-eabi/lib/thumb/cortex-m4/fpv4-sp-d16\libm.a(lib_a-s_fabs.o)
                0x08008360                fabs
 .text.finite   0x08008366       0x10 c:/program files (x86)/atollic/truestudio for stmicroelectronics stm32 lite 2.3.0/armtools/bin/../lib/gcc/arm-atollic-eabi/4.5.1/../../../../arm-atollic-eabi/lib/thumb/cortex-m4/fpv4-sp-d16\libm.a(lib_a-s_finite.o)
                0x08008366                finite
 *fill*         0x08008376        0x2 00
 .text.floor    0x08008378      0x108 c:/program files (x86)/atollic/truestudio for stmicroelectronics stm32 lite 2.3.0/armtools/bin/../lib/gcc/arm-atollic-eabi/4.5.1/../../../../arm-atollic-eabi/lib/thumb/cortex-m4/fpv4-sp-d16\libm.a(lib_a-s_floor.o)
                0x08008378                floor
 .text.__fpclassifyd
                0x08008480       0x64 c:/program files (x86)/atollic/truestudio for stmicroelectronics stm32 lite 2.3.0/armtools/bin/../lib/gcc/arm-atollic-eabi/4.5.1/../../../../arm-atollic-eabi/lib/thumb/cortex-m4/fpv4-sp-d16\libm.a(lib_a-s_fpclassify.o)
                0x08008480                __fpclassifyd
 .text.matherr  0x080084e4        0x4 c:/program files (x86)/atollic/truestudio for stmicroelectronics stm32 lite 2.3.0/armtools/bin/../lib/gcc/arm-atollic-eabi/4.5.1/../../../../arm-atollic-eabi/lib/thumb/cortex-m4/fpv4-sp-d16\libm.a(lib_a-s_matherr.o)
                0x080084e4                matherr
 .text.nan      0x080084e8        0xc c:/program files (x86)/atollic/truestudio for stmicroelectronics stm32 lite 2.3.0/armtools/bin/../lib/gcc/arm-atollic-eabi/4.5.1/../../../../arm-atollic-eabi/lib/thumb/cortex-m4/fpv4-sp-d16\libm.a(lib_a-s_nan.o)
                0x080084e8                nan
 .text.rint     0x080084f4      0x134 c:/program files (x86)/atollic/truestudio for stmicroelectronics stm32 lite 2.3.0/armtools/bin/../lib/gcc/arm-atollic-eabi/4.5.1/../../../../arm-atollic-eabi/lib/thumb/cortex-m4/fpv4-sp-d16\libm.a(lib_a-s_rint.o)
                0x080084f4                rint
 .text.scalbn   0x08008628       0xf8 c:/program files (x86)/atollic/truestudio for stmicroelectronics stm32 lite 2.3.0/armtools/bin/../lib/gcc/arm-atollic-eabi/4.5.1/../../../../arm-atollic-eabi/lib/thumb/cortex-m4/fpv4-sp-d16\libm.a(lib_a-s_scalbn.o)
                0x08008628                scalbn
 .text.copysign
                0x08008720       0x14 c:/program files (x86)/atollic/truestudio for stmicroelectronics stm32 lite 2.3.0/armtools/bin/../lib/gcc/arm-atollic-eabi/4.5.1/../../../../arm-atollic-eabi/lib/thumb/cortex-m4/fpv4-sp-d16\libm.a(lib_a-s_copysign.o)
                0x08008720                copysign
 .text.__errno  0x08008734        0xc c:/program files (x86)/atollic/truestudio for stmicroelectronics stm32 lite 2.3.0/armtools/bin/../lib/gcc/arm-atollic-eabi/4.5.1/../../../../arm-atollic-eabi/lib/thumb/cortex-m4/fpv4-sp-d16\libc.a(lib_a-errno.o)
                0x08008734                __errno
 .text.__libc_init_array
                0x08008740       0x48 c:/program files (x86)/atollic/truestudio for stmicroelectronics stm32 lite 2.3.0/armtools/bin/../lib/gcc/arm-atollic-eabi/4.5.1/../../../../arm-atollic-eabi/lib/thumb/cortex-m4/fpv4-sp-d16\libc.a(lib_a-init.o)
                0x08008740                __libc_init_array
 .text.memcpy   0x08008788       0x16 c:/program files (x86)/atollic/truestudio for stmicroelectronics stm32 lite 2.3.0/armtools/bin/../lib/gcc/arm-atollic-eabi/4.5.1/../../../../arm-atollic-eabi/lib/thumb/cortex-m4/fpv4-sp-d16\libc.a(lib_a-memcpy.o)
                0x08008788                memcpy
 *fill*         0x0800879e        0x2 00
 .text.sprintf  0x080087a0       0x48 c:/program files (x86)/atollic/truestudio for stmicroelectronics stm32 lite 2.3.0/armtools/bin/../lib/gcc/arm-atollic-eabi/4.5.1/../../../../arm-atollic-eabi/lib/thumb/cortex-m4/fpv4-sp-d16\libc.a(lib_a-sprintf.o)
                0x080087a0                sprintf
 .text._svfprintf_r
                0x080087e8     0x10c8 c:/program files (x86)/atollic/truestudio for stmicroelectronics stm32 lite 2.3.0/armtools/bin/../lib/gcc/arm-atollic-eabi/4.5.1/../../../../arm-atollic-eabi/lib/thumb/cortex-m4/fpv4-sp-d16\libc.a(lib_a-svfprintf.o)
                0x080087e8                _svfprintf_r
 .text.quorem   0x080098b0      0x118 c:/program files (x86)/atollic/truestudio for stmicroelectronics stm32 lite 2.3.0/armtools/bin/../lib/gcc/arm-atollic-eabi/4.5.1/../../../../arm-atollic-eabi/lib/thumb/cortex-m4/fpv4-sp-d16\libc.a(lib_a-dtoa.o)
 .text._dtoa_r  0x080099c8      0xc08 c:/program files (x86)/atollic/truestudio for stmicroelectronics stm32 lite 2.3.0/armtools/bin/../lib/gcc/arm-atollic-eabi/4.5.1/../../../../arm-atollic-eabi/lib/thumb/cortex-m4/fpv4-sp-d16\libc.a(lib_a-dtoa.o)
                0x080099c8                _dtoa_r
 .text._localeconv_r
                0x0800a5d0        0x8 c:/program files (x86)/atollic/truestudio for stmicroelectronics stm32 lite 2.3.0/armtools/bin/../lib/gcc/arm-atollic-eabi/4.5.1/../../../../arm-atollic-eabi/lib/thumb/cortex-m4/fpv4-sp-d16\libc.a(lib_a-locale.o)
                0x0800a5d0                _localeconv_r
 .text.malloc   0x0800a5d8       0x10 c:/program files (x86)/atollic/truestudio for stmicroelectronics stm32 lite 2.3.0/armtools/bin/../lib/gcc/arm-atollic-eabi/4.5.1/../../../../arm-atollic-eabi/lib/thumb/cortex-m4/fpv4-sp-d16\libc.a(lib_a-malloc.o)
                0x0800a5d8                malloc
 .text._malloc_r
                0x0800a5e8      0x408 c:/program files (x86)/atollic/truestudio for stmicroelectronics stm32 lite 2.3.0/armtools/bin/../lib/gcc/arm-atollic-eabi/4.5.1/../../../../arm-atollic-eabi/lib/thumb/cortex-m4/fpv4-sp-d16\libc.a(lib_a-mallocr.o)
                0x0800a5e8                _malloc_r
 .text.memchr   0x0800a9f0       0x1e c:/program files (x86)/atollic/truestudio for stmicroelectronics stm32 lite 2.3.0/armtools/bin/../lib/gcc/arm-atollic-eabi/4.5.1/../../../../arm-atollic-eabi/lib/thumb/cortex-m4/fpv4-sp-d16\libc.a(lib_a-memchr.o)
                0x0800a9f0                memchr
 .text.__malloc_lock
                0x0800aa0e        0x2 c:/program files (x86)/atollic/truestudio for stmicroelectronics stm32 lite 2.3.0/armtools/bin/../lib/gcc/arm-atollic-eabi/4.5.1/../../../../arm-atollic-eabi/lib/thumb/cortex-m4/fpv4-sp-d16\libc.a(lib_a-mlock.o)
                0x0800aa0e                __malloc_lock
 .text.__malloc_unlock
                0x0800aa10        0x2 c:/program files (x86)/atollic/truestudio for stmicroelectronics stm32 lite 2.3.0/armtools/bin/../lib/gcc/arm-atollic-eabi/4.5.1/../../../../arm-atollic-eabi/lib/thumb/cortex-m4/fpv4-sp-d16\libc.a(lib_a-mlock.o)
                0x0800aa10                __malloc_unlock
 .text._Balloc  0x0800aa12       0x62 c:/program files (x86)/atollic/truestudio for stmicroelectronics stm32 lite 2.3.0/armtools/bin/../lib/gcc/arm-atollic-eabi/4.5.1/../../../../arm-atollic-eabi/lib/thumb/cortex-m4/fpv4-sp-d16\libc.a(lib_a-mprec.o)
                0x0800aa12                _Balloc
 .text._Bfree   0x0800aa74       0x2e c:/program files (x86)/atollic/truestudio for stmicroelectronics stm32 lite 2.3.0/armtools/bin/../lib/gcc/arm-atollic-eabi/4.5.1/../../../../arm-atollic-eabi/lib/thumb/cortex-m4/fpv4-sp-d16\libc.a(lib_a-mprec.o)
                0x0800aa74                _Bfree
 .text.__multadd
                0x0800aaa2       0x7c c:/program files (x86)/atollic/truestudio for stmicroelectronics stm32 lite 2.3.0/armtools/bin/../lib/gcc/arm-atollic-eabi/4.5.1/../../../../arm-atollic-eabi/lib/thumb/cortex-m4/fpv4-sp-d16\libc.a(lib_a-mprec.o)
                0x0800aaa2                __multadd
 .text.__hi0bits
                0x0800ab1e       0x40 c:/program files (x86)/atollic/truestudio for stmicroelectronics stm32 lite 2.3.0/armtools/bin/../lib/gcc/arm-atollic-eabi/4.5.1/../../../../arm-atollic-eabi/lib/thumb/cortex-m4/fpv4-sp-d16\libc.a(lib_a-mprec.o)
                0x0800ab1e                __hi0bits
 .text.__lo0bits
                0x0800ab5e       0x64 c:/program files (x86)/atollic/truestudio for stmicroelectronics stm32 lite 2.3.0/armtools/bin/../lib/gcc/arm-atollic-eabi/4.5.1/../../../../arm-atollic-eabi/lib/thumb/cortex-m4/fpv4-sp-d16\libc.a(lib_a-mprec.o)
                0x0800ab5e                __lo0bits
 .text.__i2b    0x0800abc2       0x12 c:/program files (x86)/atollic/truestudio for stmicroelectronics stm32 lite 2.3.0/armtools/bin/../lib/gcc/arm-atollic-eabi/4.5.1/../../../../arm-atollic-eabi/lib/thumb/cortex-m4/fpv4-sp-d16\libc.a(lib_a-mprec.o)
                0x0800abc2                __i2b
 .text.__multiply
                0x0800abd4      0x124 c:/program files (x86)/atollic/truestudio for stmicroelectronics stm32 lite 2.3.0/armtools/bin/../lib/gcc/arm-atollic-eabi/4.5.1/../../../../arm-atollic-eabi/lib/thumb/cortex-m4/fpv4-sp-d16\libc.a(lib_a-mprec.o)
                0x0800abd4                __multiply
 .text.__pow5mult
                0x0800acf8       0xa4 c:/program files (x86)/atollic/truestudio for stmicroelectronics stm32 lite 2.3.0/armtools/bin/../lib/gcc/arm-atollic-eabi/4.5.1/../../../../arm-atollic-eabi/lib/thumb/cortex-m4/fpv4-sp-d16\libc.a(lib_a-mprec.o)
                0x0800acf8                __pow5mult
 .text.__lshift
                0x0800ad9c       0x98 c:/program files (x86)/atollic/truestudio for stmicroelectronics stm32 lite 2.3.0/armtools/bin/../lib/gcc/arm-atollic-eabi/4.5.1/../../../../arm-atollic-eabi/lib/thumb/cortex-m4/fpv4-sp-d16\libc.a(lib_a-mprec.o)
                0x0800ad9c                __lshift
 .text.__mcmp   0x0800ae34       0x3a c:/program files (x86)/atollic/truestudio for stmicroelectronics stm32 lite 2.3.0/armtools/bin/../lib/gcc/arm-atollic-eabi/4.5.1/../../../../arm-atollic-eabi/lib/thumb/cortex-m4/fpv4-sp-d16\libc.a(lib_a-mprec.o)
                0x0800ae34                __mcmp
 .text.__mdiff  0x0800ae6e       0xc6 c:/program files (x86)/atollic/truestudio for stmicroelectronics stm32 lite 2.3.0/armtools/bin/../lib/gcc/arm-atollic-eabi/4.5.1/../../../../arm-atollic-eabi/lib/thumb/cortex-m4/fpv4-sp-d16\libc.a(lib_a-mprec.o)
                0x0800ae6e                __mdiff
 .text.__d2b    0x0800af34       0xbe c:/program files (x86)/atollic/truestudio for stmicroelectronics stm32 lite 2.3.0/armtools/bin/../lib/gcc/arm-atollic-eabi/4.5.1/../../../../arm-atollic-eabi/lib/thumb/cortex-m4/fpv4-sp-d16\libc.a(lib_a-mprec.o)
                0x0800af34                __d2b
 *fill*         0x0800aff2        0x2 00
 .text._sbrk_r  0x0800aff4       0x24 c:/program files (x86)/atollic/truestudio for stmicroelectronics stm32 lite 2.3.0/armtools/bin/../lib/gcc/arm-atollic-eabi/4.5.1/../../../../arm-atollic-eabi/lib/thumb/cortex-m4/fpv4-sp-d16\libc.a(lib_a-sbrkr.o)
                0x0800aff4                _sbrk_r
 .text.strlen   0x0800b018       0x10 c:/program files (x86)/atollic/truestudio for stmicroelectronics stm32 lite 2.3.0/armtools/bin/../lib/gcc/arm-atollic-eabi/4.5.1/../../../../arm-atollic-eabi/lib/thumb/cortex-m4/fpv4-sp-d16\libc.a(lib_a-strlen.o)
                0x0800b018                strlen
 .text.__ssprint_r
                0x0800b028       0xf6 c:/program files (x86)/atollic/truestudio for stmicroelectronics stm32 lite 2.3.0/armtools/bin/../lib/gcc/arm-atollic-eabi/4.5.1/../../../../arm-atollic-eabi/lib/thumb/cortex-m4/fpv4-sp-d16\libc.a(lib_a-svfiprintf.o)
                0x0800b028                __ssprint_r
 *fill*         0x0800b11e        0x2 00
 .text._sbrk    0x0800b120       0x34 c:/program files (x86)/atollic/truestudio for stmicroelectronics stm32 lite 2.3.0/armtools/bin/../lib/gcc/arm-atollic-eabi/4.5.1/../../../../arm-atollic-eabi/lib/thumb/cortex-m4/fpv4-sp-d16\libc.a(lib_a-syscalls.o)
                0x0800b120                _sbrk
 .text._calloc_r
                0x0800b154       0x58 c:/program files (x86)/atollic/truestudio for stmicroelectronics stm32 lite 2.3.0/armtools/bin/../lib/gcc/arm-atollic-eabi/4.5.1/../../../../arm-atollic-eabi/lib/thumb/cortex-m4/fpv4-sp-d16\libc.a(lib_a-callocr.o)
                0x0800b154                _calloc_r
 .text._malloc_trim_r
                0x0800b1ac       0x94 c:/program files (x86)/atollic/truestudio for stmicroelectronics stm32 lite 2.3.0/armtools/bin/../lib/gcc/arm-atollic-eabi/4.5.1/../../../../arm-atollic-eabi/lib/thumb/cortex-m4/fpv4-sp-d16\libc.a(lib_a-freer.o)
                0x0800b1ac                _malloc_trim_r
 .text._free_r  0x0800b240      0x180 c:/program files (x86)/atollic/truestudio for stmicroelectronics stm32 lite 2.3.0/armtools/bin/../lib/gcc/arm-atollic-eabi/4.5.1/../../../../arm-atollic-eabi/lib/thumb/cortex-m4/fpv4-sp-d16\libc.a(lib_a-freer.o)
                0x0800b240                _free_r
 .text.memmove  0x0800b3c0       0x34 c:/program files (x86)/atollic/truestudio for stmicroelectronics stm32 lite 2.3.0/armtools/bin/../lib/gcc/arm-atollic-eabi/4.5.1/../../../../arm-atollic-eabi/lib/thumb/cortex-m4/fpv4-sp-d16\libc.a(lib_a-memmove.o)
                0x0800b3c0                memmove
 .text.memset   0x0800b3f4       0x12 c:/program files (x86)/atollic/truestudio for stmicroelectronics stm32 lite 2.3.0/armtools/bin/../lib/gcc/arm-atollic-eabi/4.5.1/../../../../arm-atollic-eabi/lib/thumb/cortex-m4/fpv4-sp-d16\libc.a(lib_a-memset.o)
                0x0800b3f4                memset
 *fill*         0x0800b406        0x2 00
 .text._realloc_r
                0x0800b408      0x2f8 c:/program files (x86)/atollic/truestudio for stmicroelectronics stm32 lite 2.3.0/armtools/bin/../lib/gcc/arm-atollic-eabi/4.5.1/../../../../arm-atollic-eabi/lib/thumb/cortex-m4/fpv4-sp-d16\libc.a(lib_a-reallocr.o)
                0x0800b408                _realloc_r
 *(.rodata)
 *(.rodata*)
 .rodata.str1.4
                0x0800b700      0x160 src\main.o
                                0x164 (size before relaxing)
 .rodata.str1.4
                0x0800b860       0x80 Libraries\IMU_Sensors\src\IMU_Calibration.o
                                 0x84 (size before relaxing)
 .rodata.str1.1
                0x0800b8e0        0x5 c:/program files (x86)/atollic/truestudio for stmicroelectronics stm32 lite 2.3.0/armtools/bin/../lib/gcc/arm-atollic-eabi/4.5.1/../../../../arm-atollic-eabi/lib/thumb/cortex-m4/fpv4-sp-d16\libm.a(lib_a-w_asin.o)
                                  0x6 (size before relaxing)
 .rodata.str1.1
                0x0800b8e5        0x4 c:/program files (x86)/atollic/truestudio for stmicroelectronics stm32 lite 2.3.0/armtools/bin/../lib/gcc/arm-atollic-eabi/4.5.1/../../../../arm-atollic-eabi/lib/thumb/cortex-m4/fpv4-sp-d16\libm.a(lib_a-w_pow.o)
 .rodata.str1.1
                0x0800b8e9        0x5 c:/program files (x86)/atollic/truestudio for stmicroelectronics stm32 lite 2.3.0/armtools/bin/../lib/gcc/arm-atollic-eabi/4.5.1/../../../../arm-atollic-eabi/lib/thumb/cortex-m4/fpv4-sp-d16\libm.a(lib_a-w_sqrt.o)
 *fill*         0x0800b8ee        0x2 00
 .rodata.dp_h   0x0800b8f0       0x10 c:/program files (x86)/atollic/truestudio for stmicroelectronics stm32 lite 2.3.0/armtools/bin/../lib/gcc/arm-atollic-eabi/4.5.1/../../../../arm-atollic-eabi/lib/thumb/cortex-m4/fpv4-sp-d16\libm.a(lib_a-e_pow.o)
 .rodata.dp_l   0x0800b900       0x10 c:/program files (x86)/atollic/truestudio for stmicroelectronics stm32 lite 2.3.0/armtools/bin/../lib/gcc/arm-atollic-eabi/4.5.1/../../../../arm-atollic-eabi/lib/thumb/cortex-m4/fpv4-sp-d16\libm.a(lib_a-e_pow.o)
 .rodata.str1.1
                0x00000000        0x1 c:/program files (x86)/atollic/truestudio for stmicroelectronics stm32 lite 2.3.0/armtools/bin/../lib/gcc/arm-atollic-eabi/4.5.1/../../../../arm-atollic-eabi/lib/thumb/cortex-m4/fpv4-sp-d16\libm.a(lib_a-e_pow.o)
 .rodata.bp     0x0800b910       0x10 c:/program files (x86)/atollic/truestudio for stmicroelectronics stm32 lite 2.3.0/armtools/bin/../lib/gcc/arm-atollic-eabi/4.5.1/../../../../arm-atollic-eabi/lib/thumb/cortex-m4/fpv4-sp-d16\libm.a(lib_a-e_pow.o)
 .rodata.npio2_hw
                0x0800b920       0x80 c:/program files (x86)/atollic/truestudio for stmicroelectronics stm32 lite 2.3.0/armtools/bin/../lib/gcc/arm-atollic-eabi/4.5.1/../../../../arm-atollic-eabi/lib/thumb/cortex-m4/fpv4-sp-d16\libm.a(lib_a-e_rem_pio2.o)
 .rodata.two_over_pi
                0x0800b9a0      0x108 c:/program files (x86)/atollic/truestudio for stmicroelectronics stm32 lite 2.3.0/armtools/bin/../lib/gcc/arm-atollic-eabi/4.5.1/../../../../arm-atollic-eabi/lib/thumb/cortex-m4/fpv4-sp-d16\libm.a(lib_a-e_rem_pio2.o)
 .rodata.init_jk
                0x0800baa8       0x10 c:/program files (x86)/atollic/truestudio for stmicroelectronics stm32 lite 2.3.0/armtools/bin/../lib/gcc/arm-atollic-eabi/4.5.1/../../../../arm-atollic-eabi/lib/thumb/cortex-m4/fpv4-sp-d16\libm.a(lib_a-k_rem_pio2.o)
 .rodata.PIo2   0x0800bab8       0x40 c:/program files (x86)/atollic/truestudio for stmicroelectronics stm32 lite 2.3.0/armtools/bin/../lib/gcc/arm-atollic-eabi/4.5.1/../../../../arm-atollic-eabi/lib/thumb/cortex-m4/fpv4-sp-d16\libm.a(lib_a-k_rem_pio2.o)
 .rodata.atanlo
                0x0800baf8       0x20 c:/program files (x86)/atollic/truestudio for stmicroelectronics stm32 lite 2.3.0/armtools/bin/../lib/gcc/arm-atollic-eabi/4.5.1/../../../../arm-atollic-eabi/lib/thumb/cortex-m4/fpv4-sp-d16\libm.a(lib_a-s_atan.o)
 .rodata.atanhi
                0x0800bb18       0x20 c:/program files (x86)/atollic/truestudio for stmicroelectronics stm32 lite 2.3.0/armtools/bin/../lib/gcc/arm-atollic-eabi/4.5.1/../../../../arm-atollic-eabi/lib/thumb/cortex-m4/fpv4-sp-d16\libm.a(lib_a-s_atan.o)
 .rodata.TWO52  0x0800bb38       0x10 c:/program files (x86)/atollic/truestudio for stmicroelectronics stm32 lite 2.3.0/armtools/bin/../lib/gcc/arm-atollic-eabi/4.5.1/../../../../arm-atollic-eabi/lib/thumb/cortex-m4/fpv4-sp-d16\libm.a(lib_a-s_rint.o)
 .rodata.str1.1
                0x0800bb48        0x2 c:/program files (x86)/atollic/truestudio for stmicroelectronics stm32 lite 2.3.0/armtools/bin/../lib/gcc/arm-atollic-eabi/4.5.1/../../../../arm-atollic-eabi/lib/thumb/cortex-m4/fpv4-sp-d16\libc.a(lib_a-impure.o)
 .rodata.str1.1
                0x0800bb4a       0x34 c:/program files (x86)/atollic/truestudio for stmicroelectronics stm32 lite 2.3.0/armtools/bin/../lib/gcc/arm-atollic-eabi/4.5.1/../../../../arm-atollic-eabi/lib/thumb/cortex-m4/fpv4-sp-d16\libc.a(lib_a-svfprintf.o)
 .rodata.zeroes.3939
                0x0800bb7e       0x10 c:/program files (x86)/atollic/truestudio for stmicroelectronics stm32 lite 2.3.0/armtools/bin/../lib/gcc/arm-atollic-eabi/4.5.1/../../../../arm-atollic-eabi/lib/thumb/cortex-m4/fpv4-sp-d16\libc.a(lib_a-svfprintf.o)
 .rodata.blanks.3938
                0x0800bb8e       0x10 c:/program files (x86)/atollic/truestudio for stmicroelectronics stm32 lite 2.3.0/armtools/bin/../lib/gcc/arm-atollic-eabi/4.5.1/../../../../arm-atollic-eabi/lib/thumb/cortex-m4/fpv4-sp-d16\libc.a(lib_a-svfprintf.o)
 .rodata.str1.1
                0x0800bb9e        0xd c:/program files (x86)/atollic/truestudio for stmicroelectronics stm32 lite 2.3.0/armtools/bin/../lib/gcc/arm-atollic-eabi/4.5.1/../../../../arm-atollic-eabi/lib/thumb/cortex-m4/fpv4-sp-d16\libc.a(lib_a-dtoa.o)
                                  0xf (size before relaxing)
 .rodata.str1.1
                0x0800bbab        0x8 c:/program files (x86)/atollic/truestudio for stmicroelectronics stm32 lite 2.3.0/armtools/bin/../lib/gcc/arm-atollic-eabi/4.5.1/../../../../arm-atollic-eabi/lib/thumb/cortex-m4/fpv4-sp-d16\libc.a(lib_a-locale.o)
                                  0xb (size before relaxing)
 *fill*         0x0800bbb3        0x1 00
 .rodata.p05.2464
                0x0800bbb4        0xc c:/program files (x86)/atollic/truestudio for stmicroelectronics stm32 lite 2.3.0/armtools/bin/../lib/gcc/arm-atollic-eabi/4.5.1/../../../../arm-atollic-eabi/lib/thumb/cortex-m4/fpv4-sp-d16\libc.a(lib_a-mprec.o)
 .rodata.__mprec_tens
                0x0800bbc0       0xc8 c:/program files (x86)/atollic/truestudio for stmicroelectronics stm32 lite 2.3.0/armtools/bin/../lib/gcc/arm-atollic-eabi/4.5.1/../../../../arm-atollic-eabi/lib/thumb/cortex-m4/fpv4-sp-d16\libc.a(lib_a-mprec.o)
                0x0800bbc0                __mprec_tens
 .rodata.__mprec_bigtens
                0x0800bc88       0x28 c:/program files (x86)/atollic/truestudio for stmicroelectronics stm32 lite 2.3.0/armtools/bin/../lib/gcc/arm-atollic-eabi/4.5.1/../../../../arm-atollic-eabi/lib/thumb/cortex-m4/fpv4-sp-d16\libc.a(lib_a-mprec.o)
                0x0800bc88                __mprec_bigtens
 *(.glue_7)
 .glue_7        0x00000000        0x0 linker stubs
 *(.glue_7t)
 .glue_7t       0x00000000        0x0 linker stubs
 *(.eh_frame)
 *(.init)
 .init          0x0800bcb0        0x4 c:/program files (x86)/atollic/truestudio for stmicroelectronics stm32 lite 2.3.0/armtools/bin/../lib/gcc/arm-atollic-eabi/4.5.1/thumb/cortex-m4/fpv4-sp-d16/crti.o
                0x0800bcb0                _init
 .init          0x0800bcb4        0x8 c:/program files (x86)/atollic/truestudio for stmicroelectronics stm32 lite 2.3.0/armtools/bin/../lib/gcc/arm-atollic-eabi/4.5.1/thumb/cortex-m4/fpv4-sp-d16/crtn.o
 *(.fini)
 .fini          0x0800bcbc        0x4 c:/program files (x86)/atollic/truestudio for stmicroelectronics stm32 lite 2.3.0/armtools/bin/../lib/gcc/arm-atollic-eabi/4.5.1/thumb/cortex-m4/fpv4-sp-d16/crti.o
                0x0800bcbc                _fini
 .fini          0x0800bcc0        0x8 c:/program files (x86)/atollic/truestudio for stmicroelectronics stm32 lite 2.3.0/armtools/bin/../lib/gcc/arm-atollic-eabi/4.5.1/thumb/cortex-m4/fpv4-sp-d16/crtn.o
                0x0800bcc8                . = ALIGN (0x4)
                0x0800bcc8                _etext = .

.vfp11_veneer   0x0800bcc8        0x0
 .vfp11_veneer  0x00000000        0x0 linker stubs

.v4_bx          0x0800bcc8        0x0
 .v4_bx         0x00000000        0x0 linker stubs

.ARM.extab
 *(.ARM.extab* .gnu.linkonce.armextab.*)

.ARM            0x0800bcc8        0x8
                0x0800bcc8                __exidx_start = .
 *(.ARM.exidx*)
 .ARM.exidx     0x0800bcc8        0x8 c:/program files (x86)/atollic/truestudio for stmicroelectronics stm32 lite 2.3.0/armtools/bin/../lib/gcc/arm-atollic-eabi/4.5.1/thumb/cortex-m4/fpv4-sp-d16\libgcc.a(_divdi3.o)
 .ARM.exidx     0x0800bcd0        0x0 c:/program files (x86)/atollic/truestudio for stmicroelectronics stm32 lite 2.3.0/armtools/bin/../lib/gcc/arm-atollic-eabi/4.5.1/thumb/cortex-m4/fpv4-sp-d16\libgcc.a(_udivdi3.o)
                                  0x8 (size before relaxing)
                0x0800bcd0                __exidx_end = .

.preinit_array  0x0800bcd0        0x0
                0x0800bcd0                PROVIDE (__preinit_array_start, .)
 *(.preinit_array*)
                0x0800bcd0                PROVIDE (__preinit_array_end, .)

.init_array     0x0800bcd0        0x4
                0x0800bcd0                PROVIDE (__init_array_start, .)
 *(SORT(.init_array.*))
 *(.init_array*)
 .init_array    0x0800bcd0        0x4 c:/program files (x86)/atollic/truestudio for stmicroelectronics stm32 lite 2.3.0/armtools/bin/../lib/gcc/arm-atollic-eabi/4.5.1/thumb/cortex-m4/fpv4-sp-d16/crtbegin.o
                0x0800bcd4                PROVIDE (__init_array_end, .)

.fini_array     0x0800bcd4        0x4
                0x0800bcd4                PROVIDE (__fini_array_start, .)
 *(.fini_array*)
 .fini_array    0x0800bcd4        0x4 c:/program files (x86)/atollic/truestudio for stmicroelectronics stm32 lite 2.3.0/armtools/bin/../lib/gcc/arm-atollic-eabi/4.5.1/thumb/cortex-m4/fpv4-sp-d16/crtbegin.o
 *(SORT(.fini_array.*))
                0x0800bcd8                PROVIDE (__fini_array_end, .)
                0x0800bcd8                _sidata = .

.data           0x20000000      0x5a0 load address 0x0800bcd8
                0x20000000                . = ALIGN (0x4)
                0x20000000                _sdata = .
 *(.data)
 *(.data*)
 .data.SystemCoreClock
                0x20000000        0x4 src\system_stm32f4xx.o
                0x20000000                SystemCoreClock
 .data.APBAHBPrescTable
                0x20000004       0x10 Libraries\STM32F4xx_StdPeriph_Driver\src\stm32f4xx_rcc.o
 .data.IMU_TimeOut
                0x20000014        0x4 Libraries\IMU_Sensors\src\IMU_I2C.o
                0x20000014                IMU_TimeOut
 .data.Update_Matrix
                0x20000018       0x24 Libraries\IMU_Sensors\src\IMU_DCM.o
                0x20000018                Update_Matrix
 .data.DCM_Matrix
                0x2000003c       0x24 Libraries\IMU_Sensors\src\IMU_DCM.o
                0x2000003c                DCM_Matrix
 .data.__fdlib_version
                0x20000060        0x1 c:/program files (x86)/atollic/truestudio for stmicroelectronics stm32 lite 2.3.0/armtools/bin/../lib/gcc/arm-atollic-eabi/4.5.1/../../../../arm-atollic-eabi/lib/thumb/cortex-m4/fpv4-sp-d16\libm.a(lib_a-s_lib_ver.o)
                0x20000060                __fdlib_version
 *fill*         0x20000061        0x3 00
 .data.impure_data
                0x20000064       0xf0 c:/program files (x86)/atollic/truestudio for stmicroelectronics stm32 lite 2.3.0/armtools/bin/../lib/gcc/arm-atollic-eabi/4.5.1/../../../../arm-atollic-eabi/lib/thumb/cortex-m4/fpv4-sp-d16\libc.a(lib_a-impure.o)
 .data._impure_ptr
                0x20000154        0x4 c:/program files (x86)/atollic/truestudio for stmicroelectronics stm32 lite 2.3.0/armtools/bin/../lib/gcc/arm-atollic-eabi/4.5.1/../../../../arm-atollic-eabi/lib/thumb/cortex-m4/fpv4-sp-d16\libc.a(lib_a-impure.o)
                0x20000154                _impure_ptr
 .data.lconv    0x20000158       0x38 c:/program files (x86)/atollic/truestudio for stmicroelectronics stm32 lite 2.3.0/armtools/bin/../lib/gcc/arm-atollic-eabi/4.5.1/../../../../arm-atollic-eabi/lib/thumb/cortex-m4/fpv4-sp-d16\libc.a(lib_a-locale.o)
 .data.__malloc_av_
                0x20000190      0x408 c:/program files (x86)/atollic/truestudio for stmicroelectronics stm32 lite 2.3.0/armtools/bin/../lib/gcc/arm-atollic-eabi/4.5.1/../../../../arm-atollic-eabi/lib/thumb/cortex-m4/fpv4-sp-d16\libc.a(lib_a-mallocr.o)
                0x20000190                __malloc_av_
 .data.__malloc_trim_threshold
                0x20000598        0x4 c:/program files (x86)/atollic/truestudio for stmicroelectronics stm32 lite 2.3.0/armtools/bin/../lib/gcc/arm-atollic-eabi/4.5.1/../../../../arm-atollic-eabi/lib/thumb/cortex-m4/fpv4-sp-d16\libc.a(lib_a-mallocr.o)
                0x20000598                __malloc_trim_threshold
 .data.__malloc_sbrk_base
                0x2000059c        0x4 c:/program files (x86)/atollic/truestudio for stmicroelectronics stm32 lite 2.3.0/armtools/bin/../lib/gcc/arm-atollic-eabi/4.5.1/../../../../arm-atollic-eabi/lib/thumb/cortex-m4/fpv4-sp-d16\libc.a(lib_a-mallocr.o)
                0x2000059c                __malloc_sbrk_base
                0x200005a0                . = ALIGN (0x4)
                0x200005a0                _edata = .

.jcr            0x200005a0        0x0 load address 0x0800c278
 .jcr           0x200005a0        0x0 c:/program files (x86)/atollic/truestudio for stmicroelectronics stm32 lite 2.3.0/armtools/bin/../lib/gcc/arm-atollic-eabi/4.5.1/thumb/cortex-m4/fpv4-sp-d16/crtbegin.o
                0x200005a0                . = ALIGN (0x4)

.bss            0x200005a0      0x448 load address 0x0800c278
                0x200005a0                _sbss = .
                0x200005a0                __bss_start__ = _sbss
 *(.bss)
 .bss           0x200005a0        0x1 c:/program files (x86)/atollic/truestudio for stmicroelectronics stm32 lite 2.3.0/armtools/bin/../lib/gcc/arm-atollic-eabi/4.5.1/thumb/cortex-m4/fpv4-sp-d16/crtbegin.o
 *(.bss*)
 .bss.SendIMUData
                0x200005a1        0x1 src\main.o
                0x200005a1                SendIMUData
 .bss.Serial_RxCounter
                0x200005a2        0x2 Libraries\Serial\src\Serial.o
                0x200005a2                Serial_RxCounter
 .bss.PID_Enabled
                0x200005a4        0x1 Libraries\PID\src\PID.o
                0x200005a4                PID_Enabled
 *fill*         0x200005a5        0x1 00
 .bss.IMU_gyroSampleCount
                0x200005a6        0x2 Libraries\IMU_Sensors\src\IMU_Sensors.o
                0x200005a6                IMU_gyroSampleCount
 .bss.IMU_accelerometerSampleCount
                0x200005a8        0x2 Libraries\IMU_Sensors\src\IMU_Sensors.o
                0x200005a8                IMU_accelerometerSampleCount
 .bss.IMU_magnetometerSampleCount
                0x200005aa        0x2 Libraries\IMU_Sensors\src\IMU_Sensors.o
                0x200005aa                IMU_magnetometerSampleCount
 .bss.Temporary_Matrix
                0x200005ac       0x24 Libraries\IMU_Sensors\src\IMU_DCM.o
                0x200005ac                Temporary_Matrix
 .bss.IMU_Yaw_Offset
                0x200005d0        0x4 Libraries\IMU_Sensors\src\IMU_DCM.o
                0x200005d0                IMU_Yaw_Offset
 .bss.IMU_Roll_Offset
                0x200005d4        0x4 Libraries\IMU_Sensors\src\IMU_DCM.o
                0x200005d4                IMU_Roll_Offset
 .bss.Omega     0x200005d8        0xc Libraries\IMU_Sensors\src\IMU_DCM.o
                0x200005d8                Omega
 .bss.Omega_Vector
                0x200005e4        0xc Libraries\IMU_Sensors\src\IMU_DCM.o
                0x200005e4                Omega_Vector
 .bss.Gyro_Vector
                0x200005f0        0xc Libraries\IMU_Sensors\src\IMU_DCM.o
                0x200005f0                Gyro_Vector
 .bss.errorYaw  0x200005fc        0xc Libraries\IMU_Sensors\src\IMU_DCM.o
                0x200005fc                errorYaw
 .bss.IMU_Pitch_Offset
                0x20000608        0x4 Libraries\IMU_Sensors\src\IMU_DCM.o
                0x20000608                IMU_Pitch_Offset
 .bss.Scaled_Omega_I
                0x2000060c        0xc Libraries\IMU_Sensors\src\IMU_DCM.o
 .bss.Omega_I   0x20000618        0xc Libraries\IMU_Sensors\src\IMU_DCM.o
                0x20000618                Omega_I
 .bss.Accel_Vector
                0x20000624        0xc Libraries\IMU_Sensors\src\IMU_DCM.o
                0x20000624                Accel_Vector
 .bss.errorRollPitch
                0x20000630        0xc Libraries\IMU_Sensors\src\IMU_DCM.o
                0x20000630                errorRollPitch
 .bss.Scaled_Omega_P
                0x2000063c        0xc Libraries\IMU_Sensors\src\IMU_DCM.o
 .bss.Omega_P   0x20000648        0xc Libraries\IMU_Sensors\src\IMU_DCM.o
                0x20000648                Omega_P
 .bss.IMU_Do_Calculations
                0x20000654        0x1 Libraries\IMU_Sensors\src\IMU.o
                0x20000654                IMU_Do_Calculations
 *fill*         0x20000655        0x3 00
 .bss.ESC_Motor_Values
                0x20000658        0x8 Libraries\ESC\src\ESC.o
                0x20000658                ESC_Motor_Values
 .bss.MicrosCounter
                0x20000660        0x4 Libraries\Delay\Delay.o
                0x20000660                MicrosCounter
 .bss.__malloc_max_total_mem
                0x20000664        0x4 c:/program files (x86)/atollic/truestudio for stmicroelectronics stm32 lite 2.3.0/armtools/bin/../lib/gcc/arm-atollic-eabi/4.5.1/../../../../arm-atollic-eabi/lib/thumb/cortex-m4/fpv4-sp-d16\libc.a(lib_a-mallocr.o)
                0x20000664                __malloc_max_total_mem
 .bss.__malloc_max_sbrked_mem
                0x20000668        0x4 c:/program files (x86)/atollic/truestudio for stmicroelectronics stm32 lite 2.3.0/armtools/bin/../lib/gcc/arm-atollic-eabi/4.5.1/../../../../arm-atollic-eabi/lib/thumb/cortex-m4/fpv4-sp-d16\libc.a(lib_a-mallocr.o)
                0x20000668                __malloc_max_sbrked_mem
 .bss.__malloc_top_pad
                0x2000066c        0x4 c:/program files (x86)/atollic/truestudio for stmicroelectronics stm32 lite 2.3.0/armtools/bin/../lib/gcc/arm-atollic-eabi/4.5.1/../../../../arm-atollic-eabi/lib/thumb/cortex-m4/fpv4-sp-d16\libc.a(lib_a-mallocr.o)
                0x2000066c                __malloc_top_pad
 .bss.__malloc_current_mallinfo
                0x20000670       0x28 c:/program files (x86)/atollic/truestudio for stmicroelectronics stm32 lite 2.3.0/armtools/bin/../lib/gcc/arm-atollic-eabi/4.5.1/../../../../arm-atollic-eabi/lib/thumb/cortex-m4/fpv4-sp-d16\libc.a(lib_a-mallocr.o)
                0x20000670                __malloc_current_mallinfo
 .bss.heap_end.2323
                0x20000698        0x4 c:/program files (x86)/atollic/truestudio for stmicroelectronics stm32 lite 2.3.0/armtools/bin/../lib/gcc/arm-atollic-eabi/4.5.1/../../../../arm-atollic-eabi/lib/thumb/cortex-m4/fpv4-sp-d16\libc.a(lib_a-syscalls.o)
 *(COMMON)
 COMMON         0x2000069c       0x4c src\main.o
                0x2000069c                mainI
                0x2000069e                tmpInteger
                0x200006a0                TimeBefore_IMU_Task
                0x200006a4                tmpFloat
                0x200006a8                State
                0x200006ac                Number
                0x200006b0                TimeBefore_SendIMUData_Task
                0x200006b4                SendBuffer
                0x200006bc                ReceiveBuffer
                0x200006c4                OutputArray
 COMMON         0x200006e8       0x26 Libraries\Ultrasonic_Sensor\src\Ultrasonic_Sensor.o
                0x200006e8                IC1ReadValues
                0x20000708                Capture
                0x2000070c                StateBefore
                0x2000070d                CaptureNumber2
 *fill*         0x2000070e        0x2 00
 COMMON         0x20000710       0xc8 Libraries\Serial\src\Serial.o
                0x20000710                Serial_RxBuffer
                0x20000774                GlobalStringBuffer
 COMMON         0x200007d8       0x34 Libraries\RC_Receiver\src\RC_Receiver.o
                0x200007d8                Rudder
                0x200007da                Aileron
                0x200007dc                Throttle
                0x200007e0                IC3ReadValues
                0x20000808                CaptureNumber1
                0x2000080a                Elevation
 COMMON         0x2000080c       0xb0 Libraries\PID\src\PID.o
                0x2000080c                PID_RollVar
                0x20000840                PID_RC
                0x20000844                QuadCopter
                0x20000854                PID_YawVar
                0x20000888                PID_PitchVar
 COMMON         0x200008bc       0x50 Libraries\IMU_Sensors\src\IMU_Sensors.o
                0x200008bc                IMU_gyroSamples
                0x200008c8                IMU_accelerometerSamples
                0x200008d4                IMU_I2C_ReceiveBuffer
                0x200008dc                IMU_magnetom
                0x200008e8                IMU_magnetometerSamples
                0x200008f4                IMU_gyro
                0x20000900                IMU_accel
 COMMON         0x2000090c       0x4c Libraries\IMU_Sensors\src\IMU_DCM.o
                0x2000090c                IMU_Yaw_Final
                0x20000910                cos_pitch
                0x20000914                IMU_Pitch
                0x20000918                mag_x
                0x2000091c                MAG_Heading
                0x20000920                IMU_Roll
                0x20000924                sin_pitch
                0x20000928                Accel_magnitude
                0x2000092c                IMU_Roll_Final
                0x20000930                mag_y
                0x20000934                errorCourse
                0x20000938                IMU_Yaw
                0x2000093c                mag_heading_y
                0x20000940                Accel_weight
                0x20000944                sin_roll
                0x20000948                mag_heading_x
                0x2000094c                IMU_Pitch_Final
                0x20000950                G_Dt
                0x20000954                cos_roll
 COMMON         0x20000958       0x5c Libraries\IMU_Sensors\src\IMU_Calibration.o
                0x20000958                GyroOffsetX
                0x2000095c                gyro_average
                0x20000968                CalibrationPaused
                0x2000096c                AccelerometerOffsetX
                0x20000970                GyroOffsetZ
                0x20000974                GyroOffsetY
                0x20000978                CalibrationStep
                0x2000097c                AccelerometerOffsetY
                0x20000980                accel_max
                0x20000988                accel_min
                0x20000990                MagnetometerOffsetY
                0x20000994                magnetom_min
                0x2000099c                magnetom_max
                0x200009a4                MagnetometerOffsetZ
                0x200009a8                AccelerometerOffsetZ
                0x200009ac                MagnetometerOffsetX
                0x200009b0                gyro_num_samples
 COMMON         0x200009b4       0x22 Libraries\IMU_Sensors\src\IMU.o
                0x200009b4                IMU_Average
                0x200009cc                IMU_TimeStamp_Old
                0x200009d0                IMU_TimeStamp
                0x200009d4                IMU_TimeStepus
 COMMON         0x200009d6        0x4 Libraries\ESC\src\ESC.o
                0x200009d6                PeriodValue
                0x200009d8                PrescalerValue
 *fill*         0x200009da        0x2 00
 COMMON         0x200009dc        0x8 Libraries\Delay\Delay.o
                0x200009dc                TimingDelayus1
                0x200009e0                TimingDelayus2
 COMMON         0x200009e4        0x4 c:/program files (x86)/atollic/truestudio for stmicroelectronics stm32 lite 2.3.0/armtools/bin/../lib/gcc/arm-atollic-eabi/4.5.1/../../../../arm-atollic-eabi/lib/thumb/cortex-m4/fpv4-sp-d16\libc.a(lib_a-reent.o)
                0x200009e4                errno
                0x200009e8                . = ALIGN (0x4)
                0x200009e8                _ebss = .
                0x200009e8                __bss_end__ = _ebss

._user_heap_stack
                0x200009e8      0x400 load address 0x0800c278
                0x200009e8                . = ALIGN (0x4)
                0x200009e8                PROVIDE (end, .)
                0x200009e8                PROVIDE (_end, .)
                0x200009e8                . = (. + _Min_Heap_Size)
                0x20000de8                . = (. + _Min_Stack_Size)
 *fill*         0x200009e8      0x400 00
                0x20000de8                . = ALIGN (0x4)

.memory_b1_text
 *(.mb1text)
 *(.mb1text*)
 *(.mb1rodata)
 *(.mb1rodata*)

/DISCARD/
 libc.a(*)
 libm.a(*)
 libgcc.a(*)

.ARM.attributes
                0x00000000       0x33
 *(.ARM.attributes)
 .ARM.attributes
                0x00000000       0x27 c:/program files (x86)/atollic/truestudio for stmicroelectronics stm32 lite 2.3.0/armtools/bin/../lib/gcc/arm-atollic-eabi/4.5.1/thumb/cortex-m4/fpv4-sp-d16/crti.o
 .ARM.attributes
                0x00000027       0x31 c:/program files (x86)/atollic/truestudio for stmicroelectronics stm32 lite 2.3.0/armtools/bin/../lib/gcc/arm-atollic-eabi/4.5.1/thumb/cortex-m4/fpv4-sp-d16/crtbegin.o
 .ARM.attributes
                0x00000058       0x37 src\system_stm32f4xx.o
 .ARM.attributes
                0x0000008f       0x37 src\stm32f4xx_it.o
 .ARM.attributes
                0x000000c6       0x21 src\startup_stm32f4xx.o
 .ARM.attributes
                0x000000e7       0x37 src\main.o
 .ARM.attributes
                0x0000011e       0x37 Libraries\nRF24\src\nRF24_SPI.o
 .ARM.attributes
                0x00000155       0x37 Libraries\nRF24\src\nRF24_Package.o
 .ARM.attributes
                0x0000018c       0x37 Libraries\nRF24\src\nRF24.o
 .ARM.attributes
                0x000001c3       0x37 Libraries\Ultrasonic_Sensor\src\Ultrasonic_Sensor.o
 .ARM.attributes
                0x000001fa       0x37 Libraries\Serial\src\Serial.o
 .ARM.attributes
                0x00000231       0x37 Libraries\STM32F4xx_StdPeriph_Driver\src\stm32f4xx_wwdg.o
 .ARM.attributes
                0x00000268       0x37 Libraries\STM32F4xx_StdPeriph_Driver\src\stm32f4xx_usart.o
 .ARM.attributes
                0x0000029f       0x37 Libraries\STM32F4xx_StdPeriph_Driver\src\stm32f4xx_tim.o
 .ARM.attributes
                0x000002d6       0x37 Libraries\STM32F4xx_StdPeriph_Driver\src\stm32f4xx_syscfg.o
 .ARM.attributes
                0x0000030d       0x37 Libraries\STM32F4xx_StdPeriph_Driver\src\stm32f4xx_spi.o
 .ARM.attributes
                0x00000344       0x37 Libraries\STM32F4xx_StdPeriph_Driver\src\stm32f4xx_sdio.o
 .ARM.attributes
                0x0000037b       0x37 Libraries\STM32F4xx_StdPeriph_Driver\src\stm32f4xx_rtc.o
 .ARM.attributes
                0x000003b2       0x37 Libraries\STM32F4xx_StdPeriph_Driver\src\stm32f4xx_rng.o
 .ARM.attributes
                0x000003e9       0x37 Libraries\STM32F4xx_StdPeriph_Driver\src\stm32f4xx_rcc.o
 .ARM.attributes
                0x00000420       0x37 Libraries\STM32F4xx_StdPeriph_Driver\src\stm32f4xx_pwr.o
 .ARM.attributes
                0x00000457       0x37 Libraries\STM32F4xx_StdPeriph_Driver\src\stm32f4xx_iwdg.o
 .ARM.attributes
                0x0000048e       0x37 Libraries\STM32F4xx_StdPeriph_Driver\src\stm32f4xx_i2c.o
 .ARM.attributes
                0x000004c5       0x37 Libraries\STM32F4xx_StdPeriph_Driver\src\stm32f4xx_hash_sha1.o
 .ARM.attributes
                0x000004fc       0x37 Libraries\STM32F4xx_StdPeriph_Driver\src\stm32f4xx_hash_md5.o
 .ARM.attributes
                0x00000533       0x37 Libraries\STM32F4xx_StdPeriph_Driver\src\stm32f4xx_hash.o
 .ARM.attributes
                0x0000056a       0x37 Libraries\STM32F4xx_StdPeriph_Driver\src\stm32f4xx_gpio.o
 .ARM.attributes
                0x000005a1       0x37 Libraries\STM32F4xx_StdPeriph_Driver\src\stm32f4xx_fsmc.o
 .ARM.attributes
                0x000005d8       0x37 Libraries\STM32F4xx_StdPeriph_Driver\src\stm32f4xx_flash.o
 .ARM.attributes
                0x0000060f       0x37 Libraries\STM32F4xx_StdPeriph_Driver\src\stm32f4xx_exti.o
 .ARM.attributes
                0x00000646       0x37 Libraries\STM32F4xx_StdPeriph_Driver\src\stm32f4xx_dma.o
 .ARM.attributes
                0x0000067d       0x37 Libraries\STM32F4xx_StdPeriph_Driver\src\stm32f4xx_dcmi.o
 .ARM.attributes
                0x000006b4       0x37 Libraries\STM32F4xx_StdPeriph_Driver\src\stm32f4xx_dbgmcu.o
 .ARM.attributes
                0x000006eb       0x37 Libraries\STM32F4xx_StdPeriph_Driver\src\stm32f4xx_dac.o
 .ARM.attributes
                0x00000722       0x37 Libraries\STM32F4xx_StdPeriph_Driver\src\stm32f4xx_cryp_tdes.o
 .ARM.attributes
                0x00000759       0x37 Libraries\STM32F4xx_StdPeriph_Driver\src\stm32f4xx_cryp_des.o
 .ARM.attributes
                0x00000790       0x37 Libraries\STM32F4xx_StdPeriph_Driver\src\stm32f4xx_cryp_aes.o
 .ARM.attributes
                0x000007c7       0x37 Libraries\STM32F4xx_StdPeriph_Driver\src\stm32f4xx_cryp.o
 .ARM.attributes
                0x000007fe       0x37 Libraries\STM32F4xx_StdPeriph_Driver\src\stm32f4xx_crc.o
 .ARM.attributes
                0x00000835       0x37 Libraries\STM32F4xx_StdPeriph_Driver\src\stm32f4xx_can.o
 .ARM.attributes
                0x0000086c       0x37 Libraries\STM32F4xx_StdPeriph_Driver\src\stm32f4xx_adc.o
 .ARM.attributes
                0x000008a3       0x37 Libraries\STM32F4xx_StdPeriph_Driver\src\misc.o
 .ARM.attributes
                0x000008da       0x37 Libraries\RC_Receiver\src\RC_Receiver.o
 .ARM.attributes
                0x00000911       0x37 Libraries\PID\src\PID.o
 .ARM.attributes
                0x00000948       0x37 Libraries\IO_Devices\src\IO_Devices.o
 .ARM.attributes
                0x0000097f       0x37 Libraries\IMU_Sensors\src\IMU_Vectors.o
 .ARM.attributes
                0x000009b6       0x37 Libraries\IMU_Sensors\src\IMU_Sensors.o
 .ARM.attributes
                0x000009ed       0x37 Libraries\IMU_Sensors\src\IMU_I2C.o
 .ARM.attributes
                0x00000a24       0x37 Libraries\IMU_Sensors\src\IMU_DCM.o
 .ARM.attributes
                0x00000a5b       0x37 Libraries\IMU_Sensors\src\IMU_Calibration.o
 .ARM.attributes
                0x00000a92       0x37 Libraries\IMU_Sensors\src\IMU.o
 .ARM.attributes
                0x00000ac9       0x37 Libraries\ESC\src\ESC.o
 .ARM.attributes
                0x00000b00       0x37 Libraries\Delay\Delay.o
 .ARM.attributes
                0x00000b37       0x37 Libraries\BMP085\src\BMP085.o
 .ARM.attributes
                0x00000b6e       0x31 c:/program files (x86)/atollic/truestudio for stmicroelectronics stm32 lite 2.3.0/armtools/bin/../lib/gcc/arm-atollic-eabi/4.5.1/../../../../arm-atollic-eabi/lib/thumb/cortex-m4/fpv4-sp-d16\libm.a(lib_a-s_cos.o)
 .ARM.attributes
                0x00000b9f       0x31 c:/program files (x86)/atollic/truestudio for stmicroelectronics stm32 lite 2.3.0/armtools/bin/../lib/gcc/arm-atollic-eabi/4.5.1/../../../../arm-atollic-eabi/lib/thumb/cortex-m4/fpv4-sp-d16\libm.a(lib_a-s_sin.o)
 .ARM.attributes
                0x00000bd0       0x31 c:/program files (x86)/atollic/truestudio for stmicroelectronics stm32 lite 2.3.0/armtools/bin/../lib/gcc/arm-atollic-eabi/4.5.1/../../../../arm-atollic-eabi/lib/thumb/cortex-m4/fpv4-sp-d16\libm.a(lib_a-w_asin.o)
 .ARM.attributes
                0x00000c01       0x31 c:/program files (x86)/atollic/truestudio for stmicroelectronics stm32 lite 2.3.0/armtools/bin/../lib/gcc/arm-atollic-eabi/4.5.1/../../../../arm-atollic-eabi/lib/thumb/cortex-m4/fpv4-sp-d16\libm.a(lib_a-w_atan2.o)
 .ARM.attributes
                0x00000c32       0x31 c:/program files (x86)/atollic/truestudio for stmicroelectronics stm32 lite 2.3.0/armtools/bin/../lib/gcc/arm-atollic-eabi/4.5.1/../../../../arm-atollic-eabi/lib/thumb/cortex-m4/fpv4-sp-d16\libm.a(lib_a-w_pow.o)
 .ARM.attributes
                0x00000c63       0x31 c:/program files (x86)/atollic/truestudio for stmicroelectronics stm32 lite 2.3.0/armtools/bin/../lib/gcc/arm-atollic-eabi/4.5.1/../../../../arm-atollic-eabi/lib/thumb/cortex-m4/fpv4-sp-d16\libm.a(lib_a-w_sqrt.o)
 .ARM.attributes
                0x00000c94       0x31 c:/program files (x86)/atollic/truestudio for stmicroelectronics stm32 lite 2.3.0/armtools/bin/../lib/gcc/arm-atollic-eabi/4.5.1/../../../../arm-atollic-eabi/lib/thumb/cortex-m4/fpv4-sp-d16\libm.a(lib_a-e_asin.o)
 .ARM.attributes
                0x00000cc5       0x31 c:/program files (x86)/atollic/truestudio for stmicroelectronics stm32 lite 2.3.0/armtools/bin/../lib/gcc/arm-atollic-eabi/4.5.1/../../../../arm-atollic-eabi/lib/thumb/cortex-m4/fpv4-sp-d16\libm.a(lib_a-e_atan2.o)
 .ARM.attributes
                0x00000cf6       0x31 c:/program files (x86)/atollic/truestudio for stmicroelectronics stm32 lite 2.3.0/armtools/bin/../lib/gcc/arm-atollic-eabi/4.5.1/../../../../arm-atollic-eabi/lib/thumb/cortex-m4/fpv4-sp-d16\libm.a(lib_a-e_pow.o)
 .ARM.attributes
                0x00000d27       0x31 c:/program files (x86)/atollic/truestudio for stmicroelectronics stm32 lite 2.3.0/armtools/bin/../lib/gcc/arm-atollic-eabi/4.5.1/../../../../arm-atollic-eabi/lib/thumb/cortex-m4/fpv4-sp-d16\libm.a(lib_a-e_rem_pio2.o)
 .ARM.attributes
                0x00000d58       0x31 c:/program files (x86)/atollic/truestudio for stmicroelectronics stm32 lite 2.3.0/armtools/bin/../lib/gcc/arm-atollic-eabi/4.5.1/../../../../arm-atollic-eabi/lib/thumb/cortex-m4/fpv4-sp-d16\libm.a(lib_a-e_sqrt.o)
 .ARM.attributes
                0x00000d89       0x31 c:/program files (x86)/atollic/truestudio for stmicroelectronics stm32 lite 2.3.0/armtools/bin/../lib/gcc/arm-atollic-eabi/4.5.1/../../../../arm-atollic-eabi/lib/thumb/cortex-m4/fpv4-sp-d16\libm.a(lib_a-k_cos.o)
 .ARM.attributes
                0x00000dba       0x31 c:/program files (x86)/atollic/truestudio for stmicroelectronics stm32 lite 2.3.0/armtools/bin/../lib/gcc/arm-atollic-eabi/4.5.1/../../../../arm-atollic-eabi/lib/thumb/cortex-m4/fpv4-sp-d16\libm.a(lib_a-k_rem_pio2.o)
 .ARM.attributes
                0x00000deb       0x31 c:/program files (x86)/atollic/truestudio for stmicroelectronics stm32 lite 2.3.0/armtools/bin/../lib/gcc/arm-atollic-eabi/4.5.1/../../../../arm-atollic-eabi/lib/thumb/cortex-m4/fpv4-sp-d16\libm.a(lib_a-k_sin.o)
 .ARM.attributes
                0x00000e1c       0x31 c:/program files (x86)/atollic/truestudio for stmicroelectronics stm32 lite 2.3.0/armtools/bin/../lib/gcc/arm-atollic-eabi/4.5.1/../../../../arm-atollic-eabi/lib/thumb/cortex-m4/fpv4-sp-d16\libm.a(lib_a-s_atan.o)
 .ARM.attributes
                0x00000e4d       0x31 c:/program files (x86)/atollic/truestudio for stmicroelectronics stm32 lite 2.3.0/armtools/bin/../lib/gcc/arm-atollic-eabi/4.5.1/../../../../arm-atollic-eabi/lib/thumb/cortex-m4/fpv4-sp-d16\libm.a(lib_a-s_fabs.o)
 .ARM.attributes
                0x00000e7e       0x31 c:/program files (x86)/atollic/truestudio for stmicroelectronics stm32 lite 2.3.0/armtools/bin/../lib/gcc/arm-atollic-eabi/4.5.1/../../../../arm-atollic-eabi/lib/thumb/cortex-m4/fpv4-sp-d16\libm.a(lib_a-s_finite.o)
 .ARM.attributes
                0x00000eaf       0x31 c:/program files (x86)/atollic/truestudio for stmicroelectronics stm32 lite 2.3.0/armtools/bin/../lib/gcc/arm-atollic-eabi/4.5.1/../../../../arm-atollic-eabi/lib/thumb/cortex-m4/fpv4-sp-d16\libm.a(lib_a-s_floor.o)
 .ARM.attributes
                0x00000ee0       0x31 c:/program files (x86)/atollic/truestudio for stmicroelectronics stm32 lite 2.3.0/armtools/bin/../lib/gcc/arm-atollic-eabi/4.5.1/../../../../arm-atollic-eabi/lib/thumb/cortex-m4/fpv4-sp-d16\libm.a(lib_a-s_fpclassify.o)
 .ARM.attributes
                0x00000f11       0x31 c:/program files (x86)/atollic/truestudio for stmicroelectronics stm32 lite 2.3.0/armtools/bin/../lib/gcc/arm-atollic-eabi/4.5.1/../../../../arm-atollic-eabi/lib/thumb/cortex-m4/fpv4-sp-d16\libm.a(lib_a-s_lib_ver.o)
 .ARM.attributes
                0x00000f42       0x31 c:/program files (x86)/atollic/truestudio for stmicroelectronics stm32 lite 2.3.0/armtools/bin/../lib/gcc/arm-atollic-eabi/4.5.1/../../../../arm-atollic-eabi/lib/thumb/cortex-m4/fpv4-sp-d16\libm.a(lib_a-s_matherr.o)
 .ARM.attributes
                0x00000f73       0x31 c:/program files (x86)/atollic/truestudio for stmicroelectronics stm32 lite 2.3.0/armtools/bin/../lib/gcc/arm-atollic-eabi/4.5.1/../../../../arm-atollic-eabi/lib/thumb/cortex-m4/fpv4-sp-d16\libm.a(lib_a-s_nan.o)
 .ARM.attributes
                0x00000fa4       0x31 c:/program files (x86)/atollic/truestudio for stmicroelectronics stm32 lite 2.3.0/armtools/bin/../lib/gcc/arm-atollic-eabi/4.5.1/../../../../arm-atollic-eabi/lib/thumb/cortex-m4/fpv4-sp-d16\libm.a(lib_a-s_rint.o)
 .ARM.attributes
                0x00000fd5       0x31 c:/program files (x86)/atollic/truestudio for stmicroelectronics stm32 lite 2.3.0/armtools/bin/../lib/gcc/arm-atollic-eabi/4.5.1/../../../../arm-atollic-eabi/lib/thumb/cortex-m4/fpv4-sp-d16\libm.a(lib_a-s_scalbn.o)
 .ARM.attributes
                0x00001006       0x31 c:/program files (x86)/atollic/truestudio for stmicroelectronics stm32 lite 2.3.0/armtools/bin/../lib/gcc/arm-atollic-eabi/4.5.1/../../../../arm-atollic-eabi/lib/thumb/cortex-m4/fpv4-sp-d16\libm.a(lib_a-s_copysign.o)
 .ARM.attributes
                0x00001037       0x29 c:/program files (x86)/atollic/truestudio for stmicroelectronics stm32 lite 2.3.0/armtools/bin/../lib/gcc/arm-atollic-eabi/4.5.1/thumb/cortex-m4/fpv4-sp-d16\libgcc.a(_arm_addsubdf3.o)
 .ARM.attributes
                0x00001060       0x29 c:/program files (x86)/atollic/truestudio for stmicroelectronics stm32 lite 2.3.0/armtools/bin/../lib/gcc/arm-atollic-eabi/4.5.1/thumb/cortex-m4/fpv4-sp-d16\libgcc.a(_arm_muldivdf3.o)
 .ARM.attributes
                0x00001089       0x29 c:/program files (x86)/atollic/truestudio for stmicroelectronics stm32 lite 2.3.0/armtools/bin/../lib/gcc/arm-atollic-eabi/4.5.1/thumb/cortex-m4/fpv4-sp-d16\libgcc.a(_arm_cmpdf2.o)
 .ARM.attributes
                0x000010b2       0x29 c:/program files (x86)/atollic/truestudio for stmicroelectronics stm32 lite 2.3.0/armtools/bin/../lib/gcc/arm-atollic-eabi/4.5.1/thumb/cortex-m4/fpv4-sp-d16\libgcc.a(_arm_fixdfsi.o)
 .ARM.attributes
                0x000010db       0x29 c:/program files (x86)/atollic/truestudio for stmicroelectronics stm32 lite 2.3.0/armtools/bin/../lib/gcc/arm-atollic-eabi/4.5.1/thumb/cortex-m4/fpv4-sp-d16\libgcc.a(_arm_fixunsdfsi.o)
 .ARM.attributes
                0x00001104       0x29 c:/program files (x86)/atollic/truestudio for stmicroelectronics stm32 lite 2.3.0/armtools/bin/../lib/gcc/arm-atollic-eabi/4.5.1/thumb/cortex-m4/fpv4-sp-d16\libgcc.a(_arm_truncdfsf2.o)
 .ARM.attributes
                0x0000112d       0x31 c:/program files (x86)/atollic/truestudio for stmicroelectronics stm32 lite 2.3.0/armtools/bin/../lib/gcc/arm-atollic-eabi/4.5.1/../../../../arm-atollic-eabi/lib/thumb/cortex-m4/fpv4-sp-d16\libc.a(lib_a-errno.o)
 .ARM.attributes
                0x0000115e       0x31 c:/program files (x86)/atollic/truestudio for stmicroelectronics stm32 lite 2.3.0/armtools/bin/../lib/gcc/arm-atollic-eabi/4.5.1/../../../../arm-atollic-eabi/lib/thumb/cortex-m4/fpv4-sp-d16\libc.a(lib_a-impure.o)
 .ARM.attributes
                0x0000118f       0x31 c:/program files (x86)/atollic/truestudio for stmicroelectronics stm32 lite 2.3.0/armtools/bin/../lib/gcc/arm-atollic-eabi/4.5.1/../../../../arm-atollic-eabi/lib/thumb/cortex-m4/fpv4-sp-d16\libc.a(lib_a-init.o)
 .ARM.attributes
                0x000011c0       0x31 c:/program files (x86)/atollic/truestudio for stmicroelectronics stm32 lite 2.3.0/armtools/bin/../lib/gcc/arm-atollic-eabi/4.5.1/../../../../arm-atollic-eabi/lib/thumb/cortex-m4/fpv4-sp-d16\libc.a(lib_a-memcpy.o)
 .ARM.attributes
                0x000011f1       0x31 c:/program files (x86)/atollic/truestudio for stmicroelectronics stm32 lite 2.3.0/armtools/bin/../lib/gcc/arm-atollic-eabi/4.5.1/../../../../arm-atollic-eabi/lib/thumb/cortex-m4/fpv4-sp-d16\libc.a(lib_a-sprintf.o)
 .ARM.attributes
                0x00001222       0x31 c:/program files (x86)/atollic/truestudio for stmicroelectronics stm32 lite 2.3.0/armtools/bin/../lib/gcc/arm-atollic-eabi/4.5.1/../../../../arm-atollic-eabi/lib/thumb/cortex-m4/fpv4-sp-d16\libc.a(lib_a-svfprintf.o)
 .ARM.attributes
                0x00001253       0x31 c:/program files (x86)/atollic/truestudio for stmicroelectronics stm32 lite 2.3.0/armtools/bin/../lib/gcc/arm-atollic-eabi/4.5.1/../../../../arm-atollic-eabi/lib/thumb/cortex-m4/fpv4-sp-d16\libc.a(lib_a-dtoa.o)
 .ARM.attributes
                0x00001284       0x31 c:/program files (x86)/atollic/truestudio for stmicroelectronics stm32 lite 2.3.0/armtools/bin/../lib/gcc/arm-atollic-eabi/4.5.1/../../../../arm-atollic-eabi/lib/thumb/cortex-m4/fpv4-sp-d16\libc.a(lib_a-locale.o)
 .ARM.attributes
                0x000012b5       0x31 c:/program files (x86)/atollic/truestudio for stmicroelectronics stm32 lite 2.3.0/armtools/bin/../lib/gcc/arm-atollic-eabi/4.5.1/../../../../arm-atollic-eabi/lib/thumb/cortex-m4/fpv4-sp-d16\libc.a(lib_a-malloc.o)
 .ARM.attributes
                0x000012e6       0x31 c:/program files (x86)/atollic/truestudio for stmicroelectronics stm32 lite 2.3.0/armtools/bin/../lib/gcc/arm-atollic-eabi/4.5.1/../../../../arm-atollic-eabi/lib/thumb/cortex-m4/fpv4-sp-d16\libc.a(lib_a-mallocr.o)
 .ARM.attributes
                0x00001317       0x31 c:/program files (x86)/atollic/truestudio for stmicroelectronics stm32 lite 2.3.0/armtools/bin/../lib/gcc/arm-atollic-eabi/4.5.1/../../../../arm-atollic-eabi/lib/thumb/cortex-m4/fpv4-sp-d16\libc.a(lib_a-memchr.o)