Archive member included because of file (symbol)

c:/program files (x86)/atollic/truestudio for stmicroelectronics stm32 lite 2.3.0/armtools/bin/../lib/gcc/arm-atollic-eabi/4.5.1/../../../../arm-atollic-eabi/lib/thumb/cortex-m4/fpv4-sp-d16\libm.a(lib_a-s_cos.o)
                              Libraries\IMU_Sensors\src\IMU_Vectors.o (cos)
c:/program files (x86)/atollic/truestudio for stmicroelectronics stm32 lite 2.3.0/armtools/bin/../lib/gcc/arm-atollic-eabi/4.5.1/../../../../arm-atollic-eabi/lib/thumb/cortex-m4/fpv4-sp-d16\libm.a(lib_a-s_sin.o)
                              Libraries\IMU_Sensors\src\IMU_Vectors.o (sin)
c:/program files (x86)/atollic/truestudio for stmicroelectronics stm32 lite 2.3.0/armtools/bin/../lib/gcc/arm-atollic-eabi/4.5.1/../../../../arm-atollic-eabi/lib/thumb/cortex-m4/fpv4-sp-d16\libm.a(lib_a-w_asin.o)
                              Libraries\IMU_Sensors\src\IMU_DCM.o (asin)
c:/program files (x86)/atollic/truestudio for stmicroelectronics stm32 lite 2.3.0/armtools/bin/../lib/gcc/arm-atollic-eabi/4.5.1/../../../../arm-atollic-eabi/lib/thumb/cortex-m4/fpv4-sp-d16\libm.a(lib_a-w_atan2.o)
                              Libraries\IMU_Sensors\src\IMU_DCM.o (atan2)
c:/program files (x86)/atollic/truestudio for stmicroelectronics stm32 lite 2.3.0/armtools/bin/../lib/gcc/arm-atollic-eabi/4.5.1/../../../../arm-atollic-eabi/lib/thumb/cortex-m4/fpv4-sp-d16\libm.a(lib_a-w_pow.o)
                              src\main.o (pow)
c:/program files (x86)/atollic/truestudio for stmicroelectronics stm32 lite 2.3.0/armtools/bin/../lib/gcc/arm-atollic-eabi/4.5.1/../../../../arm-atollic-eabi/lib/thumb/cortex-m4/fpv4-sp-d16\libm.a(lib_a-w_sqrt.o)
                              Libraries\IMU_Sensors\src\IMU_DCM.o (sqrt)
c:/program files (x86)/atollic/truestudio for stmicroelectronics stm32 lite 2.3.0/armtools/bin/../lib/gcc/arm-atollic-eabi/4.5.1/../../../../arm-atollic-eabi/lib/thumb/cortex-m4/fpv4-sp-d16\libm.a(lib_a-e_asin.o)
                              c:/program files (x86)/atollic/truestudio for stmicroelectronics stm32 lite 2.3.0/armtools/bin/../lib/gcc/arm-atollic-eabi/4.5.1/../../../../arm-atollic-eabi/lib/thumb/cortex-m4/fpv4-sp-d16\libm.a(lib_a-w_asin.o) (__ieee754_asin)
c:/program files (x86)/atollic/truestudio for stmicroelectronics stm32 lite 2.3.0/armtools/bin/../lib/gcc/arm-atollic-eabi/4.5.1/../../../../arm-atollic-eabi/lib/thumb/cortex-m4/fpv4-sp-d16\libm.a(lib_a-e_atan2.o)
                              c:/program files (x86)/atollic/truestudio for stmicroelectronics stm32 lite 2.3.0/armtools/bin/../lib/gcc/arm-atollic-eabi/4.5.1/../../../../arm-atollic-eabi/lib/thumb/cortex-m4/fpv4-sp-d16\libm.a(lib_a-w_atan2.o) (__ieee754_atan2)
c:/program files (x86)/atollic/truestudio for stmicroelectronics stm32 lite 2.3.0/armtools/bin/../lib/gcc/arm-atollic-eabi/4.5.1/../../../../arm-atollic-eabi/lib/thumb/cortex-m4/fpv4-sp-d16\libm.a(lib_a-e_pow.o)
                              c:/program files (x86)/atollic/truestudio for stmicroelectronics stm32 lite 2.3.0/armtools/bin/../lib/gcc/arm-atollic-eabi/4.5.1/../../../../arm-atollic-eabi/lib/thumb/cortex-m4/fpv4-sp-d16\libm.a(lib_a-w_pow.o) (__ieee754_pow)
c:/program files (x86)/atollic/truestudio for stmicroelectronics stm32 lite 2.3.0/armtools/bin/../lib/gcc/arm-atollic-eabi/4.5.1/../../../../arm-atollic-eabi/lib/thumb/cortex-m4/fpv4-sp-d16\libm.a(lib_a-e_rem_pio2.o)
                              c:/program files (x86)/atollic/truestudio for stmicroelectronics stm32 lite 2.3.0/armtools/bin/../lib/gcc/arm-atollic-eabi/4.5.1/../../../../arm-atollic-eabi/lib/thumb/cortex-m4/fpv4-sp-d16\libm.a(lib_a-s_cos.o) (__ieee754_rem_pio2)
c:/program files (x86)/atollic/truestudio for stmicroelectronics stm32 lite 2.3.0/armtools/bin/../lib/gcc/arm-atollic-eabi/4.5.1/../../../../arm-atollic-eabi/lib/thumb/cortex-m4/fpv4-sp-d16\libm.a(lib_a-e_sqrt.o)
                              c:/program files (x86)/atollic/truestudio for stmicroelectronics stm32 lite 2.3.0/armtools/bin/../lib/gcc/arm-atollic-eabi/4.5.1/../../../../arm-atollic-eabi/lib/thumb/cortex-m4/fpv4-sp-d16\libm.a(lib_a-w_sqrt.o) (__ieee754_sqrt)
c:/program files (x86)/atollic/truestudio for stmicroelectronics stm32 lite 2.3.0/armtools/bin/../lib/gcc/arm-atollic-eabi/4.5.1/../../../../arm-atollic-eabi/lib/thumb/cortex-m4/fpv4-sp-d16\libm.a(lib_a-k_cos.o)
                              c:/program files (x86)/atollic/truestudio for stmicroelectronics stm32 lite 2.3.0/armtools/bin/../lib/gcc/arm-atollic-eabi/4.5.1/../../../../arm-atollic-eabi/lib/thumb/cortex-m4/fpv4-sp-d16\libm.a(lib_a-s_cos.o) (__kernel_cos)
c:/program files (x86)/atollic/truestudio for stmicroelectronics stm32 lite 2.3.0/armtools/bin/../lib/gcc/arm-atollic-eabi/4.5.1/../../../../arm-atollic-eabi/lib/thumb/cortex-m4/fpv4-sp-d16\libm.a(lib_a-k_rem_pio2.o)
[...]
Memory Configuration

Name             Origin             Length             Attributes
FLASH            0x08000000         0x00100000         xr
RAM              0x20000000         0x00020000         xrw
MEMORY_B1        0x60000000         0x00000000         xr
*default*        0x00000000         0xffffffff

Linker script and memory map

LOAD c:/program files (x86)/atollic/truestudio for stmicroelectronics stm32 lite 2.3.0/armtools/bin/../lib/gcc/arm-atollic-eabi/4.5.1/thumb/cortex-m4/fpv4-sp-d16/crti.o
LOAD c:/program files (x86)/atollic/truestudio for stmicroelectronics stm32 lite 2.3.0/armtools/bin/../lib/gcc/arm-atollic-eabi/4.5.1/thumb/cortex-m4/fpv4-sp-d16/crtbegin.o
LOAD src\system_stm32f4xx.o
LOAD src\stm32f4xx_it.o
LOAD src\startup_stm32f4xx.o
LOAD src\main.o
LOAD Libraries\nRF24\src\nRF24_SPI.o
LOAD Libraries\nRF24\src\nRF24_Package.o
LOAD Libraries\nRF24\src\nRF24.o
LOAD Libraries\Ultrasonic_Sensor\src\Ultrasonic_Sensor.o
LOAD Libraries\Serial\src\Serial.o
LOAD Libraries\STM32F4xx_StdPeriph_Driver\src\stm32f4xx_wwdg.o
LOAD Libraries\STM32F4xx_StdPeriph_Driver\src\stm32f4xx_usart.o
LOAD Libraries\STM32F4xx_StdPeriph_Driver\src\stm32f4xx_tim.o
LOAD Libraries\STM32F4xx_StdPeriph_Driver\src\stm32f4xx_syscfg.o
LOAD Libraries\STM32F4xx_StdPeriph_Driver\src\stm32f4xx_spi.o
LOAD Libraries\STM32F4xx_StdPeriph_Driver\src\stm32f4xx_sdio.o
LOAD Libraries\STM32F4xx_StdPeriph_Driver\src\stm32f4xx_rtc.o
LOAD Libraries\STM32F4xx_StdPeriph_Driver\src\stm32f4xx_rng.o
LOAD Libraries\STM32F4xx_StdPeriph_Driver\src\stm32f4xx_rcc.o
LOAD Libraries\STM32F4xx_StdPeriph_Driver\src\stm32f4xx_pwr.o
LOAD Libraries\STM32F4xx_StdPeriph_Driver\src\stm32f4xx_iwdg.o
LOAD Libraries\STM32F4xx_StdPeriph_Driver\src\stm32f4xx_i2c.o
LOAD Libraries\STM32F4xx_StdPeriph_Driver\src\stm32f4xx_hash_sha1.o
LOAD Libraries\STM32F4xx_StdPeriph_Driver\src\stm32f4xx_hash_md5.o
LOAD Libraries\STM32F4xx_StdPeriph_Driver\src\stm32f4xx_hash.o
LOAD Libraries\STM32F4xx_StdPeriph_Driver\src\stm32f4xx_gpio.o
LOAD Libraries\STM32F4xx_StdPeriph_Driver\src\stm32f4xx_fsmc.o
LOAD Libraries\STM32F4xx_StdPeriph_Driver\src\stm32f4xx_flash.o
LOAD Libraries\STM32F4xx_StdPeriph_Driver\src\stm32f4xx_exti.o
LOAD Libraries\STM32F4xx_StdPeriph_Driver\src\stm32f4xx_dma.o
LOAD Libraries\STM32F4xx_StdPeriph_Driver\src\stm32f4xx_dcmi.o
LOAD Libraries\STM32F4xx_StdPeriph_Driver\src\stm32f4xx_dbgmcu.o
LOAD Libraries\STM32F4xx_StdPeriph_Driver\src\stm32f4xx_dac.o
LOAD Libraries\STM32F4xx_StdPeriph_Driver\src\stm32f4xx_cryp_tdes.o
LOAD Libraries\STM32F4xx_StdPeriph_Driver\src\stm32f4xx_cryp_des.o
LOAD Libraries\STM32F4xx_StdPeriph_Driver\src\stm32f4xx_cryp_aes.o
LOAD Libraries\STM32F4xx_StdPeriph_Driver\src\stm32f4xx_cryp.o
LOAD Libraries\STM32F4xx_StdPeriph_Driver\src\stm32f4xx_crc.o
LOAD Libraries\STM32F4xx_StdPeriph_Driver\src\stm32f4xx_can.o
LOAD Libraries\STM32F4xx_StdPeriph_Driver\src\stm32f4xx_adc.o
LOAD Libraries\STM32F4xx_StdPeriph_Driver\src\misc.o
LOAD Libraries\PID\src\PID.o
LOAD Libraries\IO_Devices\src\IO_Devices.o
LOAD Libraries\IMU_Sensors\src\IMU_Vectors.o
LOAD Libraries\IMU_Sensors\src\IMU_Sensors.o
LOAD Libraries\IMU_Sensors\src\IMU_I2C.o
LOAD Libraries\IMU_Sensors\src\IMU_DCM.o
LOAD Libraries\IMU_Sensors\src\IMU_Calibration.o
LOAD Libraries\IMU_Sensors\src\IMU.o
LOAD Libraries\ESC\src\ESC.o
LOAD Libraries\Delay\Delay.o
LOAD Libraries\BMP085\src\BMP085.o
LOAD c:/program files (x86)/atollic/truestudio for stmicroelectronics stm32 lite 2.3.0/armtools/bin/../lib/gcc/arm-atollic-eabi/4.5.1/../../../../arm-atollic-eabi/lib/thumb/cortex-m4/fpv4-sp-d16\libm.a
                0x00001000                malloc_getpagesize_P = 0x1000
START GROUP
LOAD c:/program files (x86)/atollic/truestudio for stmicroelectronics stm32 lite 2.3.0/armtools/bin/../lib/gcc/arm-atollic-eabi/4.5.1/thumb/cortex-m4/fpv4-sp-d16\libgcc.a
LOAD c:/program files (x86)/atollic/truestudio for stmicroelectronics stm32 lite 2.3.0/armtools/bin/../lib/gcc/arm-atollic-eabi/4.5.1/../../../../arm-atollic-eabi/lib/thumb/cortex-m4/fpv4-sp-d16\libc.a
END GROUP
LOAD c:/program files (x86)/atollic/truestudio for stmicroelectronics stm32 lite 2.3.0/armtools/bin/../lib/gcc/arm-atollic-eabi/4.5.1/thumb/cortex-m4/fpv4-sp-d16/crtend.o
LOAD c:/program files (x86)/atollic/truestudio for stmicroelectronics stm32 lite 2.3.0/armtools/bin/../lib/gcc/arm-atollic-eabi/4.5.1/thumb/cortex-m4/fpv4-sp-d16/crtn.o
                0x20020000                _estack = 0x20020000
                0x00000000                _Min_Heap_Size = 0x0
                0x00000400                _Min_Stack_Size = 0x400

.isr_vector     0x08000000      0x188
                0x08000000                . = ALIGN (0x4)
 *(.isr_vector)
 .isr_vector    0x08000000      0x188 src\startup_stm32f4xx.o
                0x08000000                g_pfnVectors
                0x08000188                . = ALIGN (0x4)

.text           0x08000188     0xb8a8
                0x08000188                . = ALIGN (0x4)
 *(.text)
 .text          0x08000188       0x30 c:/program files (x86)/atollic/truestudio for stmicroelectronics stm32 lite 2.3.0/armtools/bin/../lib/gcc/arm-atollic-eabi/4.5.1/thumb/cortex-m4/fpv4-sp-d16/crtbegin.o
 .text          0x080001b8      0x370 c:/program files (x86)/atollic/truestudio for stmicroelectronics stm32 lite 2.3.0/armtools/bin/../lib/gcc/arm-atollic-eabi/4.5.1/thumb/cortex-m4/fpv4-sp-d16\libgcc.a(_arm_addsubdf3.o)
                0x080001b8                __aeabi_drsub
                0x080001c0                __aeabi_dsub
                0x080001c0                __subdf3
                0x080001c4                __aeabi_dadd
                0x080001c4                __adddf3
                0x0800043c                __floatunsidf
                0x0800043c                __aeabi_ui2d
                0x0800045c                __floatsidf
                0x0800045c                __aeabi_i2d
                0x08000480                __aeabi_f2d
                0x08000480                __extendsfdf2
                0x080004bc                __floatundidf
                0x080004bc                __aeabi_ul2d
                0x080004cc                __floatdidf
                0x080004cc                __aeabi_l2d
 .text          0x08000528      0x424 c:/program files (x86)/atollic/truestudio for stmicroelectronics stm32 lite 2.3.0/armtools/bin/../lib/gcc/arm-atollic-eabi/4.5.1/thumb/cortex-m4/fpv4-sp-d16\libgcc.a(_arm_muldivdf3.o)
                0x08000528                __aeabi_dmul
                0x08000528                __muldf3
                0x0800077c                __divdf3
                0x0800077c                __aeabi_ddiv
 .text          0x0800094c      0x110 c:/program files (x86)/atollic/truestudio for stmicroelectronics stm32 lite 2.3.0/armtools/bin/../lib/gcc/arm-atollic-eabi/4.5.1/thumb/cortex-m4/fpv4-sp-d16\libgcc.a(_arm_cmpdf2.o)
                0x0800094c                __gtdf2
                0x0800094c                __gedf2
                0x08000954                __ltdf2
                0x08000954                __ledf2
                0x0800095c                __nedf2
                0x0800095c                __eqdf2
                0x0800095c                __cmpdf2
                0x080009d8                __aeabi_cdrcmple
                0x080009e8                __aeabi_cdcmpeq
                0x080009e8                __aeabi_cdcmple
                0x080009f8                __aeabi_dcmpeq
                0x08000a0c                __aeabi_dcmplt
                0x08000a20                __aeabi_dcmple
                0x08000a34                __aeabi_dcmpge
                0x08000a48                __aeabi_dcmpgt
 .text          0x08000a5c       0x50 c:/program files (x86)/atollic/truestudio for stmicroelectronics stm32 lite 2.3.0/armtools/bin/../lib/gcc/arm-atollic-eabi/4.5.1/thumb/cortex-m4/fpv4-sp-d16\libgcc.a(_arm_fixdfsi.o)
                0x08000a5c                __aeabi_d2iz
                0x08000a5c                __fixdfsi
 .text          0x08000aac       0x40 c:/program files (x86)/atollic/truestudio for stmicroelectronics stm32 lite 2.3.0/armtools/bin/../lib/gcc/arm-atollic-eabi/4.5.1/thumb/cortex-m4/fpv4-sp-d16\libgcc.a(_arm_fixunsdfsi.o)
                0x08000aac                __aeabi_d2uiz
                0x08000aac                __fixunsdfsi
 .text          0x08000aec       0xa0 c:/program files (x86)/atollic/truestudio for stmicroelectronics stm32 lite 2.3.0/armtools/bin/../lib/gcc/arm-atollic-eabi/4.5.1/thumb/cortex-m4/fpv4-sp-d16\libgcc.a(_arm_truncdfsf2.o)
                0x08000aec                __truncdfsf2
                0x08000aec                __aeabi_d2f
 .text          0x08000b8c       0x2c c:/program files (x86)/atollic/truestudio for stmicroelectronics stm32 lite 2.3.0/armtools/bin/../lib/gcc/arm-atollic-eabi/4.5.1/thumb/cortex-m4/fpv4-sp-d16\libgcc.a(_aeabi_uldivmod.o)
                0x08000b8c                __aeabi_uldivmod
 .text          0x08000bb8       0x58 c:/program files (x86)/atollic/truestudio for stmicroelectronics stm32 lite 2.3.0/armtools/bin/../lib/gcc/arm-atollic-eabi/4.5.1/thumb/cortex-m4/fpv4-sp-d16\libgcc.a(bpabi.o)
                0x08000bb8                __gnu_ldivmod_helper
                0x08000be4                __gnu_uldivmod_helper
 .text          0x08000c10        0x4 c:/program files (x86)/atollic/truestudio for stmicroelectronics stm32 lite 2.3.0/armtools/bin/../lib/gcc/arm-atollic-eabi/4.5.1/thumb/cortex-m4/fpv4-sp-d16\libgcc.a(_dvmd_tls.o)
                0x08000c10                __aeabi_idiv0
                0x08000c10                __aeabi_ldiv0
 .text          0x08000c14      0x2b8 c:/program files (x86)/atollic/truestudio for stmicroelectronics stm32 lite 2.3.0/armtools/bin/../lib/gcc/arm-atollic-eabi/4.5.1/thumb/cortex-m4/fpv4-sp-d16\libgcc.a(_divdi3.o)
                0x08000c14                __divdi3
 .text          0x08000ecc      0x26c c:/program files (x86)/atollic/truestudio for stmicroelectronics stm32 lite 2.3.0/armtools/bin/../lib/gcc/arm-atollic-eabi/4.5.1/thumb/cortex-m4/fpv4-sp-d16\libgcc.a(_udivdi3.o)
                0x08000ecc                __udivdi3
 *(.text*)
 .text.SystemInit
                0x08001138      0x130 src\system_stm32f4xx.o
                0x08001138                SystemInit
 .text.NMI_Handler
                0x08001268        0x4 src\stm32f4xx_it.o
                0x08001268                NMI_Handler
 .text.HardFault_Handler
                0x0800126c        0x4 src\stm32f4xx_it.o
                0x0800126c                HardFault_Handler
 .text.MemManage_Handler
                0x08001270        0x4 src\stm32f4xx_it.o
                0x08001270                MemManage_Handler
 .text.BusFault_Handler
                0x08001274        0x4 src\stm32f4xx_it.o
                0x08001274                BusFault_Handler
 .text.UsageFault_Handler
                0x08001278        0x4 src\stm32f4xx_it.o
                0x08001278                UsageFault_Handler
 .text.SVC_Handler
                0x0800127c        0x4 src\stm32f4xx_it.o
                0x0800127c                SVC_Handler
 .text.DebugMon_Handler
                0x08001280        0x4 src\stm32f4xx_it.o
                0x08001280                DebugMon_Handler
 .text.PendSV_Handler
                0x08001284        0x4 src\stm32f4xx_it.o
                0x08001284                PendSV_Handler
 .text.SysTick_Handler
                0x08001288       0x10 src\stm32f4xx_it.o
                0x08001288                SysTick_Handler
 .text.Reset_Handler
                0x08001298       0x48 src\startup_stm32f4xx.o
                0x08001298                Reset_Handler
 .text.Default_Handler
                0x080012e0        0x2 src\startup_stm32f4xx.o
                0x080012e0                RTC_Alarm_IRQHandler
                0x080012e0                HASH_RNG_IRQHandler
                0x080012e0                EXTI2_IRQHandler
                0x080012e0                TIM8_CC_IRQHandler
                0x080012e0                TIM1_CC_IRQHandler
                0x080012e0                DMA2_Stream5_IRQHandler
                0x080012e0                DMA1_Stream5_IRQHandler
                0x080012e0                PVD_IRQHandler
                0x080012e0                SDIO_IRQHandler
                0x080012e0                TAMP_STAMP_IRQHandler
                0x080012e0                CAN2_RX1_IRQHandler
                0x080012e0                EXTI3_IRQHandler
                0x080012e0                TIM8_TRG_COM_TIM14_IRQHandler
                0x080012e0                TIM1_UP_TIM10_IRQHandler
                0x080012e0                TIM8_UP_TIM13_IRQHandler
                0x080012e0                I2C3_ER_IRQHandler
                0x080012e0                EXTI0_IRQHandler
                0x080012e0                I2C2_EV_IRQHandler
                0x080012e0                DMA1_Stream2_IRQHandler
                0x080012e0                CAN1_RX0_IRQHandler
                0x080012e0                FPU_IRQHandler
                0x080012e0                OTG_HS_WKUP_IRQHandler
                0x080012e0                CAN2_SCE_IRQHandler
                0x080012e0                DMA2_Stream2_IRQHandler
                0x080012e0                SPI1_IRQHandler
                0x080012e0                TIM6_DAC_IRQHandler
                0x080012e0                TIM1_BRK_TIM9_IRQHandler
                0x080012e0                DCMI_IRQHandler
                0x080012e0                CAN2_RX0_IRQHandler
                0x080012e0                DMA2_Stream3_IRQHandler
                0x080012e0                USART6_IRQHandler
                0x080012e0                CRYP_IRQHandler
                0x080012e0                CAN1_RX1_IRQHandler
                0x080012e0                UART5_IRQHandler
                0x080012e0                DMA2_Stream0_IRQHandler
                0x080012e0                TIM4_IRQHandler
                0x080012e0                I2C1_EV_IRQHandler
                0x080012e0                DMA1_Stream6_IRQHandler
                0x080012e0                DMA1_Stream1_IRQHandler
                0x080012e0                UART4_IRQHandler
                0x080012e0                TIM3_IRQHandler
                0x080012e0                RCC_IRQHandler
                0x080012e0                TIM8_BRK_TIM12_IRQHandler
                0x080012e0                Default_Handler
                0x080012e0                EXTI15_10_IRQHandler
                0x080012e0                ADC_IRQHandler
                0x080012e0                DMA1_Stream7_IRQHandler
                0x080012e0                TIM7_IRQHandler
                0x080012e0                CAN2_TX_IRQHandler
                0x080012e0                TIM5_IRQHandler
                0x080012e0                DMA2_Stream7_IRQHandler
                0x080012e0                I2C3_EV_IRQHandler
                0x080012e0                EXTI9_5_IRQHandler
                0x080012e0                RTC_WKUP_IRQHandler
                0x080012e0                ETH_WKUP_IRQHandler
                0x080012e0                SPI2_IRQHandler
                0x080012e0                OTG_HS_EP1_IN_IRQHandler
                0x080012e0                DMA1_Stream0_IRQHandler
                0x080012e0                CAN1_TX_IRQHandler
                0x080012e0                EXTI4_IRQHandler
                0x080012e0                FSMC_IRQHandler
                0x080012e0                ETH_IRQHandler
                0x080012e0                OTG_HS_EP1_OUT_IRQHandler
                0x080012e0                WWDG_IRQHandler
                0x080012e0                OTG_FS_WKUP_IRQHandler
                0x080012e0                TIM1_TRG_COM_TIM11_IRQHandler
                0x080012e0                OTG_HS_IRQHandler
                0x080012e0                EXTI1_IRQHandler
                0x080012e0                USART2_IRQHandler
                0x080012e0                I2C2_ER_IRQHandler
                0x080012e0                DMA2_Stream1_IRQHandler
                0x080012e0                CAN1_SCE_IRQHandler
                0x080012e0                FLASH_IRQHandler
                0x080012e0                DMA2_Stream4_IRQHandler
                0x080012e0                USART1_IRQHandler
                0x080012e0                OTG_FS_IRQHandler
                0x080012e0                SPI3_IRQHandler
                0x080012e0                DMA1_Stream4_IRQHandler
                0x080012e0                I2C1_ER_IRQHandler
                0x080012e0                DMA2_Stream6_IRQHandler
                0x080012e0                DMA1_Stream3_IRQHandler
 *fill*         0x080012e2        0x6 00
 .text.main     0x080012e8      0xa40 src\main.o
                0x080012e8                main
 .text.Serial_Init
                0x08001d28      0x160 Libraries\Serial\src\Serial.o
                0x08001d28                Serial_Init
 .text.USART3_IRQHandler
                0x08001e88       0x50 Libraries\Serial\src\Serial.o
                0x08001e88                USART3_IRQHandler
 .text.Serial_WriteByte
                0x08001ed8       0x24 Libraries\Serial\src\Serial.o
                0x08001ed8                Serial_WriteByte
 .text.Serial_WriteBytes
                0x08001efc       0x34 Libraries\Serial\src\Serial.o
                0x08001efc                Serial_WriteBytes
 .text.Serial_Print
                0x08001f30       0x34 Libraries\Serial\src\Serial.o
                0x08001f30                Serial_Print
 .text.Serial_Println
                0x08001f64       0x74 Libraries\Serial\src\Serial.o
                0x08001f64                Serial_Println
 .text.USART_Init
                0x08001fd8      0x10c Libraries\STM32F4xx_StdPeriph_Driver\src\stm32f4xx_usart.o
                0x08001fd8                USART_Init
 .text.USART_Cmd
                0x080020e4       0x20 Libraries\STM32F4xx_StdPeriph_Driver\src\stm32f4xx_usart.o
                0x080020e4                USART_Cmd
 .text.USART_SendData
                0x08002104        0x8 Libraries\STM32F4xx_StdPeriph_Driver\src\stm32f4xx_usart.o
                0x08002104                USART_SendData
 .text.USART_ReceiveData
                0x0800210c        0x8 Libraries\STM32F4xx_StdPeriph_Driver\src\stm32f4xx_usart.o
                0x0800210c                USART_ReceiveData
 .text.USART_ITConfig
                0x08002114       0x3c Libraries\STM32F4xx_StdPeriph_Driver\src\stm32f4xx_usart.o
                0x08002114                USART_ITConfig
 .text.USART_GetFlagStatus
                0x08002150        0xc Libraries\STM32F4xx_StdPeriph_Driver\src\stm32f4xx_usart.o
                0x08002150                USART_GetFlagStatus
 .text.USART_GetITStatus
                0x0800215c       0x54 Libraries\STM32F4xx_StdPeriph_Driver\src\stm32f4xx_usart.o
                0x0800215c                USART_GetITStatus
 .text.TIM_TimeBaseInit
                0x080021b0       0xd4 Libraries\STM32F4xx_StdPeriph_Driver\src\stm32f4xx_tim.o
                0x080021b0                TIM_TimeBaseInit
 .text.TIM_ARRPreloadConfig
                0x08002284       0x20 Libraries\STM32F4xx_StdPeriph_Driver\src\stm32f4xx_tim.o
                0x08002284                TIM_ARRPreloadConfig
 .text.TIM_Cmd  0x080022a4       0x20 Libraries\STM32F4xx_StdPeriph_Driver\src\stm32f4xx_tim.o
                0x080022a4                TIM_Cmd
 .text.TIM_OC1Init
                0x080022c4       0xac Libraries\STM32F4xx_StdPeriph_Driver\src\stm32f4xx_tim.o
                0x080022c4                TIM_OC1Init
 .text.TIM_OC2Init
                0x08002370       0xb4 Libraries\STM32F4xx_StdPeriph_Driver\src\stm32f4xx_tim.o
                0x08002370                TIM_OC2Init
 .text.TIM_OC3Init
                0x08002424       0xb0 Libraries\STM32F4xx_StdPeriph_Driver\src\stm32f4xx_tim.o
                0x08002424                TIM_OC3Init
 .text.TIM_OC4Init
                0x080024d4       0x88 Libraries\STM32F4xx_StdPeriph_Driver\src\stm32f4xx_tim.o
                0x080024d4                TIM_OC4Init
 .text.TIM_SetCompare1
                0x0800255c        0x4 Libraries\STM32F4xx_StdPeriph_Driver\src\stm32f4xx_tim.o
                0x0800255c                TIM_SetCompare1
 .text.TIM_SetCompare2
                0x08002560        0x4 Libraries\STM32F4xx_StdPeriph_Driver\src\stm32f4xx_tim.o
                0x08002560                TIM_SetCompare2
 .text.TIM_SetCompare3
                0x08002564        0x4 Libraries\STM32F4xx_StdPeriph_Driver\src\stm32f4xx_tim.o
                0x08002564                TIM_SetCompare3
 .text.TIM_SetCompare4
                0x08002568        0x4 Libraries\STM32F4xx_StdPeriph_Driver\src\stm32f4xx_tim.o
                0x08002568                TIM_SetCompare4
 .text.TIM_OC1PreloadConfig
                0x0800256c       0x14 Libraries\STM32F4xx_StdPeriph_Driver\src\stm32f4xx_tim.o
                0x0800256c                TIM_OC1PreloadConfig
 .text.TIM_OC2PreloadConfig
                0x08002580       0x18 Libraries\STM32F4xx_StdPeriph_Driver\src\stm32f4xx_tim.o
                0x08002580                TIM_OC2PreloadConfig
 .text.TIM_OC3PreloadConfig
                0x08002598       0x14 Libraries\STM32F4xx_StdPeriph_Driver\src\stm32f4xx_tim.o
                0x08002598                TIM_OC3PreloadConfig
 .text.TIM_OC4PreloadConfig
                0x080025ac       0x18 Libraries\STM32F4xx_StdPeriph_Driver\src\stm32f4xx_tim.o
                0x080025ac                TIM_OC4PreloadConfig
 .text.TIM_ClearITPendingBit
                0x080025c4        0x8 Libraries\STM32F4xx_StdPeriph_Driver\src\stm32f4xx_tim.o
                0x080025c4                TIM_ClearITPendingBit
 .text.RCC_GetClocksFreq
                0x080025cc       0xbc Libraries\STM32F4xx_StdPeriph_Driver\src\stm32f4xx_rcc.o
                0x080025cc                RCC_GetClocksFreq
 .text.RCC_AHB1PeriphClockCmd
                0x08002688       0x28 Libraries\STM32F4xx_StdPeriph_Driver\src\stm32f4xx_rcc.o
                0x08002688                RCC_AHB1PeriphClockCmd
 .text.RCC_APB1PeriphClockCmd
                0x080026b0       0x28 Libraries\STM32F4xx_StdPeriph_Driver\src\stm32f4xx_rcc.o
                0x080026b0                RCC_APB1PeriphClockCmd
 .text.RCC_APB2PeriphClockCmd
                0x080026d8       0x28 Libraries\STM32F4xx_StdPeriph_Driver\src\stm32f4xx_rcc.o
                0x080026d8                RCC_APB2PeriphClockCmd
 .text.RCC_APB1PeriphResetCmd
                0x08002700       0x28 Libraries\STM32F4xx_StdPeriph_Driver\src\stm32f4xx_rcc.o
                0x08002700                RCC_APB1PeriphResetCmd
 .text.I2C_Init
                0x08002728       0xf4 Libraries\STM32F4xx_StdPeriph_Driver\src\stm32f4xx_i2c.o
                0x08002728                I2C_Init
 .text.I2C_GenerateSTART
                0x0800281c       0x20 Libraries\STM32F4xx_StdPeriph_Driver\src\stm32f4xx_i2c.o
                0x0800281c                I2C_GenerateSTART
 .text.I2C_GenerateSTOP
                0x0800283c       0x20 Libraries\STM32F4xx_StdPeriph_Driver\src\stm32f4xx_i2c.o
                0x0800283c                I2C_GenerateSTOP
 .text.I2C_Send7bitAddress
                0x0800285c       0x14 Libraries\STM32F4xx_StdPeriph_Driver\src\stm32f4xx_i2c.o
                0x0800285c                I2C_Send7bitAddress
 .text.I2C_SendData
                0x08002870        0x4 Libraries\STM32F4xx_StdPeriph_Driver\src\stm32f4xx_i2c.o
                0x08002870                I2C_SendData
 .text.I2C_DMACmd
                0x08002874       0x20 Libraries\STM32F4xx_StdPeriph_Driver\src\stm32f4xx_i2c.o
                0x08002874                I2C_DMACmd
 .text.I2C_DMALastTransferCmd
                0x08002894       0x20 Libraries\STM32F4xx_StdPeriph_Driver\src\stm32f4xx_i2c.o
                0x08002894                I2C_DMALastTransferCmd
 .text.I2C_CheckEvent
                0x080028b4       0x20 Libraries\STM32F4xx_StdPeriph_Driver\src\stm32f4xx_i2c.o
                0x080028b4                I2C_CheckEvent
 .text.I2C_GetFlagStatus
                0x080028d4       0x38 Libraries\STM32F4xx_StdPeriph_Driver\src\stm32f4xx_i2c.o
                0x080028d4                I2C_GetFlagStatus
 .text.GPIO_Init
                0x0800290c      0x2f4 Libraries\STM32F4xx_StdPeriph_Driver\src\stm32f4xx_gpio.o
                0x0800290c                GPIO_Init
 .text.GPIO_PinAFConfig
                0x08002c00       0x30 Libraries\STM32F4xx_StdPeriph_Driver\src\stm32f4xx_gpio.o
                0x08002c00                GPIO_PinAFConfig
 .text.DMA_DeInit
                0x08002c30      0x1f4 Libraries\STM32F4xx_StdPeriph_Driver\src\stm32f4xx_dma.o
                0x08002c30                DMA_DeInit
 .text.DMA_Init
                0x08002e24       0x98 Libraries\STM32F4xx_StdPeriph_Driver\src\stm32f4xx_dma.o
                0x08002e24                DMA_Init
 .text.DMA_Cmd  0x08002ebc       0x18 Libraries\STM32F4xx_StdPeriph_Driver\src\stm32f4xx_dma.o
                0x08002ebc                DMA_Cmd
 .text.DMA_GetFlagStatus
                0x08002ed4       0x48 Libraries\STM32F4xx_StdPeriph_Driver\src\stm32f4xx_dma.o
                0x08002ed4                DMA_GetFlagStatus
 .text.DMA_ClearFlag
                0x08002f1c       0x44 Libraries\STM32F4xx_StdPeriph_Driver\src\stm32f4xx_dma.o
                0x08002f1c                DMA_ClearFlag
 .text.NVIC_Init
                0x08002f60       0x88 Libraries\STM32F4xx_StdPeriph_Driver\src\misc.o
                0x08002f60                NVIC_Init
 .text.PID_Init
                0x08002fe8       0x6c Libraries\PID\src\PID.o
                0x08002fe8                PID_Init
 .text.PID_ResetRegulator
                0x08003054       0x18 Libraries\PID\src\PID.o
                0x08003054                PID_ResetRegulator
 *fill*         0x0800306c        0x4 00
 .text.PID_Task
                0x08003070      0x170 Libraries\PID\src\PID.o
                0x08003070                PID_Task
 .text.IO_InitLEDs
                0x080031e0       0x40 Libraries\IO_Devices\src\IO_Devices.o
                0x080031e0                IO_InitLEDs
 .text.IO_SetLED
                0x08003220       0x1c Libraries\IO_Devices\src\IO_Devices.o
                0x08003220                IO_SetLED
 .text.Vector_Dot_Product
                0x0800323c       0x34 Libraries\IMU_Sensors\src\IMU_Vectors.o
                0x0800323c                Vector_Dot_Product
 .text.Vector_Cross_Product
                0x08003270       0x58 Libraries\IMU_Sensors\src\IMU_Vectors.o
                0x08003270                Vector_Cross_Product
 .text.Vector_Scale
                0x080032c8       0x2c Libraries\IMU_Sensors\src\IMU_Vectors.o
                0x080032c8                Vector_Scale
 .text.Vector_Add
                0x080032f4       0x34 Libraries\IMU_Sensors\src\IMU_Vectors.o
                0x080032f4                Vector_Add
 .text.Matrix_Multiply
                0x08003328      0x150 Libraries\IMU_Sensors\src\IMU_Vectors.o
                0x08003328                Matrix_Multiply
 .text.init_rotation_matrix
                0x08003478       0xe8 Libraries\IMU_Sensors\src\IMU_Vectors.o
                0x08003478                init_rotation_matrix
 .text.constrain
                0x08003560       0x4c Libraries\IMU_Sensors\src\IMU_Vectors.o
                0x08003560                constrain
 .text.filterSmooth
                0x080035ac       0x78 Libraries\IMU_Sensors\src\IMU_Vectors.o
                0x080035ac                filterSmooth
 .text.IMU_Config
                0x08003624       0x88 Libraries\IMU_Sensors\src\IMU_Sensors.o
                0x08003624                IMU_Config
 .text.IMU_InitAll
                0x080036ac       0x68 Libraries\IMU_Sensors\src\IMU_Sensors.o
                0x080036ac                IMU_InitAll
 .text.IMU_GetAccelerometer
                0x08003714       0x50 Libraries\IMU_Sensors\src\IMU_Sensors.o
                0x08003714                IMU_GetAccelerometer
 .text.IMU_EvaluateAccelerometer
                0x08003764       0xa0 Libraries\IMU_Sensors\src\IMU_Sensors.o
                0x08003764                IMU_EvaluateAccelerometer
 .text.IMU_GetMagnetometer
                0x08003804       0x54 Libraries\IMU_Sensors\src\IMU_Sensors.o
                0x08003804                IMU_GetMagnetometer
 .text.IMU_EvaluateMagnetometer
                0x08003858       0xa4 Libraries\IMU_Sensors\src\IMU_Sensors.o
                0x08003858                IMU_EvaluateMagnetometer
 .text.IMU_GetGyro
                0x080038fc       0x54 Libraries\IMU_Sensors\src\IMU_Sensors.o
                0x080038fc                IMU_GetGyro
 .text.IMU_EvaluateGyro
                0x08003950       0xe8 Libraries\IMU_Sensors\src\IMU_Sensors.o
                0x08003950                IMU_EvaluateGyro
 .text.IMU_SampleAll
                0x08003a38       0xfc Libraries\IMU_Sensors\src\IMU_Sensors.o
                0x08003a38                IMU_SampleAll
 .text.IMU_ReadSensors
                0x08003b34       0xdc Libraries\IMU_Sensors\src\IMU_Sensors.o
                0x08003b34                IMU_ReadSensors
 .text.IMU_I2C_Config
                0x08003c10       0x44 Libraries\IMU_Sensors\src\IMU_I2C.o
                0x08003c10                IMU_I2C_Config
 .text.I2C_WriteDeviceRegister
                0x08003c54      0x1cc Libraries\IMU_Sensors\src\IMU_I2C.o
                0x08003c54                I2C_WriteDeviceRegister
 .text.I2C_Read3Integer_LSBFirst
                0x08003e20      0x270 Libraries\IMU_Sensors\src\IMU_I2C.o
                0x08003e20                I2C_Read3Integer_LSBFirst
 .text.I2C_Read3Integer_MSBFirst
                0x08004090      0x270 Libraries\IMU_Sensors\src\IMU_I2C.o
                0x08004090                I2C_Read3Integer_MSBFirst
 .text.IMU_Normalize
                0x08004300       0xd8 Libraries\IMU_Sensors\src\IMU_DCM.o
                0x08004300                IMU_Normalize
 .text.IMU_Drift_correction
                0x080043d8      0x1c4 Libraries\IMU_Sensors\src\IMU_DCM.o
                0x080043d8                IMU_Drift_correction
 *fill*         0x0800459c        0x4 00
 .text.IMU_Matrix_update
                0x080045a0      0x1c0 Libraries\IMU_Sensors\src\IMU_DCM.o
                0x080045a0                IMU_Matrix_update
 .text.IMU_Euler_angles
                0x08004760      0x118 Libraries\IMU_Sensors\src\IMU_DCM.o
                0x08004760                IMU_Euler_angles
 .text.IMU_Compass_Heading
                0x08004878      0x114 Libraries\IMU_Sensors\src\IMU_DCM.o
                0x08004878                IMU_Compass_Heading
 .text.IMU_reset_sensor_fusion
                0x0800498c       0xd0 Libraries\IMU_Sensors\src\IMU_DCM.o
                0x0800498c                IMU_reset_sensor_fusion
 .text.IMU_SetPredefinedCalibration
                0x08004a5c      0x108 Libraries\IMU_Sensors\src\IMU_Calibration.o
                0x08004a5c                IMU_SetPredefinedCalibration
 .text.IMU_SerialMaxValuesCalibration
                0x08004b64      0x624 Libraries\IMU_Sensors\src\IMU_Calibration.o
                0x08004b64                IMU_SerialMaxValuesCalibration
 .text.IMU_Task
                0x08005188       0x8c Libraries\IMU_Sensors\src\IMU.o
                0x08005188                IMU_Task
 .text.TIM2_IRQHandler
                0x08005214       0x1c Libraries\IMU_Sensors\src\IMU.o
                0x08005214                TIM2_IRQHandler
 .text.ESC_Timer_Init
                0x08005230       0xd8 Libraries\ESC\src\ESC.o
                0x08005230                ESC_Timer_Init
 .text.ESC_SetSpeed
                0x08005308       0x6c Libraries\ESC\src\ESC.o
                0x08005308                ESC_SetSpeed
 .text.ESC_UpdateAll
                0x08005374       0xe8 Libraries\ESC\src\ESC.o
                0x08005374                ESC_UpdateAll
 .text.ESC_ThrottleProgramming
                0x0800545c      0x1f4 Libraries\ESC\src\ESC.o
                0x0800545c                ESC_ThrottleProgramming
 .text.ESC_InitAll
                0x08005650       0xfc Libraries\ESC\src\ESC.o
                0x08005650                ESC_InitAll
 .text.TimingDelay10us_Decrement
                0x0800574c       0x50 Libraries\Delay\Delay.o
                0x0800574c                TimingDelay10us_Decrement
 .text.Delay_Ms
                0x0800579c       0x24 Libraries\Delay\Delay.o
                0x0800579c                Delay_Ms
 .text.Increase10Micros
                0x080057c0       0x10 Libraries\Delay\Delay.o
                0x080057c0                Increase10Micros
 .text.Micros   0x080057d0        0xc Libraries\Delay\Delay.o
                0x080057d0                Micros
 .text.cos      0x080057dc       0x84 c:/program files (x86)/atollic/truestudio for stmicroelectronics stm32 lite 2.3.0/armtools/bin/../lib/gcc/arm-atollic-eabi/4.5.1/../../../../arm-atollic-eabi/lib/thumb/cortex-m4/fpv4-sp-d16\libm.a(lib_a-s_cos.o)
                0x080057dc                cos
 .text.sin      0x08005860       0x8c c:/program files (x86)/atollic/truestudio for stmicroelectronics stm32 lite 2.3.0/armtools/bin/../lib/gcc/arm-atollic-eabi/4.5.1/../../../../arm-atollic-eabi/lib/thumb/cortex-m4/fpv4-sp-d16\libm.a(lib_a-s_sin.o)
                0x08005860                sin
 .text.asin     0x080058ec       0x9c c:/program files (x86)/atollic/truestudio for stmicroelectronics stm32 lite 2.3.0/armtools/bin/../lib/gcc/arm-atollic-eabi/4.5.1/../../../../arm-atollic-eabi/lib/thumb/cortex-m4/fpv4-sp-d16\libm.a(lib_a-w_asin.o)
                0x080058ec                asin
 .text.atan2    0x08005988        0x4 c:/program files (x86)/atollic/truestudio for stmicroelectronics stm32 lite 2.3.0/armtools/bin/../lib/gcc/arm-atollic-eabi/4.5.1/../../../../arm-atollic-eabi/lib/thumb/cortex-m4/fpv4-sp-d16\libm.a(lib_a-w_atan2.o)
                0x08005988                atan2
 .text.pow      0x0800598c      0x2c0 c:/program files (x86)/atollic/truestudio for stmicroelectronics stm32 lite 2.3.0/armtools/bin/../lib/gcc/arm-atollic-eabi/4.5.1/../../../../arm-atollic-eabi/lib/thumb/cortex-m4/fpv4-sp-d16\libm.a(lib_a-w_pow.o)
                0x0800598c                pow
 .text.sqrt     0x08005c4c       0xa8 c:/program files (x86)/atollic/truestudio for stmicroelectronics stm32 lite 2.3.0/armtools/bin/../lib/gcc/arm-atollic-eabi/4.5.1/../../../../arm-atollic-eabi/lib/thumb/cortex-m4/fpv4-sp-d16\libm.a(lib_a-w_sqrt.o)
                0x08005c4c                sqrt
 *fill*         0x08005cf4        0x4 00
 .text.__ieee754_asin
                0x08005cf8      0x4a0 c:/program files (x86)/atollic/truestudio for stmicroelectronics stm32 lite 2.3.0/armtools/bin/../lib/gcc/arm-atollic-eabi/4.5.1/../../../../arm-atollic-eabi/lib/thumb/cortex-m4/fpv4-sp-d16\libm.a(lib_a-e_asin.o)
                0x08005cf8                __ieee754_asin
 .text.__ieee754_atan2
                0x08006198      0x1e0 c:/program files (x86)/atollic/truestudio for stmicroelectronics stm32 lite 2.3.0/armtools/bin/../lib/gcc/arm-atollic-eabi/4.5.1/../../../../arm-atollic-eabi/lib/thumb/cortex-m4/fpv4-sp-d16\libm.a(lib_a-e_atan2.o)
                0x08006198                __ieee754_atan2
 .text.__ieee754_pow
                0x08006378      0xa78 c:/program files (x86)/atollic/truestudio for stmicroelectronics stm32 lite 2.3.0/armtools/bin/../lib/gcc/arm-atollic-eabi/4.5.1/../../../../arm-atollic-eabi/lib/thumb/cortex-m4/fpv4-sp-d16\libm.a(lib_a-e_pow.o)
                0x08006378                __ieee754_pow
 .text.__ieee754_rem_pio2
                0x08006df0      0x408 c:/program files (x86)/atollic/truestudio for stmicroelectronics stm32 lite 2.3.0/armtools/bin/../lib/gcc/arm-atollic-eabi/4.5.1/../../../../arm-atollic-eabi/lib/thumb/cortex-m4/fpv4-sp-d16\libm.a(lib_a-e_rem_pio2.o)
                0x08006df0                __ieee754_rem_pio2
 .text.__ieee754_sqrt
                0x080071f8      0x168 c:/program files (x86)/atollic/truestudio for stmicroelectronics stm32 lite 2.3.0/armtools/bin/../lib/gcc/arm-atollic-eabi/4.5.1/../../../../arm-atollic-eabi/lib/thumb/cortex-m4/fpv4-sp-d16\libm.a(lib_a-e_sqrt.o)
                0x080071f8                __ieee754_sqrt
 .text.__kernel_cos
                0x08007360      0x1d8 c:/program files (x86)/atollic/truestudio for stmicroelectronics stm32 lite 2.3.0/armtools/bin/../lib/gcc/arm-atollic-eabi/4.5.1/../../../../arm-atollic-eabi/lib/thumb/cortex-m4/fpv4-sp-d16\libm.a(lib_a-k_cos.o)
                0x08007360                __kernel_cos
 .text.__kernel_rem_pio2
                0x08007538      0x6c8 c:/program files (x86)/atollic/truestudio for stmicroelectronics stm32 lite 2.3.0/armtools/bin/../lib/gcc/arm-atollic-eabi/4.5.1/../../../../arm-atollic-eabi/lib/thumb/cortex-m4/fpv4-sp-d16\libm.a(lib_a-k_rem_pio2.o)
                0x08007538                __kernel_rem_pio2
 .text.__kernel_sin
                0x08007c00      0x180 c:/program files (x86)/atollic/truestudio for stmicroelectronics stm32 lite 2.3.0/armtools/bin/../lib/gcc/arm-atollic-eabi/4.5.1/../../../../arm-atollic-eabi/lib/thumb/cortex-m4/fpv4-sp-d16\libm.a(lib_a-k_sin.o)
                0x08007c00                __kernel_sin
 .text.atan     0x08007d80      0x348 c:/program files (x86)/atollic/truestudio for stmicroelectronics stm32 lite 2.3.0/armtools/bin/../lib/gcc/arm-atollic-eabi/4.5.1/../../../../arm-atollic-eabi/lib/thumb/cortex-m4/fpv4-sp-d16\libm.a(lib_a-s_atan.o)
                0x08007d80                atan
 .text.fabs     0x080080c8        0x6 c:/program files (x86)/atollic/truestudio for stmicroelectronics stm32 lite 2.3.0/armtools/bin/../lib/gcc/arm-atollic-eabi/4.5.1/../../../../arm-atollic-eabi/lib/thumb/cortex-m4/fpv4-sp-d16\libm.a(lib_a-s_fabs.o)
                0x080080c8                fabs
 .text.finite   0x080080ce       0x10 c:/program files (x86)/atollic/truestudio for stmicroelectronics stm32 lite 2.3.0/armtools/bin/../lib/gcc/arm-atollic-eabi/4.5.1/../../../../arm-atollic-eabi/lib/thumb/cortex-m4/fpv4-sp-d16\libm.a(lib_a-s_finite.o)
                0x080080ce                finite
 *fill*         0x080080de        0x2 00
 .text.floor    0x080080e0      0x108 c:/program files (x86)/atollic/truestudio for stmicroelectronics stm32 lite 2.3.0/armtools/bin/../lib/gcc/arm-atollic-eabi/4.5.1/../../../../arm-atollic-eabi/lib/thumb/cortex-m4/fpv4-sp-d16\libm.a(lib_a-s_floor.o)
                0x080080e0                floor
 .text.__fpclassifyd
                0x080081e8       0x64 c:/program files (x86)/atollic/truestudio for stmicroelectronics stm32 lite 2.3.0/armtools/bin/../lib/gcc/arm-atollic-eabi/4.5.1/../../../../arm-atollic-eabi/lib/thumb/cortex-m4/fpv4-sp-d16\libm.a(lib_a-s_fpclassify.o)
                0x080081e8                __fpclassifyd
 .text.matherr  0x0800824c        0x4 c:/program files (x86)/atollic/truestudio for stmicroelectronics stm32 lite 2.3.0/armtools/bin/../lib/gcc/arm-atollic-eabi/4.5.1/../../../../arm-atollic-eabi/lib/thumb/cortex-m4/fpv4-sp-d16\libm.a(lib_a-s_matherr.o)
                0x0800824c                matherr
 .text.nan      0x08008250        0xc c:/program files (x86)/atollic/truestudio for stmicroelectronics stm32 lite 2.3.0/armtools/bin/../lib/gcc/arm-atollic-eabi/4.5.1/../../../../arm-atollic-eabi/lib/thumb/cortex-m4/fpv4-sp-d16\libm.a(lib_a-s_nan.o)
                0x08008250                nan
 .text.rint     0x0800825c      0x134 c:/program files (x86)/atollic/truestudio for stmicroelectronics stm32 lite 2.3.0/armtools/bin/../lib/gcc/arm-atollic-eabi/4.5.1/../../../../arm-atollic-eabi/lib/thumb/cortex-m4/fpv4-sp-d16\libm.a(lib_a-s_rint.o)
                0x0800825c                rint
 .text.scalbn   0x08008390       0xf8 c:/program files (x86)/atollic/truestudio for stmicroelectronics stm32 lite 2.3.0/armtools/bin/../lib/gcc/arm-atollic-eabi/4.5.1/../../../../arm-atollic-eabi/lib/thumb/cortex-m4/fpv4-sp-d16\libm.a(lib_a-s_scalbn.o)
                0x08008390                scalbn
 .text.copysign
                0x08008488       0x14 c:/program files (x86)/atollic/truestudio for stmicroelectronics stm32 lite 2.3.0/armtools/bin/../lib/gcc/arm-atollic-eabi/4.5.1/../../../../arm-atollic-eabi/lib/thumb/cortex-m4/fpv4-sp-d16\libm.a(lib_a-s_copysign.o)
                0x08008488                copysign
 .text.__errno  0x0800849c        0xc c:/program files (x86)/atollic/truestudio for stmicroelectronics stm32 lite 2.3.0/armtools/bin/../lib/gcc/arm-atollic-eabi/4.5.1/../../../../arm-atollic-eabi/lib/thumb/cortex-m4/fpv4-sp-d16\libc.a(lib_a-errno.o)
                0x0800849c                __errno
 .text.__libc_init_array
                0x080084a8       0x48 c:/program files (x86)/atollic/truestudio for stmicroelectronics stm32 lite 2.3.0/armtools/bin/../lib/gcc/arm-atollic-eabi/4.5.1/../../../../arm-atollic-eabi/lib/thumb/cortex-m4/fpv4-sp-d16\libc.a(lib_a-init.o)
                0x080084a8                __libc_init_array
 .text.memcpy   0x080084f0       0x16 c:/program files (x86)/atollic/truestudio for stmicroelectronics stm32 lite 2.3.0/armtools/bin/../lib/gcc/arm-atollic-eabi/4.5.1/../../../../arm-atollic-eabi/lib/thumb/cortex-m4/fpv4-sp-d16\libc.a(lib_a-memcpy.o)
                0x080084f0                memcpy
 *fill*         0x08008506        0x2 00
 .text.sprintf  0x08008508       0x48 c:/program files (x86)/atollic/truestudio for stmicroelectronics stm32 lite 2.3.0/armtools/bin/../lib/gcc/arm-atollic-eabi/4.5.1/../../../../arm-atollic-eabi/lib/thumb/cortex-m4/fpv4-sp-d16\libc.a(lib_a-sprintf.o)
                0x08008508                sprintf
 .text._svfprintf_r
                0x08008550     0x10c8 c:/program files (x86)/atollic/truestudio for stmicroelectronics stm32 lite 2.3.0/armtools/bin/../lib/gcc/arm-atollic-eabi/4.5.1/../../../../arm-atollic-eabi/lib/thumb/cortex-m4/fpv4-sp-d16\libc.a(lib_a-svfprintf.o)
                0x08008550                _svfprintf_r
 .text.quorem   0x08009618      0x118 c:/program files (x86)/atollic/truestudio for stmicroelectronics stm32 lite 2.3.0/armtools/bin/../lib/gcc/arm-atollic-eabi/4.5.1/../../../../arm-atollic-eabi/lib/thumb/cortex-m4/fpv4-sp-d16\libc.a(lib_a-dtoa.o)
 .text._dtoa_r  0x08009730      0xc08 c:/program files (x86)/atollic/truestudio for stmicroelectronics stm32 lite 2.3.0/armtools/bin/../lib/gcc/arm-atollic-eabi/4.5.1/../../../../arm-atollic-eabi/lib/thumb/cortex-m4/fpv4-sp-d16\libc.a(lib_a-dtoa.o)
                0x08009730                _dtoa_r
 .text._localeconv_r
                0x0800a338        0x8 c:/program files (x86)/atollic/truestudio for stmicroelectronics stm32 lite 2.3.0/armtools/bin/../lib/gcc/arm-atollic-eabi/4.5.1/../../../../arm-atollic-eabi/lib/thumb/cortex-m4/fpv4-sp-d16\libc.a(lib_a-locale.o)
                0x0800a338                _localeconv_r
 .text.malloc   0x0800a340       0x10 c:/program files (x86)/atollic/truestudio for stmicroelectronics stm32 lite 2.3.0/armtools/bin/../lib/gcc/arm-atollic-eabi/4.5.1/../../../../arm-atollic-eabi/lib/thumb/cortex-m4/fpv4-sp-d16\libc.a(lib_a-malloc.o)
                0x0800a340                malloc
 .text._malloc_r
                0x0800a350      0x408 c:/program files (x86)/atollic/truestudio for stmicroelectronics stm32 lite 2.3.0/armtools/bin/../lib/gcc/arm-atollic-eabi/4.5.1/../../../../arm-atollic-eabi/lib/thumb/cortex-m4/fpv4-sp-d16\libc.a(lib_a-mallocr.o)
                0x0800a350                _malloc_r
 .text.memchr   0x0800a758       0x1e c:/program files (x86)/atollic/truestudio for stmicroelectronics stm32 lite 2.3.0/armtools/bin/../lib/gcc/arm-atollic-eabi/4.5.1/../../../../arm-atollic-eabi/lib/thumb/cortex-m4/fpv4-sp-d16\libc.a(lib_a-memchr.o)
                0x0800a758                memchr
 .text.__malloc_lock
                0x0800a776        0x2 c:/program files (x86)/atollic/truestudio for stmicroelectronics stm32 lite 2.3.0/armtools/bin/../lib/gcc/arm-atollic-eabi/4.5.1/../../../../arm-atollic-eabi/lib/thumb/cortex-m4/fpv4-sp-d16\libc.a(lib_a-mlock.o)
                0x0800a776                __malloc_lock
 .text.__malloc_unlock
                0x0800a778        0x2 c:/program files (x86)/atollic/truestudio for stmicroelectronics stm32 lite 2.3.0/armtools/bin/../lib/gcc/arm-atollic-eabi/4.5.1/../../../../arm-atollic-eabi/lib/thumb/cortex-m4/fpv4-sp-d16\libc.a(lib_a-mlock.o)
                0x0800a778                __malloc_unlock
 .text._Balloc  0x0800a77a       0x62 c:/program files (x86)/atollic/truestudio for stmicroelectronics stm32 lite 2.3.0/armtools/bin/../lib/gcc/arm-atollic-eabi/4.5.1/../../../../arm-atollic-eabi/lib/thumb/cortex-m4/fpv4-sp-d16\libc.a(lib_a-mprec.o)
                0x0800a77a                _Balloc
 .text._Bfree   0x0800a7dc       0x2e c:/program files (x86)/atollic/truestudio for stmicroelectronics stm32 lite 2.3.0/armtools/bin/../lib/gcc/arm-atollic-eabi/4.5.1/../../../../arm-atollic-eabi/lib/thumb/cortex-m4/fpv4-sp-d16\libc.a(lib_a-mprec.o)
                0x0800a7dc                _Bfree
 .text.__multadd
                0x0800a80a       0x7c c:/program files (x86)/atollic/truestudio for stmicroelectronics stm32 lite 2.3.0/armtools/bin/../lib/gcc/arm-atollic-eabi/4.5.1/../../../../arm-atollic-eabi/lib/thumb/cortex-m4/fpv4-sp-d16\libc.a(lib_a-mprec.o)
                0x0800a80a                __multadd
 .text.__hi0bits
                0x0800a886       0x40 c:/program files (x86)/atollic/truestudio for stmicroelectronics stm32 lite 2.3.0/armtools/bin/../lib/gcc/arm-atollic-eabi/4.5.1/../../../../arm-atollic-eabi/lib/thumb/cortex-m4/fpv4-sp-d16\libc.a(lib_a-mprec.o)
                0x0800a886                __hi0bits
 .text.__lo0bits
                0x0800a8c6       0x64 c:/program files (x86)/atollic/truestudio for stmicroelectronics stm32 lite 2.3.0/armtools/bin/../lib/gcc/arm-atollic-eabi/4.5.1/../../../../arm-atollic-eabi/lib/thumb/cortex-m4/fpv4-sp-d16\libc.a(lib_a-mprec.o)
                0x0800a8c6                __lo0bits
 .text.__i2b    0x0800a92a       0x12 c:/program files (x86)/atollic/truestudio for stmicroelectronics stm32 lite 2.3.0/armtools/bin/../lib/gcc/arm-atollic-eabi/4.5.1/../../../../arm-atollic-eabi/lib/thumb/cortex-m4/fpv4-sp-d16\libc.a(lib_a-mprec.o)
                0x0800a92a                __i2b
 .text.__multiply
                0x0800a93c      0x124 c:/program files (x86)/atollic/truestudio for stmicroelectronics stm32 lite 2.3.0/armtools/bin/../lib/gcc/arm-atollic-eabi/4.5.1/../../../../arm-atollic-eabi/lib/thumb/cortex-m4/fpv4-sp-d16\libc.a(lib_a-mprec.o)
                0x0800a93c                __multiply
 .text.__pow5mult
                0x0800aa60       0xa4 c:/program files (x86)/atollic/truestudio for stmicroelectronics stm32 lite 2.3.0/armtools/bin/../lib/gcc/arm-atollic-eabi/4.5.1/../../../../arm-atollic-eabi/lib/thumb/cortex-m4/fpv4-sp-d16\libc.a(lib_a-mprec.o)
                0x0800aa60                __pow5mult
 .text.__lshift
                0x0800ab04       0x98 c:/program files (x86)/atollic/truestudio for stmicroelectronics stm32 lite 2.3.0/armtools/bin/../lib/gcc/arm-atollic-eabi/4.5.1/../../../../arm-atollic-eabi/lib/thumb/cortex-m4/fpv4-sp-d16\libc.a(lib_a-mprec.o)
                0x0800ab04                __lshift
 .text.__mcmp   0x0800ab9c       0x3a c:/program files (x86)/atollic/truestudio for stmicroelectronics stm32 lite 2.3.0/armtools/bin/../lib/gcc/arm-atollic-eabi/4.5.1/../../../../arm-atollic-eabi/lib/thumb/cortex-m4/fpv4-sp-d16\libc.a(lib_a-mprec.o)
                0x0800ab9c                __mcmp
 .text.__mdiff  0x0800abd6       0xc6 c:/program files (x86)/atollic/truestudio for stmicroelectronics stm32 lite 2.3.0/armtools/bin/../lib/gcc/arm-atollic-eabi/4.5.1/../../../../arm-atollic-eabi/lib/thumb/cortex-m4/fpv4-sp-d16\libc.a(lib_a-mprec.o)
                0x0800abd6                __mdiff
 .text.__d2b    0x0800ac9c       0xbe c:/program files (x86)/atollic/truestudio for stmicroelectronics stm32 lite 2.3.0/armtools/bin/../lib/gcc/arm-atollic-eabi/4.5.1/../../../../arm-atollic-eabi/lib/thumb/cortex-m4/fpv4-sp-d16\libc.a(lib_a-mprec.o)
                0x0800ac9c                __d2b
 *fill*         0x0800ad5a        0x2 00
 .text._sbrk_r  0x0800ad5c       0x24 c:/program files (x86)/atollic/truestudio for stmicroelectronics stm32 lite 2.3.0/armtools/bin/../lib/gcc/arm-atollic-eabi/4.5.1/../../../../arm-atollic-eabi/lib/thumb/cortex-m4/fpv4-sp-d16\libc.a(lib_a-sbrkr.o)
                0x0800ad5c                _sbrk_r
 .text.strlen   0x0800ad80       0x10 c:/program files (x86)/atollic/truestudio for stmicroelectronics stm32 lite 2.3.0/armtools/bin/../lib/gcc/arm-atollic-eabi/4.5.1/../../../../arm-atollic-eabi/lib/thumb/cortex-m4/fpv4-sp-d16\libc.a(lib_a-strlen.o)
                0x0800ad80                strlen
 .text.__ssprint_r
                0x0800ad90       0xf6 c:/program files (x86)/atollic/truestudio for stmicroelectronics stm32 lite 2.3.0/armtools/bin/../lib/gcc/arm-atollic-eabi/4.5.1/../../../../arm-atollic-eabi/lib/thumb/cortex-m4/fpv4-sp-d16\libc.a(lib_a-svfiprintf.o)
                0x0800ad90                __ssprint_r
 *fill*         0x0800ae86        0x2 00
 .text._sbrk    0x0800ae88       0x34 c:/program files (x86)/atollic/truestudio for stmicroelectronics stm32 lite 2.3.0/armtools/bin/../lib/gcc/arm-atollic-eabi/4.5.1/../../../../arm-atollic-eabi/lib/thumb/cortex-m4/fpv4-sp-d16\libc.a(lib_a-syscalls.o)
                0x0800ae88                _sbrk
 .text._calloc_r
                0x0800aebc       0x58 c:/program files (x86)/atollic/truestudio for stmicroelectronics stm32 lite 2.3.0/armtools/bin/../lib/gcc/arm-atollic-eabi/4.5.1/../../../../arm-atollic-eabi/lib/thumb/cortex-m4/fpv4-sp-d16\libc.a(lib_a-callocr.o)
                0x0800aebc                _calloc_r
 .text._malloc_trim_r
                0x0800af14       0x94 c:/program files (x86)/atollic/truestudio for stmicroelectronics stm32 lite 2.3.0/armtools/bin/../lib/gcc/arm-atollic-eabi/4.5.1/../../../../arm-atollic-eabi/lib/thumb/cortex-m4/fpv4-sp-d16\libc.a(lib_a-freer.o)
                0x0800af14                _malloc_trim_r
 .text._free_r  0x0800afa8      0x180 c:/program files (x86)/atollic/truestudio for stmicroelectronics stm32 lite 2.3.0/armtools/bin/../lib/gcc/arm-atollic-eabi/4.5.1/../../../../arm-atollic-eabi/lib/thumb/cortex-m4/fpv4-sp-d16\libc.a(lib_a-freer.o)
                0x0800afa8                _free_r
 .text.memmove  0x0800b128       0x34 c:/program files (x86)/atollic/truestudio for stmicroelectronics stm32 lite 2.3.0/armtools/bin/../lib/gcc/arm-atollic-eabi/4.5.1/../../../../arm-atollic-eabi/lib/thumb/cortex-m4/fpv4-sp-d16\libc.a(lib_a-memmove.o)
                0x0800b128                memmove
 .text.memset   0x0800b15c       0x12 c:/program files (x86)/atollic/truestudio for stmicroelectronics stm32 lite 2.3.0/armtools/bin/../lib/gcc/arm-atollic-eabi/4.5.1/../../../../arm-atollic-eabi/lib/thumb/cortex-m4/fpv4-sp-d16\libc.a(lib_a-memset.o)
                0x0800b15c                memset
 *fill*         0x0800b16e        0x2 00
 .text._realloc_r
                0x0800b170      0x2f8 c:/program files (x86)/atollic/truestudio for stmicroelectronics stm32 lite 2.3.0/armtools/bin/../lib/gcc/arm-atollic-eabi/4.5.1/../../../../arm-atollic-eabi/lib/thumb/cortex-m4/fpv4-sp-d16\libc.a(lib_a-reallocr.o)
                0x0800b170                _realloc_r
 *(.rodata)
 *(.rodata*)
 .rodata.str1.4
                0x0800b468      0x160 src\main.o
                                0x164 (size before relaxing)
 .rodata.str1.4
                0x0800b5c8       0x80 Libraries\IMU_Sensors\src\IMU_Calibration.o
                                 0x84 (size before relaxing)
 .rodata.str1.1
                0x0800b648        0x5 c:/program files (x86)/atollic/truestudio for stmicroelectronics stm32 lite 2.3.0/armtools/bin/../lib/gcc/arm-atollic-eabi/4.5.1/../../../../arm-atollic-eabi/lib/thumb/cortex-m4/fpv4-sp-d16\libm.a(lib_a-w_asin.o)
                                  0x6 (size before relaxing)
 .rodata.str1.1
                0x0800b64d        0x4 c:/program files (x86)/atollic/truestudio for stmicroelectronics stm32 lite 2.3.0/armtools/bin/../lib/gcc/arm-atollic-eabi/4.5.1/../../../../arm-atollic-eabi/lib/thumb/cortex-m4/fpv4-sp-d16\libm.a(lib_a-w_pow.o)
 .rodata.str1.1
                0x0800b651        0x5 c:/program files (x86)/atollic/truestudio for stmicroelectronics stm32 lite 2.3.0/armtools/bin/../lib/gcc/arm-atollic-eabi/4.5.1/../../../../arm-atollic-eabi/lib/thumb/cortex-m4/fpv4-sp-d16\libm.a(lib_a-w_sqrt.o)
 *fill*         0x0800b656        0x2 00
 .rodata.dp_h   0x0800b658       0x10 c:/program files (x86)/atollic/truestudio for stmicroelectronics stm32 lite 2.3.0/armtools/bin/../lib/gcc/arm-atollic-eabi/4.5.1/../../../../arm-atollic-eabi/lib/thumb/cortex-m4/fpv4-sp-d16\libm.a(lib_a-e_pow.o)
 .rodata.dp_l   0x0800b668       0x10 c:/program files (x86)/atollic/truestudio for stmicroelectronics stm32 lite 2.3.0/armtools/bin/../lib/gcc/arm-atollic-eabi/4.5.1/../../../../arm-atollic-eabi/lib/thumb/cortex-m4/fpv4-sp-d16\libm.a(lib_a-e_pow.o)
 .rodata.str1.1
                0x00000000        0x1 c:/program files (x86)/atollic/truestudio for stmicroelectronics stm32 lite 2.3.0/armtools/bin/../lib/gcc/arm-atollic-eabi/4.5.1/../../../../arm-atollic-eabi/lib/thumb/cortex-m4/fpv4-sp-d16\libm.a(lib_a-e_pow.o)
 .rodata.bp     0x0800b678       0x10 c:/program files (x86)/atollic/truestudio for stmicroelectronics stm32 lite 2.3.0/armtools/bin/../lib/gcc/arm-atollic-eabi/4.5.1/../../../../arm-atollic-eabi/lib/thumb/cortex-m4/fpv4-sp-d16\libm.a(lib_a-e_pow.o)
 .rodata.npio2_hw
                0x0800b688       0x80 c:/program files (x86)/atollic/truestudio for stmicroelectronics stm32 lite 2.3.0/armtools/bin/../lib/gcc/arm-atollic-eabi/4.5.1/../../../../arm-atollic-eabi/lib/thumb/cortex-m4/fpv4-sp-d16\libm.a(lib_a-e_rem_pio2.o)
 .rodata.two_over_pi
                0x0800b708      0x108 c:/program files (x86)/atollic/truestudio for stmicroelectronics stm32 lite 2.3.0/armtools/bin/../lib/gcc/arm-atollic-eabi/4.5.1/../../../../arm-atollic-eabi/lib/thumb/cortex-m4/fpv4-sp-d16\libm.a(lib_a-e_rem_pio2.o)
 .rodata.init_jk
                0x0800b810       0x10 c:/program files (x86)/atollic/truestudio for stmicroelectronics stm32 lite 2.3.0/armtools/bin/../lib/gcc/arm-atollic-eabi/4.5.1/../../../../arm-atollic-eabi/lib/thumb/cortex-m4/fpv4-sp-d16\libm.a(lib_a-k_rem_pio2.o)
 .rodata.PIo2   0x0800b820       0x40 c:/program files (x86)/atollic/truestudio for stmicroelectronics stm32 lite 2.3.0/armtools/bin/../lib/gcc/arm-atollic-eabi/4.5.1/../../../../arm-atollic-eabi/lib/thumb/cortex-m4/fpv4-sp-d16\libm.a(lib_a-k_rem_pio2.o)
 .rodata.atanlo
                0x0800b860       0x20 c:/program files (x86)/atollic/truestudio for stmicroelectronics stm32 lite 2.3.0/armtools/bin/../lib/gcc/arm-atollic-eabi/4.5.1/../../../../arm-atollic-eabi/lib/thumb/cortex-m4/fpv4-sp-d16\libm.a(lib_a-s_atan.o)
 .rodata.atanhi
                0x0800b880       0x20 c:/program files (x86)/atollic/truestudio for stmicroelectronics stm32 lite 2.3.0/armtools/bin/../lib/gcc/arm-atollic-eabi/4.5.1/../../../../arm-atollic-eabi/lib/thumb/cortex-m4/fpv4-sp-d16\libm.a(lib_a-s_atan.o)
 .rodata.TWO52  0x0800b8a0       0x10 c:/program files (x86)/atollic/truestudio for stmicroelectronics stm32 lite 2.3.0/armtools/bin/../lib/gcc/arm-atollic-eabi/4.5.1/../../../../arm-atollic-eabi/lib/thumb/cortex-m4/fpv4-sp-d16\libm.a(lib_a-s_rint.o)
 .rodata.str1.1
                0x0800b8b0        0x2 c:/program files (x86)/atollic/truestudio for stmicroelectronics stm32 lite 2.3.0/armtools/bin/../lib/gcc/arm-atollic-eabi/4.5.1/../../../../arm-atollic-eabi/lib/thumb/cortex-m4/fpv4-sp-d16\libc.a(lib_a-impure.o)
 .rodata.str1.1
                0x0800b8b2       0x34 c:/program files (x86)/atollic/truestudio for stmicroelectronics stm32 lite 2.3.0/armtools/bin/../lib/gcc/arm-atollic-eabi/4.5.1/../../../../arm-atollic-eabi/lib/thumb/cortex-m4/fpv4-sp-d16\libc.a(lib_a-svfprintf.o)
 .rodata.zeroes.3939
                0x0800b8e6       0x10 c:/program files (x86)/atollic/truestudio for stmicroelectronics stm32 lite 2.3.0/armtools/bin/../lib/gcc/arm-atollic-eabi/4.5.1/../../../../arm-atollic-eabi/lib/thumb/cortex-m4/fpv4-sp-d16\libc.a(lib_a-svfprintf.o)
 .rodata.blanks.3938
                0x0800b8f6       0x10 c:/program files (x86)/atollic/truestudio for stmicroelectronics stm32 lite 2.3.0/armtools/bin/../lib/gcc/arm-atollic-eabi/4.5.1/../../../../arm-atollic-eabi/lib/thumb/cortex-m4/fpv4-sp-d16\libc.a(lib_a-svfprintf.o)
 .rodata.str1.1
                0x0800b906        0xd c:/program files (x86)/atollic/truestudio for stmicroelectronics stm32 lite 2.3.0/armtools/bin/../lib/gcc/arm-atollic-eabi/4.5.1/../../../../arm-atollic-eabi/lib/thumb/cortex-m4/fpv4-sp-d16\libc.a(lib_a-dtoa.o)
                                  0xf (size before relaxing)
 .rodata.str1.1
                0x0800b913        0x8 c:/program files (x86)/atollic/truestudio for stmicroelectronics stm32 lite 2.3.0/armtools/bin/../lib/gcc/arm-atollic-eabi/4.5.1/../../../../arm-atollic-eabi/lib/thumb/cortex-m4/fpv4-sp-d16\libc.a(lib_a-locale.o)
                                  0xb (size before relaxing)
 *fill*         0x0800b91b        0x1 00
 .rodata.p05.2464
                0x0800b91c        0xc c:/program files (x86)/atollic/truestudio for stmicroelectronics stm32 lite 2.3.0/armtools/bin/../lib/gcc/arm-atollic-eabi/4.5.1/../../../../arm-atollic-eabi/lib/thumb/cortex-m4/fpv4-sp-d16\libc.a(lib_a-mprec.o)
 .rodata.__mprec_tens
                0x0800b928       0xc8 c:/program files (x86)/atollic/truestudio for stmicroelectronics stm32 lite 2.3.0/armtools/bin/../lib/gcc/arm-atollic-eabi/4.5.1/../../../../arm-atollic-eabi/lib/thumb/cortex-m4/fpv4-sp-d16\libc.a(lib_a-mprec.o)
                0x0800b928                __mprec_tens
 .rodata.__mprec_bigtens
                0x0800b9f0       0x28 c:/program files (x86)/atollic/truestudio for stmicroelectronics stm32 lite 2.3.0/armtools/bin/../lib/gcc/arm-atollic-eabi/4.5.1/../../../../arm-atollic-eabi/lib/thumb/cortex-m4/fpv4-sp-d16\libc.a(lib_a-mprec.o)
                0x0800b9f0                __mprec_bigtens
 *(.glue_7)
 .glue_7        0x00000000        0x0 linker stubs
 *(.glue_7t)
 .glue_7t       0x00000000        0x0 linker stubs
 *(.eh_frame)
 *(.init)
 .init          0x0800ba18        0x4 c:/program files (x86)/atollic/truestudio for stmicroelectronics stm32 lite 2.3.0/armtools/bin/../lib/gcc/arm-atollic-eabi/4.5.1/thumb/cortex-m4/fpv4-sp-d16/crti.o
                0x0800ba18                _init
 .init          0x0800ba1c        0x8 c:/program files (x86)/atollic/truestudio for stmicroelectronics stm32 lite 2.3.0/armtools/bin/../lib/gcc/arm-atollic-eabi/4.5.1/thumb/cortex-m4/fpv4-sp-d16/crtn.o
 *(.fini)
 .fini          0x0800ba24        0x4 c:/program files (x86)/atollic/truestudio for stmicroelectronics stm32 lite 2.3.0/armtools/bin/../lib/gcc/arm-atollic-eabi/4.5.1/thumb/cortex-m4/fpv4-sp-d16/crti.o
                0x0800ba24                _fini
 .fini          0x0800ba28        0x8 c:/program files (x86)/atollic/truestudio for stmicroelectronics stm32 lite 2.3.0/armtools/bin/../lib/gcc/arm-atollic-eabi/4.5.1/thumb/cortex-m4/fpv4-sp-d16/crtn.o
                0x0800ba30                . = ALIGN (0x4)
                0x0800ba30                _etext = .

.vfp11_veneer   0x0800ba30        0x0
 .vfp11_veneer  0x00000000        0x0 linker stubs

.v4_bx          0x0800ba30        0x0
 .v4_bx         0x00000000        0x0 linker stubs

.ARM.extab
 *(.ARM.extab* .gnu.linkonce.armextab.*)

.ARM            0x0800ba30        0x8
                0x0800ba30                __exidx_start = .
 *(.ARM.exidx*)
 .ARM.exidx     0x0800ba30        0x8 c:/program files (x86)/atollic/truestudio for stmicroelectronics stm32 lite 2.3.0/armtools/bin/../lib/gcc/arm-atollic-eabi/4.5.1/thumb/cortex-m4/fpv4-sp-d16\libgcc.a(_divdi3.o)
 .ARM.exidx     0x0800ba38        0x0 c:/program files (x86)/atollic/truestudio for stmicroelectronics stm32 lite 2.3.0/armtools/bin/../lib/gcc/arm-atollic-eabi/4.5.1/thumb/cortex-m4/fpv4-sp-d16\libgcc.a(_udivdi3.o)
                                  0x8 (size before relaxing)
                0x0800ba38                __exidx_end = .

.preinit_array  0x0800ba38        0x0
                0x0800ba38                PROVIDE (__preinit_array_start, .)
 *(.preinit_array*)
                0x0800ba38                PROVIDE (__preinit_array_end, .)

.init_array     0x0800ba38        0x4
                0x0800ba38                PROVIDE (__init_array_start, .)
 *(SORT(.init_array.*))
 *(.init_array*)
 .init_array    0x0800ba38        0x4 c:/program files (x86)/atollic/truestudio for stmicroelectronics stm32 lite 2.3.0/armtools/bin/../lib/gcc/arm-atollic-eabi/4.5.1/thumb/cortex-m4/fpv4-sp-d16/crtbegin.o
                0x0800ba3c                PROVIDE (__init_array_end, .)

.fini_array     0x0800ba3c        0x4
                0x0800ba3c                PROVIDE (__fini_array_start, .)
 *(.fini_array*)
 .fini_array    0x0800ba3c        0x4 c:/program files (x86)/atollic/truestudio for stmicroelectronics stm32 lite 2.3.0/armtools/bin/../lib/gcc/arm-atollic-eabi/4.5.1/thumb/cortex-m4/fpv4-sp-d16/crtbegin.o
 *(SORT(.fini_array.*))
                0x0800ba40                PROVIDE (__fini_array_end, .)
                0x0800ba40                _sidata = .

.data           0x20000000      0x5a0 load address 0x0800ba40
                0x20000000                . = ALIGN (0x4)
                0x20000000                _sdata = .
 *(.data)
 *(.data*)
 .data.SystemCoreClock
                0x20000000        0x4 src\system_stm32f4xx.o
                0x20000000                SystemCoreClock
 .data.APBAHBPrescTable
                0x20000004       0x10 Libraries\STM32F4xx_StdPeriph_Driver\src\stm32f4xx_rcc.o
 .data.IMU_TimeOut
                0x20000014        0x4 Libraries\IMU_Sensors\src\IMU_I2C.o
                0x20000014                IMU_TimeOut
 .data.Update_Matrix
                0x20000018       0x24 Libraries\IMU_Sensors\src\IMU_DCM.o
                0x20000018                Update_Matrix
 .data.DCM_Matrix
                0x2000003c       0x24 Libraries\IMU_Sensors\src\IMU_DCM.o
                0x2000003c                DCM_Matrix
 .data.__fdlib_version
                0x20000060        0x1 c:/program files (x86)/atollic/truestudio for stmicroelectronics stm32 lite 2.3.0/armtools/bin/../lib/gcc/arm-atollic-eabi/4.5.1/../../../../arm-atollic-eabi/lib/thumb/cortex-m4/fpv4-sp-d16\libm.a(lib_a-s_lib_ver.o)
                0x20000060                __fdlib_version
 *fill*         0x20000061        0x3 00
 .data.impure_data
                0x20000064       0xf0 c:/program files (x86)/atollic/truestudio for stmicroelectronics stm32 lite 2.3.0/armtools/bin/../lib/gcc/arm-atollic-eabi/4.5.1/../../../../arm-atollic-eabi/lib/thumb/cortex-m4/fpv4-sp-d16\libc.a(lib_a-impure.o)
 .data._impure_ptr
                0x20000154        0x4 c:/program files (x86)/atollic/truestudio for stmicroelectronics stm32 lite 2.3.0/armtools/bin/../lib/gcc/arm-atollic-eabi/4.5.1/../../../../arm-atollic-eabi/lib/thumb/cortex-m4/fpv4-sp-d16\libc.a(lib_a-impure.o)
                0x20000154                _impure_ptr
 .data.lconv    0x20000158       0x38 c:/program files (x86)/atollic/truestudio for stmicroelectronics stm32 lite 2.3.0/armtools/bin/../lib/gcc/arm-atollic-eabi/4.5.1/../../../../arm-atollic-eabi/lib/thumb/cortex-m4/fpv4-sp-d16\libc.a(lib_a-locale.o)
 .data.__malloc_av_
                0x20000190      0x408 c:/program files (x86)/atollic/truestudio for stmicroelectronics stm32 lite 2.3.0/armtools/bin/../lib/gcc/arm-atollic-eabi/4.5.1/../../../../arm-atollic-eabi/lib/thumb/cortex-m4/fpv4-sp-d16\libc.a(lib_a-mallocr.o)
                0x20000190                __malloc_av_
 .data.__malloc_trim_threshold
                0x20000598        0x4 c:/program files (x86)/atollic/truestudio for stmicroelectronics stm32 lite 2.3.0/armtools/bin/../lib/gcc/arm-atollic-eabi/4.5.1/../../../../arm-atollic-eabi/lib/thumb/cortex-m4/fpv4-sp-d16\libc.a(lib_a-mallocr.o)
                0x20000598                __malloc_trim_threshold
 .data.__malloc_sbrk_base
                0x2000059c        0x4 c:/program files (x86)/atollic/truestudio for stmicroelectronics stm32 lite 2.3.0/armtools/bin/../lib/gcc/arm-atollic-eabi/4.5.1/../../../../arm-atollic-eabi/lib/thumb/cortex-m4/fpv4-sp-d16\libc.a(lib_a-mallocr.o)
                0x2000059c                __malloc_sbrk_base
                0x200005a0                . = ALIGN (0x4)
                0x200005a0                _edata = .

.jcr            0x200005a0        0x0 load address 0x0800bfe0
 .jcr           0x200005a0        0x0 c:/program files (x86)/atollic/truestudio for stmicroelectronics stm32 lite 2.3.0/armtools/bin/../lib/gcc/arm-atollic-eabi/4.5.1/thumb/cortex-m4/fpv4-sp-d16/crtbegin.o
                0x200005a0                . = ALIGN (0x4)

.bss            0x200005a0      0x3e0 load address 0x0800bfe0
                0x200005a0                _sbss = .
                0x200005a0                __bss_start__ = _sbss
 *(.bss)
 .bss           0x200005a0        0x1 c:/program files (x86)/atollic/truestudio for stmicroelectronics stm32 lite 2.3.0/armtools/bin/../lib/gcc/arm-atollic-eabi/4.5.1/thumb/cortex-m4/fpv4-sp-d16/crtbegin.o
 *(.bss*)
 .bss.SendIMUData
                0x200005a1        0x1 src\main.o
                0x200005a1                SendIMUData
 .bss.Serial_RxCounter
                0x200005a2        0x2 Libraries\Serial\src\Serial.o
                0x200005a2                Serial_RxCounter
 .bss.PID_Enabled
                0x200005a4        0x1 Libraries\PID\src\PID.o
                0x200005a4                PID_Enabled
 *fill*         0x200005a5        0x1 00
 .bss.IMU_gyroSampleCount
                0x200005a6        0x2 Libraries\IMU_Sensors\src\IMU_Sensors.o
                0x200005a6                IMU_gyroSampleCount
 .bss.IMU_accelerometerSampleCount
                0x200005a8        0x2 Libraries\IMU_Sensors\src\IMU_Sensors.o
                0x200005a8                IMU_accelerometerSampleCount
 .bss.IMU_magnetometerSampleCount
                0x200005aa        0x2 Libraries\IMU_Sensors\src\IMU_Sensors.o
                0x200005aa                IMU_magnetometerSampleCount
 .bss.Temporary_Matrix
                0x200005ac       0x24 Libraries\IMU_Sensors\src\IMU_DCM.o
                0x200005ac                Temporary_Matrix
 .bss.IMU_Yaw_Offset
                0x200005d0        0x4 Libraries\IMU_Sensors\src\IMU_DCM.o
                0x200005d0                IMU_Yaw_Offset
 .bss.IMU_Roll_Offset
                0x200005d4        0x4 Libraries\IMU_Sensors\src\IMU_DCM.o
                0x200005d4                IMU_Roll_Offset
 .bss.Omega     0x200005d8        0xc Libraries\IMU_Sensors\src\IMU_DCM.o
                0x200005d8                Omega
 .bss.Omega_Vector
                0x200005e4        0xc Libraries\IMU_Sensors\src\IMU_DCM.o
                0x200005e4                Omega_Vector
 .bss.Gyro_Vector
                0x200005f0        0xc Libraries\IMU_Sensors\src\IMU_DCM.o
                0x200005f0                Gyro_Vector
 .bss.errorYaw  0x200005fc        0xc Libraries\IMU_Sensors\src\IMU_DCM.o
                0x200005fc                errorYaw
 .bss.IMU_Pitch_Offset
                0x20000608        0x4 Libraries\IMU_Sensors\src\IMU_DCM.o
                0x20000608                IMU_Pitch_Offset
 .bss.Scaled_Omega_I
                0x2000060c        0xc Libraries\IMU_Sensors\src\IMU_DCM.o
 .bss.Omega_I   0x20000618        0xc Libraries\IMU_Sensors\src\IMU_DCM.o
                0x20000618                Omega_I
 .bss.Accel_Vector
                0x20000624        0xc Libraries\IMU_Sensors\src\IMU_DCM.o
                0x20000624                Accel_Vector
 .bss.errorRollPitch
                0x20000630        0xc Libraries\IMU_Sensors\src\IMU_DCM.o
                0x20000630                errorRollPitch
 .bss.Scaled_Omega_P
                0x2000063c        0xc Libraries\IMU_Sensors\src\IMU_DCM.o
 .bss.Omega_P   0x20000648        0xc Libraries\IMU_Sensors\src\IMU_DCM.o
                0x20000648                Omega_P
 .bss.IMU_Do_Calculations
                0x20000654        0x1 Libraries\IMU_Sensors\src\IMU.o
                0x20000654                IMU_Do_Calculations
 *fill*         0x20000655        0x3 00
 .bss.ESC_Motor_Values
                0x20000658        0x8 Libraries\ESC\src\ESC.o
                0x20000658                ESC_Motor_Values
 .bss.MicrosCounter
                0x20000660        0x4 Libraries\Delay\Delay.o
                0x20000660                MicrosCounter
 .bss.__malloc_max_total_mem
                0x20000664        0x4 c:/program files (x86)/atollic/truestudio for stmicroelectronics stm32 lite 2.3.0/armtools/bin/../lib/gcc/arm-atollic-eabi/4.5.1/../../../../arm-atollic-eabi/lib/thumb/cortex-m4/fpv4-sp-d16\libc.a(lib_a-mallocr.o)
                0x20000664                __malloc_max_total_mem
 .bss.__malloc_max_sbrked_mem
                0x20000668        0x4 c:/program files (x86)/atollic/truestudio for stmicroelectronics stm32 lite 2.3.0/armtools/bin/../lib/gcc/arm-atollic-eabi/4.5.1/../../../../arm-atollic-eabi/lib/thumb/cortex-m4/fpv4-sp-d16\libc.a(lib_a-mallocr.o)
                0x20000668                __malloc_max_sbrked_mem
 .bss.__malloc_top_pad
                0x2000066c        0x4 c:/program files (x86)/atollic/truestudio for stmicroelectronics stm32 lite 2.3.0/armtools/bin/../lib/gcc/arm-atollic-eabi/4.5.1/../../../../arm-atollic-eabi/lib/thumb/cortex-m4/fpv4-sp-d16\libc.a(lib_a-mallocr.o)
                0x2000066c                __malloc_top_pad
 .bss.__malloc_current_mallinfo
                0x20000670       0x28 c:/program files (x86)/atollic/truestudio for stmicroelectronics stm32 lite 2.3.0/armtools/bin/../lib/gcc/arm-atollic-eabi/4.5.1/../../../../arm-atollic-eabi/lib/thumb/cortex-m4/fpv4-sp-d16\libc.a(lib_a-mallocr.o)
                0x20000670                __malloc_current_mallinfo
 .bss.heap_end.2323
                0x20000698        0x4 c:/program files (x86)/atollic/truestudio for stmicroelectronics stm32 lite 2.3.0/armtools/bin/../lib/gcc/arm-atollic-eabi/4.5.1/../../../../arm-atollic-eabi/lib/thumb/cortex-m4/fpv4-sp-d16\libc.a(lib_a-syscalls.o)
 *(COMMON)
 COMMON         0x2000069c       0x40 src\main.o
                0x2000069c                mainI
                0x2000069e                tmpInteger
                0x200006a0                TimeBefore_IMU_Task
                0x200006a4                tmpFloat
                0x200006a8                State
                0x200006ac                Number
                0x200006b0                TimeBefore_SendIMUData_Task
                0x200006b4                SendBuffer
                0x200006bc                ReceiveBuffer
                0x200006c4                OutputArray
 COMMON         0x200006dc       0xc8 Libraries\Serial\src\Serial.o
                0x200006dc                Serial_RxBuffer
                0x20000740                GlobalStringBuffer
 COMMON         0x200007a4       0xb0 Libraries\PID\src\PID.o
                0x200007a4                PID_RollVar
                0x200007d8                PID_RC
                0x200007dc                QuadCopter
                0x200007ec                PID_YawVar
                0x20000820                PID_PitchVar
 COMMON         0x20000854       0x50 Libraries\IMU_Sensors\src\IMU_Sensors.o
                0x20000854                IMU_gyroSamples
                0x20000860                IMU_accelerometerSamples
                0x2000086c                IMU_I2C_ReceiveBuffer
                0x20000874                IMU_magnetom
                0x20000880                IMU_magnetometerSamples
                0x2000088c                IMU_gyro
                0x20000898                IMU_accel
 COMMON         0x200008a4       0x4c Libraries\IMU_Sensors\src\IMU_DCM.o
                0x200008a4                IMU_Yaw_Final
                0x200008a8                cos_pitch
                0x200008ac                IMU_Pitch
                0x200008b0                mag_x
                0x200008b4                MAG_Heading
                0x200008b8                IMU_Roll
                0x200008bc                sin_pitch
                0x200008c0                Accel_magnitude
                0x200008c4                IMU_Roll_Final
                0x200008c8                mag_y
                0x200008cc                errorCourse
                0x200008d0                IMU_Yaw
                0x200008d4                mag_heading_y
                0x200008d8                Accel_weight
                0x200008dc                sin_roll
                0x200008e0                mag_heading_x
                0x200008e4                IMU_Pitch_Final
                0x200008e8                G_Dt
                0x200008ec                cos_roll
 COMMON         0x200008f0       0x5c Libraries\IMU_Sensors\src\IMU_Calibration.o
                0x200008f0                GyroOffsetX
                0x200008f4                gyro_average
                0x20000900                CalibrationPaused
                0x20000904                AccelerometerOffsetX
                0x20000908                GyroOffsetZ
                0x2000090c                GyroOffsetY
                0x20000910                CalibrationStep
                0x20000914                AccelerometerOffsetY
                0x20000918                accel_max
                0x20000920                accel_min
                0x20000928                MagnetometerOffsetY
                0x2000092c                magnetom_min
                0x20000934                magnetom_max
                0x2000093c                MagnetometerOffsetZ
                0x20000940                AccelerometerOffsetZ
                0x20000944                MagnetometerOffsetX
                0x20000948                gyro_num_samples
 COMMON         0x2000094c       0x22 Libraries\IMU_Sensors\src\IMU.o
                0x2000094c                IMU_Average
                0x20000964                IMU_TimeStamp_Old
                0x20000968                IMU_TimeStamp
                0x2000096c                IMU_TimeStepus
 COMMON         0x2000096e        0x4 Libraries\ESC\src\ESC.o
                0x2000096e                PeriodValue
                0x20000970                PrescalerValue
 *fill*         0x20000972        0x2 00
 COMMON         0x20000974        0x8 Libraries\Delay\Delay.o
                0x20000974                TimingDelayus1
                0x20000978                TimingDelayus2
 COMMON         0x2000097c        0x4 c:/program files (x86)/atollic/truestudio for stmicroelectronics stm32 lite 2.3.0/armtools/bin/../lib/gcc/arm-atollic-eabi/4.5.1/../../../../arm-atollic-eabi/lib/thumb/cortex-m4/fpv4-sp-d16\libc.a(lib_a-reent.o)
                0x2000097c                errno
                0x20000980                . = ALIGN (0x4)
                0x20000980                _ebss = .
                0x20000980                __bss_end__ = _ebss

._user_heap_stack
                0x20000980      0x400 load address 0x0800bfe0
                0x20000980                . = ALIGN (0x4)
                0x20000980                PROVIDE (end, .)
                0x20000980                PROVIDE (_end, .)
                0x20000980                . = (. + _Min_Heap_Size)
                0x20000d80                . = (. + _Min_Stack_Size)
 *fill*         0x20000980      0x400 00
                0x20000d80                . = ALIGN (0x4)

.memory_b1_text
 *(.mb1text)
 *(.mb1text*)
 *(.mb1rodata)
 *(.mb1rodata*)

/DISCARD/
 libc.a(*)
 libm.a(*)
 libgcc.a(*)

.ARM.attributes
                0x00000000       0x33
 *(.ARM.attributes)
 .ARM.attributes
                0x00000000       0x27 c:/program files (x86)/atollic/truestudio for stmicroelectronics stm32 lite 2.3.0/armtools/bin/../lib/gcc/arm-atollic-eabi/4.5.1/thumb/cortex-m4/fpv4-sp-d16/crti.o
 .ARM.attributes
                0x00000027       0x31 c:/program files (x86)/atollic/truestudio for stmicroelectronics stm32 lite 2.3.0/armtools/bin/../lib/gcc/arm-atollic-eabi/4.5.1/thumb/cortex-m4/fpv4-sp-d16/crtbegin.o
 .ARM.attributes
                0x00000058       0x37 src\system_stm32f4xx.o
 .ARM.attributes
                0x0000008f       0x37 src\stm32f4xx_it.o
 .ARM.attributes
                0x000000c6       0x21 src\startup_stm32f4xx.o
 .ARM.attributes
                0x000000e7       0x37 src\main.o
 .ARM.attributes
                0x0000011e       0x37 Libraries\nRF24\src\nRF24_SPI.o
 .ARM.attributes
                0x00000155       0x37 Libraries\nRF24\src\nRF24_Package.o
 .ARM.attributes
                0x0000018c       0x37 Libraries\nRF24\src\nRF24.o
 .ARM.attributes
                0x000001c3       0x37 Libraries\Ultrasonic_Sensor\src\Ultrasonic_Sensor.o
 .ARM.attributes
                0x000001fa       0x37 Libraries\Serial\src\Serial.o
 .ARM.attributes
                0x00000231       0x37 Libraries\STM32F4xx_StdPeriph_Driver\src\stm32f4xx_wwdg.o
 .ARM.attributes
                0x00000268       0x37 Libraries\STM32F4xx_StdPeriph_Driver\src\stm32f4xx_usart.o
 .ARM.attributes
                0x0000029f       0x37 Libraries\STM32F4xx_StdPeriph_Driver\src\stm32f4xx_tim.o
 .ARM.attributes
                0x000002d6       0x37 Libraries\STM32F4xx_StdPeriph_Driver\src\stm32f4xx_syscfg.o
 .ARM.attributes
                0x0000030d       0x37 Libraries\STM32F4xx_StdPeriph_Driver\src\stm32f4xx_spi.o
 .ARM.attributes
                0x00000344       0x37 Libraries\STM32F4xx_StdPeriph_Driver\src\stm32f4xx_sdio.o
 .ARM.attributes
                0x0000037b       0x37 Libraries\STM32F4xx_StdPeriph_Driver\src\stm32f4xx_rtc.o
 .ARM.attributes
                0x000003b2       0x37 Libraries\STM32F4xx_StdPeriph_Driver\src\stm32f4xx_rng.o
 .ARM.attributes
                0x000003e9       0x37 Libraries\STM32F4xx_StdPeriph_Driver\src\stm32f4xx_rcc.o
 .ARM.attributes
                0x00000420       0x37 Libraries\STM32F4xx_StdPeriph_Driver\src\stm32f4xx_pwr.o
 .ARM.attributes
                0x00000457       0x37 Libraries\STM32F4xx_StdPeriph_Driver\src\stm32f4xx_iwdg.o
 .ARM.attributes
                0x0000048e       0x37 Libraries\STM32F4xx_StdPeriph_Driver\src\stm32f4xx_i2c.o
 .ARM.attributes
                0x000004c5       0x37 Libraries\STM32F4xx_StdPeriph_Driver\src\stm32f4xx_hash_sha1.o
 .ARM.attributes
                0x000004fc       0x37 Libraries\STM32F4xx_StdPeriph_Driver\src\stm32f4xx_hash_md5.o
 .ARM.attributes
                0x00000533       0x37 Libraries\STM32F4xx_StdPeriph_Driver\src\stm32f4xx_hash.o
 .ARM.attributes
                0x0000056a       0x37 Libraries\STM32F4xx_StdPeriph_Driver\src\stm32f4xx_gpio.o
 .ARM.attributes
                0x000005a1       0x37 Libraries\STM32F4xx_StdPeriph_Driver\src\stm32f4xx_fsmc.o
 .ARM.attributes
                0x000005d8       0x37 Libraries\STM32F4xx_StdPeriph_Driver\src\stm32f4xx_flash.o
 .ARM.attributes
                0x0000060f       0x37 Libraries\STM32F4xx_StdPeriph_Driver\src\stm32f4xx_exti.o
 .ARM.attributes
                0x00000646       0x37 Libraries\STM32F4xx_StdPeriph_Driver\src\stm32f4xx_dma.o
 .ARM.attributes
                0x0000067d       0x37 Libraries\STM32F4xx_StdPeriph_Driver\src\stm32f4xx_dcmi.o
 .ARM.attributes
                0x000006b4       0x37 Libraries\STM32F4xx_StdPeriph_Driver\src\stm32f4xx_dbgmcu.o
 .ARM.attributes
                0x000006eb       0x37 Libraries\STM32F4xx_StdPeriph_Driver\src\stm32f4xx_dac.o
 .ARM.attributes
                0x00000722       0x37 Libraries\STM32F4xx_StdPeriph_Driver\src\stm32f4xx_cryp_tdes.o
 .ARM.attributes
                0x00000759       0x37 Libraries\STM32F4xx_StdPeriph_Driver\src\stm32f4xx_cryp_des.o
 .ARM.attributes
                0x00000790       0x37 Libraries\STM32F4xx_StdPeriph_Driver\src\stm32f4xx_cryp_aes.o
 .ARM.attributes
                0x000007c7       0x37 Libraries\STM32F4xx_StdPeriph_Driver\src\stm32f4xx_cryp.o
 .ARM.attributes
                0x000007fe       0x37 Libraries\STM32F4xx_StdPeriph_Driver\src\stm32f4xx_crc.o
 .ARM.attributes
                0x00000835       0x37 Libraries\STM32F4xx_StdPeriph_Driver\src\stm32f4xx_can.o
 .ARM.attributes
                0x0000086c       0x37 Libraries\STM32F4xx_StdPeriph_Driver\src\stm32f4xx_adc.o
 .ARM.attributes
                0x000008a3       0x37 Libraries\STM32F4xx_StdPeriph_Driver\src\misc.o
 .ARM.attributes
                0x000008da       0x37 Libraries\PID\src\PID.o
 .ARM.attributes
                0x00000911       0x37 Libraries\IO_Devices\src\IO_Devices.o
 .ARM.attributes
                0x00000948       0x37 Libraries\IMU_Sensors\src\IMU_Vectors.o
 .ARM.attributes
                0x0000097f       0x37 Libraries\IMU_Sensors\src\IMU_Sensors.o
 .ARM.attributes
                0x000009b6       0x37 Libraries\IMU_Sensors\src\IMU_I2C.o
 .ARM.attributes
                0x000009ed       0x37 Libraries\IMU_Sensors\src\IMU_DCM.o
 .ARM.attributes
                0x00000a24       0x37 Libraries\IMU_Sensors\src\IMU_Calibration.o
 .ARM.attributes
                0x00000a5b       0x37 Libraries\IMU_Sensors\src\IMU.o
 .ARM.attributes
                0x00000a92       0x37 Libraries\ESC\src\ESC.o
 .ARM.attributes
                0x00000ac9       0x37 Libraries\Delay\Delay.o
 .ARM.attributes
                0x00000b00       0x37 Libraries\BMP085\src\BMP085.o
 .ARM.attributes
                0x00000b37       0x31 c:/program files (x86)/atollic/truestudio for stmicroelectronics stm32 lite 2.3.0/armtools/bin/../lib/gcc/arm-atollic-eabi/4.5.1/../../../../arm-atollic-eabi/lib/thumb/cortex-m4/fpv4-sp-d16\libm.a(lib_a-s_cos.o)
 .ARM.attributes
                0x00000b68       0x31 c:/program files (x86)/atollic/truestudio for stmicroelectronics stm32 lite 2.3.0/armtools/bin/../lib/gcc/arm-atollic-eabi/4.5.1/../../../../arm-atollic-eabi/lib/thumb/cortex-m4/fpv4-sp-d16\libm.a(lib_a-s_sin.o)
 .ARM.attributes
                0x00000b99       0x31 c:/program files (x86)/atollic/truestudio for stmicroelectronics stm32 lite 2.3.0/armtools/bin/../lib/gcc/arm-atollic-eabi/4.5.1/../../../../arm-atollic-eabi/lib/thumb/cortex-m4/fpv4-sp-d16\libm.a(lib_a-w_asin.o)
 .ARM.attributes
                0x00000bca       0x31 c:/program files (x86)/atollic/truestudio for stmicroelectronics stm32 lite 2.3.0/armtools/bin/../lib/gcc/arm-atollic-eabi/4.5.1/../../../../arm-atollic-eabi/lib/thumb/cortex-m4/fpv4-sp-d16\libm.a(lib_a-w_atan2.o)
 .ARM.attributes
                0x00000bfb       0x31 c:/program files (x86)/atollic/truestudio for stmicroelectronics stm32 lite 2.3.0/armtools/bin/../lib/gcc/arm-atollic-eabi/4.5.1/../../../../arm-atollic-eabi/lib/thumb/cortex-m4/fpv4-sp-d16\libm.a(lib_a-w_pow.o)
 .ARM.attributes
                0x00000c2c       0x31 c:/program files (x86)/atollic/truestudio for stmicroelectronics stm32 lite 2.3.0/armtools/bin/../lib/gcc/arm-atollic-eabi/4.5.1/../../../../arm-atollic-eabi/lib/thumb/cortex-m4/fpv4-sp-d16\libm.a(lib_a-w_sqrt.o)
 .ARM.attributes
                0x00000c5d       0x31 c:/program files (x86)/atollic/truestudio for stmicroelectronics stm32 lite 2.3.0/armtools/bin/../lib/gcc/arm-atollic-eabi/4.5.1/../../../../arm-atollic-eabi/lib/thumb/cortex-m4/fpv4-sp-d16\libm.a(lib_a-e_asin.o)
 .ARM.attributes
                0x00000c8e       0x31 c:/program files (x86)/atollic/truestudio for stmicroelectronics stm32 lite 2.3.0/armtools/bin/../lib/gcc/arm-atollic-eabi/4.5.1/../../../../arm-atollic-eabi/lib/thumb/cortex-m4/fpv4-sp-d16\libm.a(lib_a-e_atan2.o)
 .ARM.attributes
                0x00000cbf       0x31 c:/program files (x86)/atollic/truestudio for stmicroelectronics stm32 lite 2.3.0/armtools/bin/../lib/gcc/arm-atollic-eabi/4.5.1/../../../../arm-atollic-eabi/lib/thumb/cortex-m4/fpv4-sp-d16\libm.a(lib_a-e_pow.o)
 .ARM.attributes
                0x00000cf0       0x31 c:/program files (x86)/atollic/truestudio for stmicroelectronics stm32 lite 2.3.0/armtools/bin/../lib/gcc/arm-atollic-eabi/4.5.1/../../../../arm-atollic-eabi/lib/thumb/cortex-m4/fpv4-sp-d16\libm.a(lib_a-e_rem_pio2.o)
 .ARM.attributes
                0x00000d21       0x31 c:/program files (x86)/atollic/truestudio for stmicroelectronics stm32 lite 2.3.0/armtools/bin/../lib/gcc/arm-atollic-eabi/4.5.1/../../../../arm-atollic-eabi/lib/thumb/cortex-m4/fpv4-sp-d16\libm.a(lib_a-e_sqrt.o)
 .ARM.attributes
                0x00000d52       0x31 c:/program files (x86)/atollic/truestudio for stmicroelectronics stm32 lite 2.3.0/armtools/bin/../lib/gcc/arm-atollic-eabi/4.5.1/../../../../arm-atollic-eabi/lib/thumb/cortex-m4/fpv4-sp-d16\libm.a(lib_a-k_cos.o)
 .ARM.attributes
                0x00000d83       0x31 c:/program files (x86)/atollic/truestudio for stmicroelectronics stm32 lite 2.3.0/armtools/bin/../lib/gcc/arm-atollic-eabi/4.5.1/../../../../arm-atollic-eabi/lib/thumb/cortex-m4/fpv4-sp-d16\libm.a(lib_a-k_rem_pio2.o)
 .ARM.attributes
                0x00000db4       0x31 c:/program files (x86)/atollic/truestudio for stmicroelectronics stm32 lite 2.3.0/armtools/bin/../lib/gcc/arm-atollic-eabi/4.5.1/../../../../arm-atollic-eabi/lib/thumb/cortex-m4/fpv4-sp-d16\libm.a(lib_a-k_sin.o)
 .ARM.attributes
                0x00000de5       0x31 c:/program files (x86)/atollic/truestudio for stmicroelectronics stm32 lite 2.3.0/armtools/bin/../lib/gcc/arm-atollic-eabi/4.5.1/../../../../arm-atollic-eabi/lib/thumb/cortex-m4/fpv4-sp-d16\libm.a(lib_a-s_atan.o)
 .ARM.attributes
                0x00000e16       0x31 c:/program files (x86)/atollic/truestudio for stmicroelectronics stm32 lite 2.3.0/armtools/bin/../lib/gcc/arm-atollic-eabi/4.5.1/../../../../arm-atollic-eabi/lib/thumb/cortex-m4/fpv4-sp-d16\libm.a(lib_a-s_fabs.o)
 .ARM.attributes
                0x00000e47       0x31 c:/program files (x86)/atollic/truestudio for stmicroelectronics stm32 lite 2.3.0/armtools/bin/../lib/gcc/arm-atollic-eabi/4.5.1/../../../../arm-atollic-eabi/lib/thumb/cortex-m4/fpv4-sp-d16\libm.a(lib_a-s_finite.o)
 .ARM.attributes
                0x00000e78       0x31 c:/program files (x86)/atollic/truestudio for stmicroelectronics stm32 lite 2.3.0/armtools/bin/../lib/gcc/arm-atollic-eabi/4.5.1/../../../../arm-atollic-eabi/lib/thumb/cortex-m4/fpv4-sp-d16\libm.a(lib_a-s_floor.o)
 .ARM.attributes
                0x00000ea9       0x31 c:/program files (x86)/atollic/truestudio for stmicroelectronics stm32 lite 2.3.0/armtools/bin/../lib/gcc/arm-atollic-eabi/4.5.1/../../../../arm-atollic-eabi/lib/thumb/cortex-m4/fpv4-sp-d16\libm.a(lib_a-s_fpclassify.o)
 .ARM.attributes
                0x00000eda       0x31 c:/program files (x86)/atollic/truestudio for stmicroelectronics stm32 lite 2.3.0/armtools/bin/../lib/gcc/arm-atollic-eabi/4.5.1/../../../../arm-atollic-eabi/lib/thumb/cortex-m4/fpv4-sp-d16\libm.a(lib_a-s_lib_ver.o)
 .ARM.attributes
                0x00000f0b       0x31 c:/program files (x86)/atollic/truestudio for stmicroelectronics stm32 lite 2.3.0/armtools/bin/../lib/gcc/arm-atollic-eabi/4.5.1/../../../../arm-atollic-eabi/lib/thumb/cortex-m4/fpv4-sp-d16\libm.a(lib_a-s_matherr.o)
 .ARM.attributes
                0x00000f3c       0x31 c:/program files (x86)/atollic/truestudio for stmicroelectronics stm32 lite 2.3.0/armtools/bin/../lib/gcc/arm-atollic-eabi/4.5.1/../../../../arm-atollic-eabi/lib/thumb/cortex-m4/fpv4-sp-d16\libm.a(lib_a-s_nan.o)
 .ARM.attributes
                0x00000f6d       0x31 c:/program files (x86)/atollic/truestudio for stmicroelectronics stm32 lite 2.3.0/armtools/bin/../lib/gcc/arm-atollic-eabi/4.5.1/../../../../arm-atollic-eabi/lib/thumb/cortex-m4/fpv4-sp-d16\libm.a(lib_a-s_rint.o)
 .ARM.attributes
                0x00000f9e       0x31 c:/program files (x86)/atollic/truestudio for stmicroelectronics stm32 lite 2.3.0/armtools/bin/../lib/gcc/arm-atollic-eabi/4.5.1/../../../../arm-atollic-eabi/lib/thumb/cortex-m4/fpv4-sp-d16\libm.a(lib_a-s_scalbn.o)
 .ARM.attributes
                0x00000fcf       0x31 c:/program files (x86)/atollic/truestudio for stmicroelectronics stm32 lite 2.3.0/armtools/bin/../lib/gcc/arm-atollic-eabi/4.5.1/../../../../arm-atollic-eabi/lib/thumb/cortex-m4/fpv4-sp-d16\libm.a(lib_a-s_copysign.o)
 .ARM.attributes
                0x00001000       0x29 c:/program files (x86)/atollic/truestudio for stmicroelectronics stm32 lite 2.3.0/armtools/bin/../lib/gcc/arm-atollic-eabi/4.5.1/thumb/cortex-m4/fpv4-sp-d16\libgcc.a(_arm_addsubdf3.o)
 .ARM.attributes
                0x00001029       0x29 c:/program files (x86)/atollic/truestudio for stmicroelectronics stm32 lite 2.3.0/armtools/bin/../lib/gcc/arm-atollic-eabi/4.5.1/thumb/cortex-m4/fpv4-sp-d16\libgcc.a(_arm_muldivdf3.o)
 .ARM.attributes
                0x00001052       0x29 c:/program files (x86)/atollic/truestudio for stmicroelectronics stm32 lite 2.3.0/armtools/bin/../lib/gcc/arm-atollic-eabi/4.5.1/thumb/cortex-m4/fpv4-sp-d16\libgcc.a(_arm_cmpdf2.o)
 .ARM.attributes
                0x0000107b       0x29 c:/program files (x86)/atollic/truestudio for stmicroelectronics stm32 lite 2.3.0/armtools/bin/../lib/gcc/arm-atollic-eabi/4.5.1/thumb/cortex-m4/fpv4-sp-d16\libgcc.a(_arm_fixdfsi.o)
 .ARM.attributes
                0x000010a4       0x29 c:/program files (x86)/atollic/truestudio for stmicroelectronics stm32 lite 2.3.0/armtools/bin/../lib/gcc/arm-atollic-eabi/4.5.1/thumb/cortex-m4/fpv4-sp-d16\libgcc.a(_arm_fixunsdfsi.o)
 .ARM.attributes
                0x000010cd       0x29 c:/program files (x86)/atollic/truestudio for stmicroelectronics stm32 lite 2.3.0/armtools/bin/../lib/gcc/arm-atollic-eabi/4.5.1/thumb/cortex-m4/fpv4-sp-d16\libgcc.a(_arm_truncdfsf2.o)
 .ARM.attributes
                0x000010f6       0x31 c:/program files (x86)/atollic/truestudio for stmicroelectronics stm32 lite 2.3.0/armtools/bin/../lib/gcc/arm-atollic-eabi/4.5.1/../../../../arm-atollic-eabi/lib/thumb/cortex-m4/fpv4-sp-d16\libc.a(lib_a-errno.o)
 .ARM.attributes
                0x00001127       0x31 c:/program files (x86)/atollic/truestudio for stmicroelectronics stm32 lite 2.3.0/armtools/bin/../lib/gcc/arm-atollic-eabi/4.5.1/../../../../arm-atollic-eabi/lib/thumb/cortex-m4/fpv4-sp-d16\libc.a(lib_a-impure.o)
 .ARM.attributes
                0x00001158       0x31 c:/program files (x86)/atollic/truestudio for stmicroelectronics stm32 lite 2.3.0/armtools/bin/../lib/gcc/arm-atollic-eabi/4.5.1/../../../../arm-atollic-eabi/lib/thumb/cortex-m4/fpv4-sp-d16\libc.a(lib_a-init.o)
 .ARM.attributes
                0x00001189       0x31 c:/program files (x86)/atollic/truestudio for stmicroelectronics stm32 lite 2.3.0/armtools/bin/../lib/gcc/arm-atollic-eabi/4.5.1/../../../../arm-atollic-eabi/lib/thumb/cortex-m4/fpv4-sp-d16\libc.a(lib_a-memcpy.o)
 .ARM.attributes
                0x000011ba       0x31 c:/program files (x86)/atollic/truestudio for stmicroelectronics stm32 lite 2.3.0/armtools/bin/../lib/gcc/arm-atollic-eabi/4.5.1/../../../../arm-atollic-eabi/lib/thumb/cortex-m4/fpv4-sp-d16\libc.a(lib_a-sprintf.o)
 .ARM.attributes
                0x000011eb       0x31 c:/program files (x86)/atollic/truestudio for stmicroelectronics stm32 lite 2.3.0/armtools/bin/../lib/gcc/arm-atollic-eabi/4.5.1/../../../../arm-atollic-eabi/lib/thumb/cortex-m4/fpv4-sp-d16\libc.a(lib_a-svfprintf.o)
 .ARM.attributes
                0x0000121c       0x31 c:/program files (x86)/atollic/truestudio for stmicroelectronics stm32 lite 2.3.0/armtools/bin/../lib/gcc/arm-atollic-eabi/4.5.1/../../../../arm-atollic-eabi/lib/thumb/cortex-m4/fpv4-sp-d16\libc.a(lib_a-dtoa.o)
 .ARM.attributes
                0x0000124d       0x31 c:/program files (x86)/atollic/truestudio for stmicroelectronics stm32 lite 2.3.0/armtools/bin/../lib/gcc/arm-atollic-eabi/4.5.1/../../../../arm-atollic-eabi/lib/thumb/cortex-m4/fpv4-sp-d16\libc.a(lib_a-locale.o)
 .ARM.attributes
                0x0000127e       0x31 c:/program files (x86)/atollic/truestudio for stmicroelectronics stm32 lite 2.3.0/armtools/bin/../lib/gcc/arm-atollic-eabi/4.5.1/../../../../arm-atollic-eabi/lib/thumb/cortex-m4/fpv4-sp-d16\libc.a(lib_a-malloc.o)
 .ARM.attributes
                0x000012af       0x31 c:/program files (x86)/atollic/truestudio for stmicroelectronics stm32 lite 2.3.0/armtools/bin/../lib/gcc/arm-atollic-eabi/4.5.1/../../../../arm-atollic-eabi/lib/thumb/cortex-m4/fpv4-sp-d16\libc.a(lib_a-mallocr.o)
 .ARM.attributes
                0x000012e0       0x31 c:/program files (x86)/atollic/truestudio for stmicroelectronics stm32 lite 2.3.0/armtools/bin/../lib/gcc/arm-atollic-eabi/4.5.1/../../../../arm-atollic-eabi/lib/thumb/cortex-m4/fpv4-sp-d16\libc.a(lib_a-memchr.o)
 .ARM.attributes
                0x00001311       0x31 c:/program files (x86)/atollic/truestudio for stmicroelectronics stm32 lite 2.3.0/armtools/bin/../lib/gcc/arm-atollic-eabi/4.5.1/../../../../arm-atollic-eabi/lib/thumb/cortex-m4/fpv4-sp-d16\libc.a(lib_a-mlock.o)
 .ARM.attributes
                0x00001342       0x31 c:/program files (x86)/atollic/truestudio for stmicroelectronics stm32 lite 2.3.0/armtools/bin/../lib/gcc/arm-atollic-eabi/4.5.1/../../../../arm-atollic-eabi/lib/thumb/cortex-m4/fpv4-sp-d16\libc.a(lib_a-mprec.o)
 .ARM.attributes
                0x00001373       0x31 c:/program files (x86)/atollic/truestudio for stmicroelectronics stm32 lite 2.3.0/armtools/bin/../lib/gcc/arm-atollic-eabi/4.5.1/../../../../arm-atollic-eabi/lib/thumb/cortex-m4/fpv4-sp-d16\libc.a(lib_a-sbrkr.o)
 .ARM.attributes
                0x000013a4       0x31 c:/program files (x86)/atollic/truestudio for stmicroelectronics stm32 lite 2.3.0/armtools/bin/../lib/gcc/arm-atollic-eabi/4.5.1/../../../../arm-atollic-eabi/lib/thumb/cortex-m4/fpv4-sp-d16\libc.a(lib_a-strcmp.o)
 .ARM.attributes
                0x000013d5       0x31 c:/program files (x86)/atollic/truestudio for stmicroelectronics stm32 lite 2.3.0/armtools/bin/../lib/gcc/arm-atollic-eabi/4.5.1/../../../../arm-atollic-eabi/lib/thumb/cortex-m4/fpv4-sp-d16\libc.a(lib_a-strlen.o)
 .ARM.attributes
                0x00001406       0x31 c:/program files (x86)/atollic/truestudio for stmicroelectronics stm32 lite 2.3.0/armtools/bin/../lib/gcc/arm-atollic-eabi/4.5.1/../../../../arm-atollic-eabi/lib/thumb/cortex-m4/fpv4-sp-d16\libc.a(lib_a-svfiprintf.o)
 .ARM.attributes
                0x00001437       0x31 c:/program files (x86)/atollic/truestudio for stmicroelectronics stm32 lite 2.3.0/armtools/bin/../lib/gcc/arm-atollic-eabi/4.5.1/../../../../arm-atollic-eabi/lib/thumb/cortex-m4/fpv4-sp-d16\libc.a(lib_a-syscalls.o)
 .ARM.attributes